make: Nothing to be done for 'all'.
make disk0.cow
make[1]: Entering directory '/home/hariram/Desktop/computer-systems/CS5600/starter-cow'
make[1]: 'disk0.cow' is up to date.
make[1]: Leaving directory '/home/hariram/Desktop/computer-systems/CS5600/starter-cow'
./cowmount -s -f mnt disk0.cow
+ storage_stat(/)
+ storage_stat(/); inode 1
node{mode: 40755, size: 0, pinum: 0, count: 1}
getattr(/) -> (0) {mode: 40755, size: 0}
1.path in cow : /
+ storage_stat(/)
+ storage_stat(/); inode 1
node{mode: 40755, size: 0, pinum: 0, count: 1}
+ directory_list()
path in dirlist : /
result of path=1
root
looking for a
node{mode: 40755, size: 0, pinum: 0, count: 1}
 - 1: a [1]
looking for b
node{mode: 40755, size: 0, pinum: 1, count: 2}
looking for hek.txt
node{mode: 100644, size: 0, pinum: 2, count: 0}
looking for c
node{mode: 40755, size: 0, pinum: 2, count: 0}
looking for root.txt
node{mode: 100644, size: 0, pinum: 0, count: 0}
 - 5: root.txt [5]
+ looking at path: 'root.txt'
+ storage_stat(/root.txt)
looking for root.txt
+ storage_stat(/root.txt); inode 5
node{mode: 100644, size: 0, pinum: 0, count: 0}
+ looking at path: 'a'
+ storage_stat(/a)
looking for a
+ storage_stat(/a); inode 1
node{mode: 40755, size: 0, pinum: 0, count: 1}
readdir(/) -> 0
+ storage_stat(/)
+ storage_stat(/); inode 1
node{mode: 40755, size: 0, pinum: 0, count: 1}
getattr(/) -> (0) {mode: 40755, size: 0}
1.path in cow : /
+ storage_stat(/)
+ storage_stat(/); inode 1
node{mode: 40755, size: 0, pinum: 0, count: 1}
+ directory_list()
path in dirlist : /
result of path=1
root
looking for a
node{mode: 40755, size: 0, pinum: 0, count: 1}
 - 1: a [1]
looking for b
node{mode: 40755, size: 0, pinum: 1, count: 2}
looking for hek.txt
node{mode: 100644, size: 0, pinum: 2, count: 0}
looking for c
node{mode: 40755, size: 0, pinum: 2, count: 0}
looking for root.txt
node{mode: 100644, size: 0, pinum: 0, count: 0}
 - 5: root.txt [5]
+ looking at path: 'root.txt'
+ storage_stat(/root.txt)
looking for root.txt
+ storage_stat(/root.txt); inode 5
node{mode: 100644, size: 0, pinum: 0, count: 0}
+ looking at path: 'a'
+ storage_stat(/a)
looking for a
+ storage_stat(/a); inode 1
node{mode: 40755, size: 0, pinum: 0, count: 1}
readdir(/) -> 0
+ storage_stat(/)
+ storage_stat(/); inode 1
node{mode: 40755, size: 0, pinum: 0, count: 1}
getattr(/) -> (0) {mode: 40755, size: 0}
1.path in cow : /
+ storage_stat(/)
+ storage_stat(/); inode 1
node{mode: 40755, size: 0, pinum: 0, count: 1}
+ directory_list()
path in dirlist : /
result of path=1
root
looking for a
node{mode: 40755, size: 0, pinum: 0, count: 1}
 - 1: a [1]
looking for b
node{mode: 40755, size: 0, pinum: 1, count: 2}
looking for hek.txt
node{mode: 100644, size: 0, pinum: 2, count: 0}
looking for c
node{mode: 40755, size: 0, pinum: 2, count: 0}
looking for root.txt
node{mode: 100644, size: 0, pinum: 0, count: 0}
 - 5: root.txt [5]
+ looking at path: 'root.txt'
+ storage_stat(/root.txt)
looking for root.txt
+ storage_stat(/root.txt); inode 5
node{mode: 100644, size: 0, pinum: 0, count: 0}
+ looking at path: 'a'
+ storage_stat(/a)
looking for a
+ storage_stat(/a); inode 1
node{mode: 40755, size: 0, pinum: 0, count: 1}
readdir(/) -> 0
+ storage_stat(/)
+ storage_stat(/); inode 1
node{mode: 40755, size: 0, pinum: 0, count: 1}
getattr(/) -> (0) {mode: 40755, size: 0}
1.path in cow : /
+ storage_stat(/)
+ storage_stat(/); inode 1
node{mode: 40755, size: 0, pinum: 0, count: 1}
+ directory_list()
path in dirlist : /
result of path=1
root
looking for a
node{mode: 40755, size: 0, pinum: 0, count: 1}
 - 1: a [1]
looking for b
node{mode: 40755, size: 0, pinum: 1, count: 2}
looking for hek.txt
node{mode: 100644, size: 0, pinum: 2, count: 0}
looking for c
node{mode: 40755, size: 0, pinum: 2, count: 0}
looking for root.txt
node{mode: 100644, size: 0, pinum: 0, count: 0}
 - 5: root.txt [5]
+ looking at path: 'root.txt'
+ storage_stat(/root.txt)
looking for root.txt
+ storage_stat(/root.txt); inode 5
node{mode: 100644, size: 0, pinum: 0, count: 0}
+ looking at path: 'a'
+ storage_stat(/a)
looking for a
+ storage_stat(/a); inode 1
node{mode: 40755, size: 0, pinum: 0, count: 1}
readdir(/) -> 0
+ storage_stat(/)
+ storage_stat(/); inode 1
node{mode: 40755, size: 0, pinum: 0, count: 1}
getattr(/) -> (0) {mode: 40755, size: 0}
1.path in cow : /
+ storage_stat(/)
+ storage_stat(/); inode 1
node{mode: 40755, size: 0, pinum: 0, count: 1}
+ directory_list()
path in dirlist : /
result of path=1
root
looking for a
node{mode: 40755, size: 0, pinum: 0, count: 1}
 - 1: a [1]
looking for b
node{mode: 40755, size: 0, pinum: 1, count: 2}
looking for hek.txt
node{mode: 100644, size: 0, pinum: 2, count: 0}
looking for c
node{mode: 40755, size: 0, pinum: 2, count: 0}
looking for root.txt
node{mode: 100644, size: 0, pinum: 0, count: 0}
 - 5: root.txt [5]
+ looking at path: 'root.txt'
+ storage_stat(/root.txt)
looking for root.txt
+ storage_stat(/root.txt); inode 5
node{mode: 100644, size: 0, pinum: 0, count: 0}
+ looking at path: 'a'
+ storage_stat(/a)
looking for a
+ storage_stat(/a); inode 1
node{mode: 40755, size: 0, pinum: 0, count: 1}
readdir(/) -> 0
+ storage_stat(/)
+ storage_stat(/); inode 1
node{mode: 40755, size: 0, pinum: 0, count: 1}
getattr(/) -> (0) {mode: 40755, size: 0}
1.path in cow : /
+ storage_stat(/)
+ storage_stat(/); inode 1
node{mode: 40755, size: 0, pinum: 0, count: 1}
+ directory_list()
path in dirlist : /
result of path=1
root
looking for a
node{mode: 40755, size: 0, pinum: 0, count: 1}
 - 1: a [1]
looking for b
node{mode: 40755, size: 0, pinum: 1, count: 2}
looking for hek.txt
node{mode: 100644, size: 0, pinum: 2, count: 0}
looking for c
node{mode: 40755, size: 0, pinum: 2, count: 0}
looking for root.txt
node{mode: 100644, size: 0, pinum: 0, count: 0}
 - 5: root.txt [5]
+ looking at path: 'root.txt'
+ storage_stat(/root.txt)
looking for root.txt
+ storage_stat(/root.txt); inode 5
node{mode: 100644, size: 0, pinum: 0, count: 0}
+ looking at path: 'a'
+ storage_stat(/a)
looking for a
+ storage_stat(/a); inode 1
node{mode: 40755, size: 0, pinum: 0, count: 1}
readdir(/) -> 0
+ storage_stat(/)
+ storage_stat(/); inode 1
node{mode: 40755, size: 0, pinum: 0, count: 1}
getattr(/) -> (0) {mode: 40755, size: 0}
1.path in cow : /
+ storage_stat(/)
+ storage_stat(/); inode 1
node{mode: 40755, size: 0, pinum: 0, count: 1}
+ directory_list()
path in dirlist : /
result of path=1
root
looking for a
node{mode: 40755, size: 0, pinum: 0, count: 1}
 - 1: a [1]
looking for b
node{mode: 40755, size: 0, pinum: 1, count: 2}
looking for hek.txt
node{mode: 100644, size: 0, pinum: 2, count: 0}
looking for c
node{mode: 40755, size: 0, pinum: 2, count: 0}
looking for root.txt
node{mode: 100644, size: 0, pinum: 0, count: 0}
 - 5: root.txt [5]
+ looking at path: 'root.txt'
+ storage_stat(/root.txt)
looking for root.txt
+ storage_stat(/root.txt); inode 5
node{mode: 100644, size: 0, pinum: 0, count: 0}
+ looking at path: 'a'
+ storage_stat(/a)
looking for a
+ storage_stat(/a); inode 1
node{mode: 40755, size: 0, pinum: 0, count: 1}
readdir(/) -> 0
+ storage_stat(/)
+ storage_stat(/); inode 1
node{mode: 40755, size: 0, pinum: 0, count: 1}
getattr(/) -> (0) {mode: 40755, size: 0}
1.path in cow : /
+ storage_stat(/)
+ storage_stat(/); inode 1
node{mode: 40755, size: 0, pinum: 0, count: 1}
+ directory_list()
path in dirlist : /
result of path=1
root
looking for a
node{mode: 40755, size: 0, pinum: 0, count: 1}
 - 1: a [1]
looking for b
node{mode: 40755, size: 0, pinum: 1, count: 2}
looking for hek.txt
node{mode: 100644, size: 0, pinum: 2, count: 0}
looking for c
node{mode: 40755, size: 0, pinum: 2, count: 0}
looking for root.txt
node{mode: 100644, size: 0, pinum: 0, count: 0}
 - 5: root.txt [5]
+ looking at path: 'root.txt'
+ storage_stat(/root.txt)
looking for root.txt
+ storage_stat(/root.txt); inode 5
node{mode: 100644, size: 0, pinum: 0, count: 0}
+ looking at path: 'a'
+ storage_stat(/a)
looking for a
+ storage_stat(/a); inode 1
node{mode: 40755, size: 0, pinum: 0, count: 1}
readdir(/) -> 0
+ storage_stat(/)
+ storage_stat(/); inode 1
node{mode: 40755, size: 0, pinum: 0, count: 1}
getattr(/) -> (0) {mode: 40755, size: 0}
1.path in cow : /
+ storage_stat(/)
+ storage_stat(/); inode 1
node{mode: 40755, size: 0, pinum: 0, count: 1}
+ directory_list()
path in dirlist : /
result of path=1
root
looking for a
node{mode: 40755, size: 0, pinum: 0, count: 1}
 - 1: a [1]
looking for b
node{mode: 40755, size: 0, pinum: 1, count: 2}
looking for hek.txt
node{mode: 100644, size: 0, pinum: 2, count: 0}
looking for c
node{mode: 40755, size: 0, pinum: 2, count: 0}
looking for root.txt
node{mode: 100644, size: 0, pinum: 0, count: 0}
 - 5: root.txt [5]
+ looking at path: 'root.txt'
+ storage_stat(/root.txt)
looking for root.txt
+ storage_stat(/root.txt); inode 5
node{mode: 100644, size: 0, pinum: 0, count: 0}
+ looking at path: 'a'
+ storage_stat(/a)
looking for a
+ storage_stat(/a); inode 1
node{mode: 40755, size: 0, pinum: 0, count: 1}
readdir(/) -> 0
+ storage_stat(/)
+ storage_stat(/); inode 1
node{mode: 40755, size: 0, pinum: 0, count: 1}
getattr(/) -> (0) {mode: 40755, size: 0}
1.path in cow : /
+ storage_stat(/)
+ storage_stat(/); inode 1
node{mode: 40755, size: 0, pinum: 0, count: 1}
+ directory_list()
path in dirlist : /
result of path=1
root
looking for a
node{mode: 40755, size: 0, pinum: 0, count: 1}
 - 1: a [1]
looking for b
node{mode: 40755, size: 0, pinum: 1, count: 2}
looking for hek.txt
node{mode: 100644, size: 0, pinum: 2, count: 0}
looking for c
node{mode: 40755, size: 0, pinum: 2, count: 0}
looking for root.txt
node{mode: 100644, size: 0, pinum: 0, count: 0}
 - 5: root.txt [5]
+ looking at path: 'root.txt'
+ storage_stat(/root.txt)
looking for root.txt
+ storage_stat(/root.txt); inode 5
node{mode: 100644, size: 0, pinum: 0, count: 0}
+ looking at path: 'a'
+ storage_stat(/a)
looking for a
+ storage_stat(/a); inode 1
node{mode: 40755, size: 0, pinum: 0, count: 1}
readdir(/) -> 0
+ storage_stat(/)
+ storage_stat(/); inode 1
node{mode: 40755, size: 0, pinum: 0, count: 1}
getattr(/) -> (0) {mode: 40755, size: 0}
1.path in cow : /
+ storage_stat(/)
+ storage_stat(/); inode 1
node{mode: 40755, size: 0, pinum: 0, count: 1}
+ directory_list()
path in dirlist : /
result of path=1
root
looking for a
node{mode: 40755, size: 0, pinum: 0, count: 1}
 - 1: a [1]
looking for b
node{mode: 40755, size: 0, pinum: 1, count: 2}
looking for hek.txt
node{mode: 100644, size: 0, pinum: 2, count: 0}
looking for c
node{mode: 40755, size: 0, pinum: 2, count: 0}
looking for root.txt
node{mode: 100644, size: 0, pinum: 0, count: 0}
 - 5: root.txt [5]
+ looking at path: 'root.txt'
+ storage_stat(/root.txt)
looking for root.txt
+ storage_stat(/root.txt); inode 5
node{mode: 100644, size: 0, pinum: 0, count: 0}
+ looking at path: 'a'
+ storage_stat(/a)
looking for a
+ storage_stat(/a); inode 1
node{mode: 40755, size: 0, pinum: 0, count: 1}
readdir(/) -> 0
+ storage_stat(/)
+ storage_stat(/); inode 1
node{mode: 40755, size: 0, pinum: 0, count: 1}
getattr(/) -> (0) {mode: 40755, size: 0}
1.path in cow : /
+ storage_stat(/)
+ storage_stat(/); inode 1
node{mode: 40755, size: 0, pinum: 0, count: 1}
+ directory_list()
path in dirlist : /
result of path=1
root
looking for a
node{mode: 40755, size: 0, pinum: 0, count: 1}
 - 1: a [1]
looking for b
node{mode: 40755, size: 0, pinum: 1, count: 2}
looking for hek.txt
node{mode: 100644, size: 0, pinum: 2, count: 0}
looking for c
node{mode: 40755, size: 0, pinum: 2, count: 0}
looking for root.txt
node{mode: 100644, size: 0, pinum: 0, count: 0}
 - 5: root.txt [5]
+ looking at path: 'root.txt'
+ storage_stat(/root.txt)
looking for root.txt
+ storage_stat(/root.txt); inode 5
node{mode: 100644, size: 0, pinum: 0, count: 0}
+ looking at path: 'a'
+ storage_stat(/a)
looking for a
+ storage_stat(/a); inode 1
node{mode: 40755, size: 0, pinum: 0, count: 1}
readdir(/) -> 0
+ storage_stat(/)
+ storage_stat(/); inode 1
node{mode: 40755, size: 0, pinum: 0, count: 1}
getattr(/) -> (0) {mode: 40755, size: 0}
1.path in cow : /
+ storage_stat(/)
+ storage_stat(/); inode 1
node{mode: 40755, size: 0, pinum: 0, count: 1}
+ directory_list()
path in dirlist : /
result of path=1
root
looking for a
node{mode: 40755, size: 0, pinum: 0, count: 1}
 - 1: a [1]
looking for b
node{mode: 40755, size: 0, pinum: 1, count: 2}
looking for hek.txt
node{mode: 100644, size: 0, pinum: 2, count: 0}
looking for c
node{mode: 40755, size: 0, pinum: 2, count: 0}
looking for root.txt
node{mode: 100644, size: 0, pinum: 0, count: 0}
 - 5: root.txt [5]
+ looking at path: 'root.txt'
+ storage_stat(/root.txt)
looking for root.txt
+ storage_stat(/root.txt); inode 5
node{mode: 100644, size: 0, pinum: 0, count: 0}
+ looking at path: 'a'
+ storage_stat(/a)
looking for a
+ storage_stat(/a); inode 1
node{mode: 40755, size: 0, pinum: 0, count: 1}
readdir(/) -> 0
+ storage_stat(/)
+ storage_stat(/); inode 1
node{mode: 40755, size: 0, pinum: 0, count: 1}
getattr(/) -> (0) {mode: 40755, size: 0}
1.path in cow : /
+ storage_stat(/)
+ storage_stat(/); inode 1
node{mode: 40755, size: 0, pinum: 0, count: 1}
+ directory_list()
path in dirlist : /
result of path=1
root
looking for a
node{mode: 40755, size: 0, pinum: 0, count: 1}
 - 1: a [1]
looking for b
node{mode: 40755, size: 0, pinum: 1, count: 2}
looking for hek.txt
node{mode: 100644, size: 0, pinum: 2, count: 0}
looking for c
node{mode: 40755, size: 0, pinum: 2, count: 0}
looking for root.txt
node{mode: 100644, size: 0, pinum: 0, count: 0}
 - 5: root.txt [5]
+ looking at path: 'root.txt'
+ storage_stat(/root.txt)
looking for root.txt
+ storage_stat(/root.txt); inode 5
node{mode: 100644, size: 0, pinum: 0, count: 0}
+ looking at path: 'a'
+ storage_stat(/a)
looking for a
+ storage_stat(/a); inode 1
node{mode: 40755, size: 0, pinum: 0, count: 1}
readdir(/) -> 0
+ storage_stat(/)
+ storage_stat(/); inode 1
node{mode: 40755, size: 0, pinum: 0, count: 1}
getattr(/) -> (0) {mode: 40755, size: 0}
1.path in cow : /
+ storage_stat(/)
+ storage_stat(/); inode 1
node{mode: 40755, size: 0, pinum: 0, count: 1}
+ directory_list()
path in dirlist : /
result of path=1
root
looking for a
node{mode: 40755, size: 0, pinum: 0, count: 1}
 - 1: a [1]
looking for b
node{mode: 40755, size: 0, pinum: 1, count: 2}
looking for hek.txt
node{mode: 100644, size: 0, pinum: 2, count: 0}
looking for c
node{mode: 40755, size: 0, pinum: 2, count: 0}
looking for root.txt
node{mode: 100644, size: 0, pinum: 0, count: 0}
 - 5: root.txt [5]
+ looking at path: 'root.txt'
+ storage_stat(/root.txt)
looking for root.txt
+ storage_stat(/root.txt); inode 5
node{mode: 100644, size: 0, pinum: 0, count: 0}
+ looking at path: 'a'
+ storage_stat(/a)
looking for a
+ storage_stat(/a); inode 1
node{mode: 40755, size: 0, pinum: 0, count: 1}
readdir(/) -> 0
+ storage_stat(/)
+ storage_stat(/); inode 1
node{mode: 40755, size: 0, pinum: 0, count: 1}
getattr(/) -> (0) {mode: 40755, size: 0}
1.path in cow : /
+ storage_stat(/)
+ storage_stat(/); inode 1
node{mode: 40755, size: 0, pinum: 0, count: 1}
+ directory_list()
path in dirlist : /
result of path=1
root
looking for a
node{mode: 40755, size: 0, pinum: 0, count: 1}
 - 1: a [1]
looking for b
node{mode: 40755, size: 0, pinum: 1, count: 2}
looking for hek.txt
node{mode: 100644, size: 0, pinum: 2, count: 0}
looking for c
node{mode: 40755, size: 0, pinum: 2, count: 0}
looking for root.txt
node{mode: 100644, size: 0, pinum: 0, count: 0}
 - 5: root.txt [5]
+ looking at path: 'root.txt'
+ storage_stat(/root.txt)
looking for root.txt
+ storage_stat(/root.txt); inode 5
node{mode: 100644, size: 0, pinum: 0, count: 0}
+ looking at path: 'a'
+ storage_stat(/a)
looking for a
+ storage_stat(/a); inode 1
node{mode: 40755, size: 0, pinum: 0, count: 1}
readdir(/) -> 0
+ storage_stat(/)
+ storage_stat(/); inode 1
node{mode: 40755, size: 0, pinum: 0, count: 1}
getattr(/) -> (0) {mode: 40755, size: 0}
1.path in cow : /
+ storage_stat(/)
+ storage_stat(/); inode 1
node{mode: 40755, size: 0, pinum: 0, count: 1}
+ directory_list()
path in dirlist : /
result of path=1
root
looking for a
node{mode: 40755, size: 0, pinum: 0, count: 1}
 - 1: a [1]
looking for b
node{mode: 40755, size: 0, pinum: 1, count: 2}
looking for hek.txt
node{mode: 100644, size: 0, pinum: 2, count: 0}
looking for c
node{mode: 40755, size: 0, pinum: 2, count: 0}
looking for root.txt
node{mode: 100644, size: 0, pinum: 0, count: 0}
 - 5: root.txt [5]
+ looking at path: 'root.txt'
+ storage_stat(/root.txt)
looking for root.txt
+ storage_stat(/root.txt); inode 5
node{mode: 100644, size: 0, pinum: 0, count: 0}
+ looking at path: 'a'
+ storage_stat(/a)
looking for a
+ storage_stat(/a); inode 1
node{mode: 40755, size: 0, pinum: 0, count: 1}
readdir(/) -> 0
+ storage_stat(/)
+ storage_stat(/); inode 1
node{mode: 40755, size: 0, pinum: 0, count: 1}
getattr(/) -> (0) {mode: 40755, size: 0}
1.path in cow : /
+ storage_stat(/)
+ storage_stat(/); inode 1
node{mode: 40755, size: 0, pinum: 0, count: 1}
+ directory_list()
path in dirlist : /
result of path=1
root
looking for a
node{mode: 40755, size: 0, pinum: 0, count: 1}
 - 1: a [1]
looking for b
node{mode: 40755, size: 0, pinum: 1, count: 2}
looking for hek.txt
node{mode: 100644, size: 0, pinum: 2, count: 0}
looking for c
node{mode: 40755, size: 0, pinum: 2, count: 0}
looking for root.txt
node{mode: 100644, size: 0, pinum: 0, count: 0}
 - 5: root.txt [5]
+ looking at path: 'root.txt'
+ storage_stat(/root.txt)
looking for root.txt
+ storage_stat(/root.txt); inode 5
node{mode: 100644, size: 0, pinum: 0, count: 0}
+ looking at path: 'a'
+ storage_stat(/a)
looking for a
+ storage_stat(/a); inode 1
node{mode: 40755, size: 0, pinum: 0, count: 1}
readdir(/) -> 0
+ storage_stat(/)
+ storage_stat(/); inode 1
node{mode: 40755, size: 0, pinum: 0, count: 1}
getattr(/) -> (0) {mode: 40755, size: 0}
1.path in cow : /
+ storage_stat(/)
+ storage_stat(/); inode 1
node{mode: 40755, size: 0, pinum: 0, count: 1}
+ directory_list()
path in dirlist : /
result of path=1
root
looking for a
node{mode: 40755, size: 0, pinum: 0, count: 1}
 - 1: a [1]
looking for b
node{mode: 40755, size: 0, pinum: 1, count: 2}
looking for hek.txt
node{mode: 100644, size: 0, pinum: 2, count: 0}
looking for c
node{mode: 40755, size: 0, pinum: 2, count: 0}
looking for root.txt
node{mode: 100644, size: 0, pinum: 0, count: 0}
 - 5: root.txt [5]
+ looking at path: 'root.txt'
+ storage_stat(/root.txt)
looking for root.txt
+ storage_stat(/root.txt); inode 5
node{mode: 100644, size: 0, pinum: 0, count: 0}
+ looking at path: 'a'
+ storage_stat(/a)
looking for a
+ storage_stat(/a); inode 1
node{mode: 40755, size: 0, pinum: 0, count: 1}
readdir(/) -> 0
+ storage_stat(/)
+ storage_stat(/); inode 1
node{mode: 40755, size: 0, pinum: 0, count: 1}
getattr(/) -> (0) {mode: 40755, size: 0}
1.path in cow : /
+ storage_stat(/)
+ storage_stat(/); inode 1
node{mode: 40755, size: 0, pinum: 0, count: 1}
+ directory_list()
path in dirlist : /
result of path=1
root
looking for a
node{mode: 40755, size: 0, pinum: 0, count: 1}
 - 1: a [1]
looking for b
node{mode: 40755, size: 0, pinum: 1, count: 2}
looking for hek.txt
node{mode: 100644, size: 0, pinum: 2, count: 0}
looking for c
node{mode: 40755, size: 0, pinum: 2, count: 0}
looking for root.txt
node{mode: 100644, size: 0, pinum: 0, count: 0}
 - 5: root.txt [5]
+ looking at path: 'root.txt'
+ storage_stat(/root.txt)
looking for root.txt
+ storage_stat(/root.txt); inode 5
node{mode: 100644, size: 0, pinum: 0, count: 0}
+ looking at path: 'a'
+ storage_stat(/a)
looking for a
+ storage_stat(/a); inode 1
node{mode: 40755, size: 0, pinum: 0, count: 1}
readdir(/) -> 0
+ storage_stat(/)
+ storage_stat(/); inode 1
node{mode: 40755, size: 0, pinum: 0, count: 1}
getattr(/) -> (0) {mode: 40755, size: 0}
1.path in cow : /
+ storage_stat(/)
+ storage_stat(/); inode 1
node{mode: 40755, size: 0, pinum: 0, count: 1}
+ directory_list()
path in dirlist : /
result of path=1
root
looking for a
node{mode: 40755, size: 0, pinum: 0, count: 1}
 - 1: a [1]
looking for b
node{mode: 40755, size: 0, pinum: 1, count: 2}
looking for hek.txt
node{mode: 100644, size: 0, pinum: 2, count: 0}
looking for c
node{mode: 40755, size: 0, pinum: 2, count: 0}
looking for root.txt
node{mode: 100644, size: 0, pinum: 0, count: 0}
 - 5: root.txt [5]
+ looking at path: 'root.txt'
+ storage_stat(/root.txt)
looking for root.txt
+ storage_stat(/root.txt); inode 5
node{mode: 100644, size: 0, pinum: 0, count: 0}
+ looking at path: 'a'
+ storage_stat(/a)
looking for a
+ storage_stat(/a); inode 1
node{mode: 40755, size: 0, pinum: 0, count: 1}
readdir(/) -> 0
+ storage_stat(/)
+ storage_stat(/); inode 1
node{mode: 40755, size: 0, pinum: 0, count: 1}
getattr(/) -> (0) {mode: 40755, size: 0}
1.path in cow : /
+ storage_stat(/)
+ storage_stat(/); inode 1
node{mode: 40755, size: 0, pinum: 0, count: 1}
+ directory_list()
path in dirlist : /
result of path=1
root
looking for a
node{mode: 40755, size: 0, pinum: 0, count: 1}
 - 1: a [1]
looking for b
node{mode: 40755, size: 0, pinum: 1, count: 2}
looking for hek.txt
node{mode: 100644, size: 0, pinum: 2, count: 0}
looking for c
node{mode: 40755, size: 0, pinum: 2, count: 0}
looking for root.txt
node{mode: 100644, size: 0, pinum: 0, count: 0}
 - 5: root.txt [5]
+ looking at path: 'root.txt'
+ storage_stat(/root.txt)
looking for root.txt
+ storage_stat(/root.txt); inode 5
node{mode: 100644, size: 0, pinum: 0, count: 0}
+ looking at path: 'a'
+ storage_stat(/a)
looking for a
+ storage_stat(/a); inode 1
node{mode: 40755, size: 0, pinum: 0, count: 1}
readdir(/) -> 0
+ storage_stat(/BDMV)
looking for BDMV
getattr(/BDMV) -> (-2) {mode: 0000, size: 0}
+ storage_stat(/.xdg-volume-info)
looking for .xdg-volume-info
getattr(/.xdg-volume-info) -> (-2) {mode: 0000, size: 0}
+ storage_stat(/autorun.inf)
looking for autorun.inf
getattr(/autorun.inf) -> (-2) {mode: 0000, size: 0}
+ storage_stat(/)
+ storage_stat(/); inode 1
node{mode: 40755, size: 0, pinum: 0, count: 1}
getattr(/) -> (0) {mode: 40755, size: 0}
1.path in cow : /
+ storage_stat(/)
+ storage_stat(/); inode 1
node{mode: 40755, size: 0, pinum: 0, count: 1}
+ directory_list()
path in dirlist : /
result of path=1
root
looking for a
node{mode: 40755, size: 0, pinum: 0, count: 1}
 - 1: a [1]
looking for b
node{mode: 40755, size: 0, pinum: 1, count: 2}
looking for hek.txt
node{mode: 100644, size: 0, pinum: 2, count: 0}
looking for c
node{mode: 40755, size: 0, pinum: 2, count: 0}
looking for root.txt
node{mode: 100644, size: 0, pinum: 0, count: 0}
 - 5: root.txt [5]
+ looking at path: 'root.txt'
+ storage_stat(/root.txt)
looking for root.txt
+ storage_stat(/root.txt); inode 5
node{mode: 100644, size: 0, pinum: 0, count: 0}
+ looking at path: 'a'
+ storage_stat(/a)
looking for a
+ storage_stat(/a); inode 1
node{mode: 40755, size: 0, pinum: 0, count: 1}
readdir(/) -> 0
+ storage_stat(/autorun.inf)
looking for autorun.inf
getattr(/autorun.inf) -> (-2) {mode: 0000, size: 0}
+ storage_stat(/)
+ storage_stat(/); inode 1
node{mode: 40755, size: 0, pinum: 0, count: 1}
getattr(/) -> (0) {mode: 40755, size: 0}
+ storage_stat(/one.txt)
looking for one.txt
getattr(/one.txt) -> (-2) {mode: 0000, size: 0}
directory name after copy = one.txt
looking for one.txt
***allocatiion of inode***
entering alloc inode
inum from ii is 6
+ alloc_page() -> 6
+ mknod create /one.txt [100644] - #6
***ending mknod and printing inode***
node{mode: 100644, size: 0, pinum: 0, count: 0}
+ dirent = 'one.txt'
node{mode: 100644, size: 0, pinum: 0, count: 0}
mknod(/one.txt, 100644) -> 0
+ storage_stat(/one.txt)
looking for one.txt
+ storage_stat(/one.txt); inode 6
node{mode: 100644, size: 0, pinum: 0, count: 0}
getattr(/one.txt) -> (0) {mode: 100644, size: 0}
access(/one.txt, 0000) -> 0
open(/one.txt) -> 0
ioctl(/one.txt, 21505, ...) -> -1
looking for one.txt
looking for one.txt
write(/one.txt, 11 bytes, @+0) -> 11
+ storage_stat(/one.txt)
looking for one.txt
+ storage_stat(/one.txt); inode 6
node{mode: 100644, size: 11, pinum: 0, count: 0}
getattr(/one.txt) -> (0) {mode: 100644, size: 11}
access(/one.txt, 0000) -> 0
open(/one.txt) -> 0
ioctl(/one.txt, 21505, ...) -> -1
storage_read called, buffer is

looking for one.txt
read(/one.txt, 4096 bytes, @+0) -> 4096
+ storage_stat(/one.txt)
looking for one.txt
+ storage_stat(/one.txt); inode 6
node{mode: 100644, size: 11, pinum: 0, count: 0}
getattr(/one.txt) -> (0) {mode: 100644, size: 11}
+ storage_stat(/two.txt)
looking for two.txt
getattr(/two.txt) -> (-2) {mode: 0000, size: 0}
directory name after copy = two.txt
looking for two.txt
***allocatiion of inode***
entering alloc inode
inum from ii is 7
+ alloc_page() -> 7
+ mknod create /two.txt [100644] - #7
***ending mknod and printing inode***
node{mode: 100644, size: 0, pinum: 0, count: 0}
+ dirent = 'two.txt'
node{mode: 100644, size: 0, pinum: 0, count: 0}
mknod(/two.txt, 100644) -> 0
+ storage_stat(/two.txt)
looking for two.txt
+ storage_stat(/two.txt); inode 7
node{mode: 100644, size: 0, pinum: 0, count: 0}
getattr(/two.txt) -> (0) {mode: 100644, size: 0}
+ storage_stat(/)
+ storage_stat(/); inode 1
node{mode: 40755, size: 0, pinum: 0, count: 1}
getattr(/) -> (0) {mode: 40755, size: 0}
access(/two.txt, 0000) -> 0
open(/two.txt) -> 0
ioctl(/two.txt, 21505, ...) -> -1
looking for two.txt
looking for two.txt
write(/two.txt, 11 bytes, @+0) -> 11
+ storage_stat(/two.txt)
looking for two.txt
+ storage_stat(/two.txt); inode 7
node{mode: 100644, size: 11, pinum: 0, count: 0}
getattr(/two.txt) -> (0) {mode: 100644, size: 11}
access(/two.txt, 0000) -> 0
open(/two.txt) -> 0
ioctl(/two.txt, 21505, ...) -> -1
storage_read called, buffer is

looking for two.txt
read(/two.txt, 4096 bytes, @+0) -> 4096
+ storage_stat(/two.txt)
looking for two.txt
+ storage_stat(/two.txt); inode 7
node{mode: 100644, size: 11, pinum: 0, count: 0}
getattr(/two.txt) -> (0) {mode: 100644, size: 11}
+ storage_stat(/)
+ storage_stat(/); inode 1
node{mode: 40755, size: 0, pinum: 0, count: 1}
getattr(/) -> (0) {mode: 40755, size: 0}
1.path in cow : /
+ storage_stat(/)
+ storage_stat(/); inode 1
node{mode: 40755, size: 0, pinum: 0, count: 1}
+ directory_list()
path in dirlist : /
result of path=1
root
looking for a
node{mode: 40755, size: 0, pinum: 0, count: 1}
 - 1: a [1]
looking for b
node{mode: 40755, size: 0, pinum: 1, count: 2}
looking for hek.txt
node{mode: 100644, size: 0, pinum: 2, count: 0}
looking for c
node{mode: 40755, size: 0, pinum: 2, count: 0}
looking for root.txt
node{mode: 100644, size: 0, pinum: 0, count: 0}
 - 5: root.txt [5]
looking for one.txt
node{mode: 100644, size: 11, pinum: 0, count: 0}
 - 6: one.txt [6]
looking for two.txt
node{mode: 100644, size: 11, pinum: 0, count: 0}
 - 7: two.txt [7]
+ looking at path: 'two.txt'
+ storage_stat(/two.txt)
looking for two.txt
+ storage_stat(/two.txt); inode 7
node{mode: 100644, size: 11, pinum: 0, count: 0}
+ looking at path: 'one.txt'
+ storage_stat(/one.txt)
looking for one.txt
+ storage_stat(/one.txt); inode 6
node{mode: 100644, size: 11, pinum: 0, count: 0}
+ looking at path: 'root.txt'
+ storage_stat(/root.txt)
looking for root.txt
+ storage_stat(/root.txt); inode 5
node{mode: 100644, size: 0, pinum: 0, count: 0}
+ looking at path: 'a'
+ storage_stat(/a)
looking for a
+ storage_stat(/a); inode 1
node{mode: 40755, size: 0, pinum: 0, count: 1}
readdir(/) -> 0
+ storage_stat(/2k.txt)
looking for 2k.txt
getattr(/2k.txt) -> (-2) {mode: 0000, size: 0}
directory name after copy = 2k.txt
looking for 2k.txt
***allocatiion of inode***
entering alloc inode
inum from ii is 8
+ alloc_page() -> 8
+ mknod create /2k.txt [100644] - #8
***ending mknod and printing inode***
node{mode: 100644, size: 0, pinum: 0, count: 0}
+ dirent = '2k.txt'
node{mode: 100644, size: 0, pinum: 0, count: 0}
mknod(/2k.txt, 100644) -> 0
+ storage_stat(/2k.txt)
looking for 2k.txt
+ storage_stat(/2k.txt); inode 8
node{mode: 100644, size: 0, pinum: 0, count: 0}
getattr(/2k.txt) -> (0) {mode: 100644, size: 0}
access(/2k.txt, 0000) -> 0
open(/2k.txt) -> 0
ioctl(/2k.txt, 21505, ...) -> -1
looking for 2k.txt
looking for 2k.txt
write(/2k.txt, 2001 bytes, @+0) -> 2001
access(/2k.txt, 0000) -> 0
open(/2k.txt) -> 0
ioctl(/2k.txt, 21505, ...) -> -1
+ storage_stat(/2k.txt)
looking for 2k.txt
+ storage_stat(/2k.txt); inode 8
node{mode: 100644, size: 2001, pinum: 0, count: 0}
getattr(/2k.txt) -> (0) {mode: 100644, size: 2001}
storage_read called, buffer is
hello, two

looking for 2k.txt
read(/2k.txt, 4096 bytes, @+0) -> 4096
+ storage_stat(/2k.txt)
looking for 2k.txt
+ storage_stat(/2k.txt); inode 8
node{mode: 100644, size: 2001, pinum: 0, count: 0}
getattr(/2k.txt) -> (0) {mode: 100644, size: 2001}
access(/2k.txt, 0000) -> 0
open(/2k.txt) -> 0
ioctl(/2k.txt, 21505, ...) -> -1
storage_read called, buffer is
=This string is fourty characters long.==This string is fourty characters long.==This string is fourty characters long.==This string is fourty characters long.==This string is fourty characters long.==This string is fourty characters long.==This string is fourty characters long.==This string is fourty characters long.==This string is fourty charafusermount -u mnt || true
cters long.==This string is fourty characters long.==This string is fourty characters long.==This string is fourty characters long.==This string is fourty characters long.==This string is fourty characters long.==This string is fourty characters long.==This string is fourty characters long.==This string is fourty characters long.==This string is fourty characters long.==This string is fourty characters long.==This string is fourty characters long.==This string is fourty characters long.==This string is fourty characters long.==This string is fourty characters long.==This string is fourty characters long.==This string is fourty characters long.==This string is fourty characters long.==This string is fourty characters long.==This string is fourty characters long.==This string is fourty characters long.==This string is fourty characters long.==This string is fourty characters long.==This string is fourty characters long.==This string is fourty characters long.==This string is fourty characters long.==This string is fourty characters long.==This string is fourty characters long.==This string is fourty characters long.==This string is fourty characters long.==This string is fourty characters long.==This string is fourty characters long.==This string is fourty characters long.==This string is fourty characters long.==This string is fourty characters long.==This string is fourty characters long.==This string is fourty characters long.==This string is fourty characters long.==This string is fourty characters long.==This string is fourty characters long.==This string is fourty characters long.==This string is fourty characters long.=

looking for 2k.txt
read(/2k.txt, 4096 bytes, @+0) -> 4096
+ storage_stat(/)
+ storage_stat(/); inode 1
node{mode: 40755, size: 0, pinum: 0, count: 1}
getattr(/) -> (0) {mode: 40755, size: 0}
make disk0.cow
make[1]: Entering directory '/home/hariram/Desktop/computer-systems/CS5600/starter-cow'
make[1]: 'disk0.cow' is up to date.
make[1]: Leaving directory '/home/hariram/Desktop/computer-systems/CS5600/starter-cow'
./cowmount -s -f mnt disk0.cow
+ storage_stat(/BDMV)
looking for BDMV
getattr(/BDMV) -> (-2) {mode: 0000, size: 0}
+ storage_stat(/)
+ storage_stat(/); inode 1
node{mode: 40755, size: 0, pinum: 0, count: 1}
getattr(/) -> (0) {mode: 40755, size: 0}
+ storage_stat(/.xdg-volume-info)
looking for .xdg-volume-info
getattr(/.xdg-volume-info) -> (-2) {mode: 0000, size: 0}
+ storage_stat(/autorun.inf)
looking for autorun.inf
getattr(/autorun.inf) -> (-2) {mode: 0000, size: 0}
1.path in cow : /
+ storage_stat(/)
+ storage_stat(/); inode 1
node{mode: 40755, size: 0, pinum: 0, count: 1}
+ directory_list()
path in dirlist : /
result of path=1
root
looking for a
node{mode: 40755, size: 0, pinum: 0, count: 1}
 - 1: a [1]
looking for b
node{mode: 40755, size: 0, pinum: 1, count: 2}
looking for hek.txt
node{mode: 100644, size: 0, pinum: 2, count: 0}
looking for c
node{mode: 40755, size: 0, pinum: 2, count: 0}
looking for root.txt
node{mode: 100644, size: 0, pinum: 0, count: 0}
 - 5: root.txt [5]
looking for one.txt
node{mode: 100644, size: 11, pinum: 0, count: 0}
 - 6: one.txt [6]
looking for two.txt
node{mode: 100644, size: 11, pinum: 0, count: 0}
 - 7: two.txt [7]
looking for 2k.txt
node{mode: 100644, size: 2001, pinum: 0, count: 0}
 - 8: 2k.txt [8]
+ looking at path: '2k.txt'
+ storage_stat(/2k.txt)
looking for 2k.txt
+ storage_stat(/2k.txt); inode 8
node{mode: 100644, size: 2001, pinum: 0, count: 0}
+ looking at path: 'two.txt'
+ storage_stat(/two.txt)
looking for two.txt
+ storage_stat(/two.txt); inode 7
node{mode: 100644, size: 11, pinum: 0, count: 0}
+ looking at path: 'one.txt'
+ storage_stat(/one.txt)
looking for one.txt
+ storage_stat(/one.txt); inode 6
node{mode: 100644, size: 11, pinum: 0, count: 0}
+ looking at path: 'root.txt'
+ storage_stat(/root.txt)
looking for root.txt
+ storage_stat(/root.txt); inode 5
node{mode: 100644, size: 0, pinum: 0, count: 0}
+ looking at path: 'a'
+ storage_stat(/a)
looking for a
+ storage_stat(/a); inode 1
node{mode: 40755, size: 0, pinum: 0, count: 1}
readdir(/) -> 0
+ storage_stat(/)
+ storage_stat(/); inode 1
node{mode: 40755, size: 0, pinum: 0, count: 1}
getattr(/) -> (0) {mode: 40755, size: 0}
1.path in cow : /
+ storage_stat(/)
+ storage_stat(/); inode 1
node{mode: 40755, size: 0, pinum: 0, count: 1}
+ directory_list()
path in dirlist : /
result of path=1
root
looking for a
node{mode: 40755, size: 0, pinum: 0, count: 1}
 - 1: a [1]
looking for b
node{mode: 40755, size: 0, pinum: 1, count: 2}
looking for hek.txt
node{mode: 100644, size: 0, pinum: 2, count: 0}
looking for c
node{mode: 40755, size: 0, pinum: 2, count: 0}
looking for root.txt
node{mode: 100644, size: 0, pinum: 0, count: 0}
 - 5: root.txt [5]
looking for one.txt
node{mode: 100644, size: 11, pinum: 0, count: 0}
 - 6: one.txt [6]
looking for two.txt
node{mode: 100644, size: 11, pinum: 0, count: 0}
 - 7: two.txt [7]
looking for 2k.txt
node{mode: 100644, size: 2001, pinum: 0, count: 0}
 - 8: 2k.txt [8]
+ looking at path: '2k.txt'
+ storage_stat(/2k.txt)
looking for 2k.txt
+ storage_stat(/2k.txt); inode 8
node{mode: 100644, size: 2001, pinum: 0, count: 0}
+ looking at path: 'two.txt'
+ storage_stat(/two.txt)
looking for two.txt
+ storage_stat(/two.txt); inode 7
node{mode: 100644, size: 11, pinum: 0, count: 0}
+ looking at path: 'one.txt'
+ storage_stat(/one.txt)
looking for one.txt
+ storage_stat(/one.txt); inode 6
node{mode: 100644, size: 11, pinum: 0, count: 0}
+ looking at path: 'root.txt'
+ storage_stat(/root.txt)
looking for root.txt
+ storage_stat(/root.txt); inode 5
node{mode: 100644, size: 0, pinum: 0, count: 0}
+ looking at path: 'a'
+ storage_stat(/a)
looking for a
+ storage_stat(/a); inode 1
node{mode: 40755, size: 0, pinum: 0, count: 1}
readdir(/) -> 0
+ storage_stat(/)
+ storage_stat(/); inode 1
node{mode: 40755, size: 0, pinum: 0, count: 1}
getattr(/) -> (0) {mode: 40755, size: 0}
1.path in cow : /
+ storage_stat(/)
+ storage_stat(/); inode 1
node{mode: 40755, size: 0, pinum: 0, count: 1}
+ directory_list()
path in dirlist : /
result of path=1
root
looking for a
node{mode: 40755, size: 0, pinum: 0, count: 1}
 - 1: a [1]
looking for b
node{mode: 40755, size: 0, pinum: 1, count: 2}
looking for hek.txt
node{mode: 100644, size: 0, pinum: 2, count: 0}
looking for c
node{mode: 40755, size: 0, pinum: 2, count: 0}
looking for root.txt
node{mode: 100644, size: 0, pinum: 0, count: 0}
 - 5: root.txt [5]
looking for one.txt
node{mode: 100644, size: 11, pinum: 0, count: 0}
 - 6: one.txt [6]
looking for two.txt
node{mode: 100644, size: 11, pinum: 0, count: 0}
 - 7: two.txt [7]
looking for 2k.txt
node{mode: 100644, size: 2001, pinum: 0, count: 0}
 - 8: 2k.txt [8]
+ looking at path: '2k.txt'
+ storage_stat(/2k.txt)
looking for 2k.txt
+ storage_stat(/2k.txt); inode 8
node{mode: 100644, size: 2001, pinum: 0, count: 0}
+ looking at path: 'two.txt'
+ storage_stat(/two.txt)
looking for two.txt
+ storage_stat(/two.txt); inode 7
node{mode: 100644, size: 11, pinum: 0, count: 0}
+ looking at path: 'one.txt'
+ storage_stat(/one.txt)
looking for one.txt
+ storage_stat(/one.txt); inode 6
node{mode: 100644, size: 11, pinum: 0, count: 0}
+ looking at path: 'root.txt'
+ storage_stat(/root.txt)
looking for root.txt
+ storage_stat(/root.txt); inode 5
node{mode: 100644, size: 0, pinum: 0, count: 0}
+ looking at path: 'a'
+ storage_stat(/a)
looking for a
+ storage_stat(/a); inode 1
node{mode: 40755, size: 0, pinum: 0, count: 1}
readdir(/) -> 0
+ storage_stat(/)
+ storage_stat(/); inode 1
node{mode: 40755, size: 0, pinum: 0, count: 1}
getattr(/) -> (0) {mode: 40755, size: 0}
1.path in cow : /
+ storage_stat(/)
+ storage_stat(/); inode 1
node{mode: 40755, size: 0, pinum: 0, count: 1}
+ directory_list()
path in dirlist : /
result of path=1
root
looking for a
node{mode: 40755, size: 0, pinum: 0, count: 1}
 - 1: a [1]
looking for b
node{mode: 40755, size: 0, pinum: 1, count: 2}
looking for hek.txt
node{mode: 100644, size: 0, pinum: 2, count: 0}
looking for c
node{mode: 40755, size: 0, pinum: 2, count: 0}
looking for root.txt
node{mode: 100644, size: 0, pinum: 0, count: 0}
 - 5: root.txt [5]
looking for one.txt
node{mode: 100644, size: 11, pinum: 0, count: 0}
 - 6: one.txt [6]
looking for two.txt
node{mode: 100644, size: 11, pinum: 0, count: 0}
 - 7: two.txt [7]
looking for 2k.txt
node{mode: 100644, size: 2001, pinum: 0, count: 0}
 - 8: 2k.txt [8]
+ looking at path: '2k.txt'
+ storage_stat(/2k.txt)
looking for 2k.txt
+ storage_stat(/2k.txt); inode 8
node{mode: 100644, size: 2001, pinum: 0, count: 0}
+ looking at path: 'two.txt'
+ storage_stat(/two.txt)
looking for two.txt
+ storage_stat(/two.txt); inode 7
node{mode: 100644, size: 11, pinum: 0, count: 0}
+ looking at path: 'one.txt'
+ storage_stat(/one.txt)
looking for one.txt
+ storage_stat(/one.txt); inode 6
node{mode: 100644, size: 11, pinum: 0, count: 0}
+ looking at path: 'root.txt'
+ storage_stat(/root.txt)
looking for root.txt
+ storage_stat(/root.txt); inode 5
node{mode: 100644, size: 0, pinum: 0, count: 0}
+ looking at path: 'a'
+ storage_stat(/a)
looking for a
+ storage_stat(/a); inode 1
node{mode: 40755, size: 0, pinum: 0, count: 1}
readdir(/) -> 0
+ storage_stat(/)
+ storage_stat(/); inode 1
node{mode: 40755, size: 0, pinum: 0, count: 1}
getattr(/) -> (0) {mode: 40755, size: 0}
1.path in cow : /
+ storage_stat(/)
+ storage_stat(/); inode 1
node{mode: 40755, size: 0, pinum: 0, count: 1}
+ directory_list()
path in dirlist : /
result of path=1
root
looking for a
node{mode: 40755, size: 0, pinum: 0, count: 1}
 - 1: a [1]
looking for b
node{mode: 40755, size: 0, pinum: 1, count: 2}
looking for hek.txt
node{mode: 100644, size: 0, pinum: 2, count: 0}
looking for c
node{mode: 40755, size: 0, pinum: 2, count: 0}
looking for root.txt
node{mode: 100644, size: 0, pinum: 0, count: 0}
 - 5: root.txt [5]
looking for one.txt
node{mode: 100644, size: 11, pinum: 0, count: 0}
 - 6: one.txt [6]
looking for two.txt
node{mode: 100644, size: 11, pinum: 0, count: 0}
 - 7: two.txt [7]
looking for 2k.txt
node{mode: 100644, size: 2001, pinum: 0, count: 0}
 - 8: 2k.txt [8]
+ looking at path: '2k.txt'
+ storage_stat(/2k.txt)
looking for 2k.txt
+ storage_stat(/2k.txt); inode 8
node{mode: 100644, size: 2001, pinum: 0, count: 0}
+ looking at path: 'two.txt'
+ storage_stat(/two.txt)
looking for two.txt
+ storage_stat(/two.txt); inode 7
node{mode: 100644, size: 11, pinum: 0, count: 0}
+ looking at path: 'one.txt'
+ storage_stat(/one.txt)
looking for one.txt
+ storage_stat(/one.txt); inode 6
node{mode: 100644, size: 11, pinum: 0, count: 0}
+ looking at path: 'root.txt'
+ storage_stat(/root.txt)
looking for root.txt
+ storage_stat(/root.txt); inode 5
node{mode: 100644, size: 0, pinum: 0, count: 0}
+ looking at path: 'a'
+ storage_stat(/a)
looking for a
+ storage_stat(/a); inode 1
node{mode: 40755, size: 0, pinum: 0, count: 1}
readdir(/) -> 0
+ storage_stat(/)
+ storage_stat(/); inode 1
node{mode: 40755, size: 0, pinum: 0, count: 1}
getattr(/) -> (0) {mode: 40755, size: 0}
1.path in cow : /
+ storage_stat(/)
+ storage_stat(/); inode 1
node{mode: 40755, size: 0, pinum: 0, count: 1}
+ directory_list()
path in dirlist : /
result of path=1
root
looking for a
node{mode: 40755, size: 0, pinum: 0, count: 1}
 - 1: a [1]
looking for b
node{mode: 40755, size: 0, pinum: 1, count: 2}
looking for hek.txt
node{mode: 100644, size: 0, pinum: 2, count: 0}
looking for c
node{mode: 40755, size: 0, pinum: 2, count: 0}
looking for root.txt
node{mode: 100644, size: 0, pinum: 0, count: 0}
 - 5: root.txt [5]
looking for one.txt
node{mode: 100644, size: 11, pinum: 0, count: 0}
 - 6: one.txt [6]
looking for two.txt
node{mode: 100644, size: 11, pinum: 0, count: 0}
 - 7: two.txt [7]
looking for 2k.txt
node{mode: 100644, size: 2001, pinum: 0, count: 0}
 - 8: 2k.txt [8]
+ looking at path: '2k.txt'
+ storage_stat(/2k.txt)
looking for 2k.txt
+ storage_stat(/2k.txt); inode 8
node{mode: 100644, size: 2001, pinum: 0, count: 0}
+ looking at path: 'two.txt'
+ storage_stat(/two.txt)
looking for two.txt
+ storage_stat(/two.txt); inode 7
node{mode: 100644, size: 11, pinum: 0, count: 0}
+ looking at path: 'one.txt'
+ storage_stat(/one.txt)
looking for one.txt
+ storage_stat(/one.txt); inode 6
node{mode: 100644, size: 11, pinum: 0, count: 0}
+ looking at path: 'root.txt'
+ storage_stat(/root.txt)
looking for root.txt
+ storage_stat(/root.txt); inode 5
node{mode: 100644, size: 0, pinum: 0, count: 0}
+ looking at path: 'a'
+ storage_stat(/a)
looking for a
+ storage_stat(/a); inode 1
node{mode: 40755, size: 0, pinum: 0, count: 1}
readdir(/) -> 0
+ storage_stat(/)
+ storage_stat(/); inode 1
node{mode: 40755, size: 0, pinum: 0, count: 1}
getattr(/) -> (0) {mode: 40755, size: 0}
1.path in cow : /
+ storage_stat(/)
+ storage_stat(/); inode 1
node{mode: 40755, size: 0, pinum: 0, count: 1}
+ directory_list()
path in dirlist : /
result of path=1
root
looking for a
node{mode: 40755, size: 0, pinum: 0, count: 1}
 - 1: a [1]
looking for b
node{mode: 40755, size: 0, pinum: 1, count: 2}
looking for hek.txt
node{mode: 100644, size: 0, pinum: 2, count: 0}
looking for c
node{mode: 40755, size: 0, pinum: 2, count: 0}
looking for root.txt
node{mode: 100644, size: 0, pinum: 0, count: 0}
 - 5: root.txt [5]
looking for one.txt
node{mode: 100644, size: 11, pinum: 0, count: 0}
 - 6: one.txt [6]
looking for two.txt
node{mode: 100644, size: 11, pinum: 0, count: 0}
 - 7: two.txt [7]
looking for 2k.txt
node{mode: 100644, size: 2001, pinum: 0, count: 0}
 - 8: 2k.txt [8]
+ looking at path: '2k.txt'
+ storage_stat(/2k.txt)
looking for 2k.txt
+ storage_stat(/2k.txt); inode 8
node{mode: 100644, size: 2001, pinum: 0, count: 0}
+ looking at path: 'two.txt'
+ storage_stat(/two.txt)
looking for two.txt
+ storage_stat(/two.txt); inode 7
node{mode: 100644, size: 11, pinum: 0, count: 0}
+ looking at path: 'one.txt'
+ storage_stat(/one.txt)
looking for one.txt
+ storage_stat(/one.txt); inode 6
node{mode: 100644, size: 11, pinum: 0, count: 0}
+ looking at path: 'root.txt'
+ storage_stat(/root.txt)
looking for root.txt
+ storage_stat(/root.txt); inode 5
node{mode: 100644, size: 0, pinum: 0, count: 0}
+ looking at path: 'a'
+ storage_stat(/a)
looking for a
+ storage_stat(/a); inode 1
node{mode: 40755, size: 0, pinum: 0, count: 1}
readdir(/) -> 0
+ storage_stat(/)
+ storage_stat(/); inode 1
node{mode: 40755, size: 0, pinum: 0, count: 1}
getattr(/) -> (0) {mode: 40755, size: 0}
1.path in cow : /
+ storage_stat(/)
+ storage_stat(/); inode 1
node{mode: 40755, size: 0, pinum: 0, count: 1}
+ directory_list()
path in dirlist : /
result of path=1
root
looking for a
node{mode: 40755, size: 0, pinum: 0, count: 1}
 - 1: a [1]
looking for b
node{mode: 40755, size: 0, pinum: 1, count: 2}
looking for hek.txt
node{mode: 100644, size: 0, pinum: 2, count: 0}
looking for c
node{mode: 40755, size: 0, pinum: 2, count: 0}
looking for root.txt
node{mode: 100644, size: 0, pinum: 0, count: 0}
 - 5: root.txt [5]
looking for one.txt
node{mode: 100644, size: 11, pinum: 0, count: 0}
 - 6: one.txt [6]
looking for two.txt
node{mode: 100644, size: 11, pinum: 0, count: 0}
 - 7: two.txt [7]
looking for 2k.txt
node{mode: 100644, size: 2001, pinum: 0, count: 0}
 - 8: 2k.txt [8]
+ looking at path: '2k.txt'
+ storage_stat(/2k.txt)
looking for 2k.txt
+ storage_stat(/2k.txt); inode 8
node{mode: 100644, size: 2001, pinum: 0, count: 0}
+ looking at path: 'two.txt'
+ storage_stat(/two.txt)
looking for two.txt
+ storage_stat(/two.txt); inode 7
node{mode: 100644, size: 11, pinum: 0, count: 0}
+ looking at path: 'one.txt'
+ storage_stat(/one.txt)
looking for one.txt
+ storage_stat(/one.txt); inode 6
node{mode: 100644, size: 11, pinum: 0, count: 0}
+ looking at path: 'root.txt'
+ storage_stat(/root.txt)
looking for root.txt
+ storage_stat(/root.txt); inode 5
node{mode: 100644, size: 0, pinum: 0, count: 0}
+ looking at path: 'a'
+ storage_stat(/a)
looking for a
+ storage_stat(/a); inode 1
node{mode: 40755, size: 0, pinum: 0, count: 1}
readdir(/) -> 0
+ storage_stat(/)
+ storage_stat(/); inode 1
node{mode: 40755, size: 0, pinum: 0, count: 1}
getattr(/) -> (0) {mode: 40755, size: 0}
1.path in cow : /
+ storage_stat(/)
+ storage_stat(/); inode 1
node{mode: 40755, size: 0, pinum: 0, count: 1}
+ directory_list()
path in dirlist : /
result of path=1
root
looking for a
node{mode: 40755, size: 0, pinum: 0, count: 1}
 - 1: a [1]
looking for b
node{mode: 40755, size: 0, pinum: 1, count: 2}
looking for hek.txt
node{mode: 100644, size: 0, pinum: 2, count: 0}
looking for c
node{mode: 40755, size: 0, pinum: 2, count: 0}
looking for root.txt
node{mode: 100644, size: 0, pinum: 0, count: 0}
 - 5: root.txt [5]
looking for one.txt
node{mode: 100644, size: 11, pinum: 0, count: 0}
 - 6: one.txt [6]
looking for two.txt
node{mode: 100644, size: 11, pinum: 0, count: 0}
 - 7: two.txt [7]
looking for 2k.txt
node{mode: 100644, size: 2001, pinum: 0, count: 0}
 - 8: 2k.txt [8]
+ looking at path: '2k.txt'
+ storage_stat(/2k.txt)
looking for 2k.txt
+ storage_stat(/2k.txt); inode 8
node{mode: 100644, size: 2001, pinum: 0, count: 0}
+ looking at path: 'two.txt'
+ storage_stat(/two.txt)
looking for two.txt
+ storage_stat(/two.txt); inode 7
node{mode: 100644, size: 11, pinum: 0, count: 0}
+ looking at path: 'one.txt'
+ storage_stat(/one.txt)
looking for one.txt
+ storage_stat(/one.txt); inode 6
node{mode: 100644, size: 11, pinum: 0, count: 0}
+ looking at path: 'root.txt'
+ storage_stat(/root.txt)
looking for root.txt
+ storage_stat(/root.txt); inode 5
node{mode: 100644, size: 0, pinum: 0, count: 0}
+ looking at path: 'a'
+ storage_stat(/a)
looking for a
+ storage_stat(/a); inode 1
node{mode: 40755, size: 0, pinum: 0, count: 1}
readdir(/) -> 0
+ storage_stat(/)
+ storage_stat(/); inode 1
node{mode: 40755, size: 0, pinum: 0, count: 1}
getattr(/) -> (0) {mode: 40755, size: 0}
1.path in cow : /
+ storage_stat(/)
+ storage_stat(/); inode 1
node{mode: 40755, size: 0, pinum: 0, count: 1}
+ directory_list()
path in dirlist : /
result of path=1
root
looking for a
node{mode: 40755, size: 0, pinum: 0, count: 1}
 - 1: a [1]
looking for b
node{mode: 40755, size: 0, pinum: 1, count: 2}
looking for hek.txt
node{mode: 100644, size: 0, pinum: 2, count: 0}
looking for c
node{mode: 40755, size: 0, pinum: 2, count: 0}
looking for root.txt
node{mode: 100644, size: 0, pinum: 0, count: 0}
 - 5: root.txt [5]
looking for one.txt
node{mode: 100644, size: 11, pinum: 0, count: 0}
 - 6: one.txt [6]
looking for two.txt
node{mode: 100644, size: 11, pinum: 0, count: 0}
 - 7: two.txt [7]
looking for 2k.txt
node{mode: 100644, size: 2001, pinum: 0, count: 0}
 - 8: 2k.txt [8]
+ looking at path: '2k.txt'
+ storage_stat(/2k.txt)
looking for 2k.txt
+ storage_stat(/2k.txt); inode 8
node{mode: 100644, size: 2001, pinum: 0, count: 0}
+ looking at path: 'two.txt'
+ storage_stat(/two.txt)
looking for two.txt
+ storage_stat(/two.txt); inode 7
node{mode: 100644, size: 11, pinum: 0, count: 0}
+ looking at path: 'one.txt'
+ storage_stat(/one.txt)
looking for one.txt
+ storage_stat(/one.txt); inode 6
node{mode: 100644, size: 11, pinum: 0, count: 0}
+ looking at path: 'root.txt'
+ storage_stat(/root.txt)
looking for root.txt
+ storage_stat(/root.txt); inode 5
node{mode: 100644, size: 0, pinum: 0, count: 0}
+ looking at path: 'a'
+ storage_stat(/a)
looking for a
+ storage_stat(/a); inode 1
node{mode: 40755, size: 0, pinum: 0, count: 1}
readdir(/) -> 0
+ storage_stat(/)
+ storage_stat(/); inode 1
node{mode: 40755, size: 0, pinum: 0, count: 1}
getattr(/) -> (0) {mode: 40755, size: 0}
1.path in cow : /
+ storage_stat(/)
+ storage_stat(/); inode 1
node{mode: 40755, size: 0, pinum: 0, count: 1}
+ directory_list()
path in dirlist : /
result of path=1
root
looking for a
node{mode: 40755, size: 0, pinum: 0, count: 1}
 - 1: a [1]
looking for b
node{mode: 40755, size: 0, pinum: 1, count: 2}
looking for hek.txt
node{mode: 100644, size: 0, pinum: 2, count: 0}
looking for c
node{mode: 40755, size: 0, pinum: 2, count: 0}
looking for root.txt
node{mode: 100644, size: 0, pinum: 0, count: 0}
 - 5: root.txt [5]
looking for one.txt
node{mode: 100644, size: 11, pinum: 0, count: 0}
 - 6: one.txt [6]
looking for two.txt
node{mode: 100644, size: 11, pinum: 0, count: 0}
 - 7: two.txt [7]
looking for 2k.txt
node{mode: 100644, size: 2001, pinum: 0, count: 0}
 - 8: 2k.txt [8]
+ looking at path: '2k.txt'
+ storage_stat(/2k.txt)
looking for 2k.txt
+ storage_stat(/2k.txt); inode 8
node{mode: 100644, size: 2001, pinum: 0, count: 0}
+ looking at path: 'two.txt'
+ storage_stat(/two.txt)
looking for two.txt
+ storage_stat(/two.txt); inode 7
node{mode: 100644, size: 11, pinum: 0, count: 0}
+ looking at path: 'one.txt'
+ storage_stat(/one.txt)
looking for one.txt
+ storage_stat(/one.txt); inode 6
node{mode: 100644, size: 11, pinum: 0, count: 0}
+ looking at path: 'root.txt'
+ storage_stat(/root.txt)
looking for root.txt
+ storage_stat(/root.txt); inode 5
node{mode: 100644, size: 0, pinum: 0, count: 0}
+ looking at path: 'a'
+ storage_stat(/a)
looking for a
+ storage_stat(/a); inode 1
node{mode: 40755, size: 0, pinum: 0, count: 1}
readdir(/) -> 0
+ storage_stat(/)
+ storage_stat(/); inode 1
node{mode: 40755, size: 0, pinum: 0, count: 1}
getattr(/) -> (0) {mode: 40755, size: 0}
1.path in cow : /
+ storage_stat(/)
+ storage_stat(/); inode 1
node{mode: 40755, size: 0, pinum: 0, count: 1}
+ directory_list()
path in dirlist : /
result of path=1
root
looking for a
node{mode: 40755, size: 0, pinum: 0, count: 1}
 - 1: a [1]
looking for b
node{mode: 40755, size: 0, pinum: 1, count: 2}
looking for hek.txt
node{mode: 100644, size: 0, pinum: 2, count: 0}
looking for c
node{mode: 40755, size: 0, pinum: 2, count: 0}
looking for root.txt
node{mode: 100644, size: 0, pinum: 0, count: 0}
 - 5: root.txt [5]
looking for one.txt
node{mode: 100644, size: 11, pinum: 0, count: 0}
 - 6: one.txt [6]
looking for two.txt
node{mode: 100644, size: 11, pinum: 0, count: 0}
 - 7: two.txt [7]
looking for 2k.txt
node{mode: 100644, size: 2001, pinum: 0, count: 0}
 - 8: 2k.txt [8]
+ looking at path: '2k.txt'
+ storage_stat(/2k.txt)
looking for 2k.txt
+ storage_stat(/2k.txt); inode 8
node{mode: 100644, size: 2001, pinum: 0, count: 0}
+ looking at path: 'two.txt'
+ storage_stat(/two.txt)
looking for two.txt
+ storage_stat(/two.txt); inode 7
node{mode: 100644, size: 11, pinum: 0, count: 0}
+ looking at path: 'one.txt'
+ storage_stat(/one.txt)
looking for one.txt
+ storage_stat(/one.txt); inode 6
node{mode: 100644, size: 11, pinum: 0, count: 0}
+ looking at path: 'root.txt'
+ storage_stat(/root.txt)
looking for root.txt
+ storage_stat(/root.txt); inode 5
node{mode: 100644, size: 0, pinum: 0, count: 0}
+ looking at path: 'a'
+ storage_stat(/a)
looking for a
+ storage_stat(/a); inode 1
node{mode: 40755, size: 0, pinum: 0, count: 1}
readdir(/) -> 0
+ storage_stat(/)
+ storage_stat(/); inode 1
node{mode: 40755, size: 0, pinum: 0, count: 1}
getattr(/) -> (0) {mode: 40755, size: 0}
1.path in cow : /
+ storage_stat(/)
+ storage_stat(/); inode 1
node{mode: 40755, size: 0, pinum: 0, count: 1}
+ directory_list()
path in dirlist : /
result of path=1
root
looking for a
node{mode: 40755, size: 0, pinum: 0, count: 1}
 - 1: a [1]
looking for b
node{mode: 40755, size: 0, pinum: 1, count: 2}
looking for hek.txt
node{mode: 100644, size: 0, pinum: 2, count: 0}
looking for c
node{mode: 40755, size: 0, pinum: 2, count: 0}
looking for root.txt
node{mode: 100644, size: 0, pinum: 0, count: 0}
 - 5: root.txt [5]
looking for one.txt
node{mode: 100644, size: 11, pinum: 0, count: 0}
 - 6: one.txt [6]
looking for two.txt
node{mode: 100644, size: 11, pinum: 0, count: 0}
 - 7: two.txt [7]
looking for 2k.txt
node{mode: 100644, size: 2001, pinum: 0, count: 0}
 - 8: 2k.txt [8]
+ looking at path: '2k.txt'
+ storage_stat(/2k.txt)
looking for 2k.txt
+ storage_stat(/2k.txt); inode 8
node{mode: 100644, size: 2001, pinum: 0, count: 0}
+ looking at path: 'two.txt'
+ storage_stat(/two.txt)
looking for two.txt
+ storage_stat(/two.txt); inode 7
node{mode: 100644, size: 11, pinum: 0, count: 0}
+ looking at path: 'one.txt'
+ storage_stat(/one.txt)
looking for one.txt
+ storage_stat(/one.txt); inode 6
node{mode: 100644, size: 11, pinum: 0, count: 0}
+ looking at path: 'root.txt'
+ storage_stat(/root.txt)
looking for root.txt
+ storage_stat(/root.txt); inode 5
node{mode: 100644, size: 0, pinum: 0, count: 0}
+ looking at path: 'a'
+ storage_stat(/a)
looking for a
+ storage_stat(/a); inode 1
node{mode: 40755, size: 0, pinum: 0, count: 1}
readdir(/) -> 0
+ storage_stat(/)
+ storage_stat(/); inode 1
node{mode: 40755, size: 0, pinum: 0, count: 1}
getattr(/) -> (0) {mode: 40755, size: 0}
1.path in cow : /
+ storage_stat(/)
+ storage_stat(/); inode 1
node{mode: 40755, size: 0, pinum: 0, count: 1}
+ directory_list()
path in dirlist : /
result of path=1
root
looking for a
node{mode: 40755, size: 0, pinum: 0, count: 1}
 - 1: a [1]
looking for b
node{mode: 40755, size: 0, pinum: 1, count: 2}
looking for hek.txt
node{mode: 100644, size: 0, pinum: 2, count: 0}
looking for c
node{mode: 40755, size: 0, pinum: 2, count: 0}
looking for root.txt
node{mode: 100644, size: 0, pinum: 0, count: 0}
 - 5: root.txt [5]
looking for one.txt
node{mode: 100644, size: 11, pinum: 0, count: 0}
 - 6: one.txt [6]
looking for two.txt
node{mode: 100644, size: 11, pinum: 0, count: 0}
 - 7: two.txt [7]
looking for 2k.txt
node{mode: 100644, size: 2001, pinum: 0, count: 0}
 - 8: 2k.txt [8]
+ looking at path: '2k.txt'
+ storage_stat(/2k.txt)
looking for 2k.txt
+ storage_stat(/2k.txt); inode 8
node{mode: 100644, size: 2001, pinum: 0, count: 0}
+ looking at path: 'two.txt'
+ storage_stat(/two.txt)
looking for two.txt
+ storage_stat(/two.txt); inode 7
node{mode: 100644, size: 11, pinum: 0, count: 0}
+ looking at path: 'one.txt'
+ storage_stat(/one.txt)
looking for one.txt
+ storage_stat(/one.txt); inode 6
node{mode: 100644, size: 11, pinum: 0, count: 0}
+ looking at path: 'root.txt'
+ storage_stat(/root.txt)
looking for root.txt
+ storage_stat(/root.txt); inode 5
node{mode: 100644, size: 0, pinum: 0, count: 0}
+ looking at path: 'a'
+ storage_stat(/a)
looking for a
+ storage_stat(/a); inode 1
node{mode: 40755, size: 0, pinum: 0, count: 1}
readdir(/) -> 0
+ storage_stat(/)
+ storage_stat(/); inode 1
node{mode: 40755, size: 0, pinum: 0, count: 1}
getattr(/) -> (0) {mode: 40755, size: 0}
1.path in cow : /
+ storage_stat(/)
+ storage_stat(/); inode 1
node{mode: 40755, size: 0, pinum: 0, count: 1}
+ directory_list()
path in dirlist : /
result of path=1
root
looking for a
node{mode: 40755, size: 0, pinum: 0, count: 1}
 - 1: a [1]
looking for b
node{mode: 40755, size: 0, pinum: 1, count: 2}
looking for hek.txt
node{mode: 100644, size: 0, pinum: 2, count: 0}
looking for c
node{mode: 40755, size: 0, pinum: 2, count: 0}
looking for root.txt
node{mode: 100644, size: 0, pinum: 0, count: 0}
 - 5: root.txt [5]
looking for one.txt
node{mode: 100644, size: 11, pinum: 0, count: 0}
 - 6: one.txt [6]
looking for two.txt
node{mode: 100644, size: 11, pinum: 0, count: 0}
 - 7: two.txt [7]
looking for 2k.txt
node{mode: 100644, size: 2001, pinum: 0, count: 0}
 - 8: 2k.txt [8]
+ looking at path: '2k.txt'
+ storage_stat(/2k.txt)
looking for 2k.txt
+ storage_stat(/2k.txt); inode 8
node{mode: 100644, size: 2001, pinum: 0, count: 0}
+ looking at path: 'two.txt'
+ storage_stat(/two.txt)
looking for two.txt
+ storage_stat(/two.txt); inode 7
node{mode: 100644, size: 11, pinum: 0, count: 0}
+ looking at path: 'one.txt'
+ storage_stat(/one.txt)
looking for one.txt
+ storage_stat(/one.txt); inode 6
node{mode: 100644, size: 11, pinum: 0, count: 0}
+ looking at path: 'root.txt'
+ storage_stat(/root.txt)
looking for root.txt
+ storage_stat(/root.txt); inode 5
node{mode: 100644, size: 0, pinum: 0, count: 0}
+ looking at path: 'a'
+ storage_stat(/a)
looking for a
+ storage_stat(/a); inode 1
node{mode: 40755, size: 0, pinum: 0, count: 1}
readdir(/) -> 0
+ storage_stat(/)
+ storage_stat(/); inode 1
node{mode: 40755, size: 0, pinum: 0, count: 1}
getattr(/) -> (0) {mode: 40755, size: 0}
1.path in cow : /
+ storage_stat(/)
+ storage_stat(/); inode 1
node{mode: 40755, size: 0, pinum: 0, count: 1}
+ directory_list()
path in dirlist : /
result of path=1
root
looking for a
node{mode: 40755, size: 0, pinum: 0, count: 1}
 - 1: a [1]
looking for b
node{mode: 40755, size: 0, pinum: 1, count: 2}
looking for hek.txt
node{mode: 100644, size: 0, pinum: 2, count: 0}
looking for c
node{mode: 40755, size: 0, pinum: 2, count: 0}
looking for root.txt
node{mode: 100644, size: 0, pinum: 0, count: 0}
 - 5: root.txt [5]
looking for one.txt
node{mode: 100644, size: 11, pinum: 0, count: 0}
 - 6: one.txt [6]
looking for two.txt
node{mode: 100644, size: 11, pinum: 0, count: 0}
 - 7: two.txt [7]
looking for 2k.txt
node{mode: 100644, size: 2001, pinum: 0, count: 0}
 - 8: 2k.txt [8]
+ looking at path: '2k.txt'
+ storage_stat(/2k.txt)
looking for 2k.txt
+ storage_stat(/2k.txt); inode 8
node{mode: 100644, size: 2001, pinum: 0, count: 0}
+ looking at path: 'two.txt'
+ storage_stat(/two.txt)
looking for two.txt
+ storage_stat(/two.txt); inode 7
node{mode: 100644, size: 11, pinum: 0, count: 0}
+ looking at path: 'one.txt'
+ storage_stat(/one.txt)
looking for one.txt
+ storage_stat(/one.txt); inode 6
node{mode: 100644, size: 11, pinum: 0, count: 0}
+ looking at path: 'root.txt'
+ storage_stat(/root.txt)
looking for root.txt
+ storage_stat(/root.txt); inode 5
node{mode: 100644, size: 0, pinum: 0, count: 0}
+ looking at path: 'a'
+ storage_stat(/a)
looking for a
+ storage_stat(/a); inode 1
node{mode: 40755, size: 0, pinum: 0, count: 1}
readdir(/) -> 0
+ storage_stat(/)
+ storage_stat(/); inode 1
node{mode: 40755, size: 0, pinum: 0, count: 1}
getattr(/) -> (0) {mode: 40755, size: 0}
1.path in cow : /
+ storage_stat(/)
+ storage_stat(/); inode 1
node{mode: 40755, size: 0, pinum: 0, count: 1}
+ directory_list()
path in dirlist : /
result of path=1
root
looking for a
node{mode: 40755, size: 0, pinum: 0, count: 1}
 - 1: a [1]
looking for b
node{mode: 40755, size: 0, pinum: 1, count: 2}
looking for hek.txt
node{mode: 100644, size: 0, pinum: 2, count: 0}
looking for c
node{mode: 40755, size: 0, pinum: 2, count: 0}
looking for root.txt
node{mode: 100644, size: 0, pinum: 0, count: 0}
 - 5: root.txt [5]
looking for one.txt
node{mode: 100644, size: 11, pinum: 0, count: 0}
 - 6: one.txt [6]
looking for two.txt
node{mode: 100644, size: 11, pinum: 0, count: 0}
 - 7: two.txt [7]
looking for 2k.txt
node{mode: 100644, size: 2001, pinum: 0, count: 0}
 - 8: 2k.txt [8]
+ looking at path: '2k.txt'
+ storage_stat(/2k.txt)
looking for 2k.txt
+ storage_stat(/2k.txt); inode 8
node{mode: 100644, size: 2001, pinum: 0, count: 0}
+ looking at path: 'two.txt'
+ storage_stat(/two.txt)
looking for two.txt
+ storage_stat(/two.txt); inode 7
node{mode: 100644, size: 11, pinum: 0, count: 0}
+ looking at path: 'one.txt'
+ storage_stat(/one.txt)
looking for one.txt
+ storage_stat(/one.txt); inode 6
node{mode: 100644, size: 11, pinum: 0, count: 0}
+ looking at path: 'root.txt'
+ storage_stat(/root.txt)
looking for root.txt
+ storage_stat(/root.txt); inode 5
node{mode: 100644, size: 0, pinum: 0, count: 0}
+ looking at path: 'a'
+ storage_stat(/a)
looking for a
+ storage_stat(/a); inode 1
node{mode: 40755, size: 0, pinum: 0, count: 1}
readdir(/) -> 0
+ storage_stat(/)
+ storage_stat(/); inode 1
node{mode: 40755, size: 0, pinum: 0, count: 1}
getattr(/) -> (0) {mode: 40755, size: 0}
1.path in cow : /
+ storage_stat(/)
+ storage_stat(/); inode 1
node{mode: 40755, size: 0, pinum: 0, count: 1}
+ directory_list()
path in dirlist : /
result of path=1
root
looking for a
node{mode: 40755, size: 0, pinum: 0, count: 1}
 - 1: a [1]
looking for b
node{mode: 40755, size: 0, pinum: 1, count: 2}
looking for hek.txt
node{mode: 100644, size: 0, pinum: 2, count: 0}
looking for c
node{mode: 40755, size: 0, pinum: 2, count: 0}
looking for root.txt
node{mode: 100644, size: 0, pinum: 0, count: 0}
 - 5: root.txt [5]
looking for one.txt
node{mode: 100644, size: 11, pinum: 0, count: 0}
 - 6: one.txt [6]
looking for two.txt
node{mode: 100644, size: 11, pinum: 0, count: 0}
 - 7: two.txt [7]
looking for 2k.txt
node{mode: 100644, size: 2001, pinum: 0, count: 0}
 - 8: 2k.txt [8]
+ looking at path: '2k.txt'
+ storage_stat(/2k.txt)
looking for 2k.txt
+ storage_stat(/2k.txt); inode 8
node{mode: 100644, size: 2001, pinum: 0, count: 0}
+ looking at path: 'two.txt'
+ storage_stat(/two.txt)
looking for two.txt
+ storage_stat(/two.txt); inode 7
node{mode: 100644, size: 11, pinum: 0, count: 0}
+ looking at path: 'one.txt'
+ storage_stat(/one.txt)
looking for one.txt
+ storage_stat(/one.txt); inode 6
node{mode: 100644, size: 11, pinum: 0, count: 0}
+ looking at path: 'root.txt'
+ storage_stat(/root.txt)
looking for root.txt
+ storage_stat(/root.txt); inode 5
node{mode: 100644, size: 0, pinum: 0, count: 0}
+ looking at path: 'a'
+ storage_stat(/a)
looking for a
+ storage_stat(/a); inode 1
node{mode: 40755, size: 0, pinum: 0, count: 1}
readdir(/) -> 0
+ storage_stat(/)
+ storage_stat(/); inode 1
node{mode: 40755, size: 0, pinum: 0, count: 1}
getattr(/) -> (0) {mode: 40755, size: 0}
1.path in cow : /
+ storage_stat(/)
+ storage_stat(/); inode 1
node{mode: 40755, size: 0, pinum: 0, count: 1}
+ directory_list()
path in dirlist : /
result of path=1
root
looking for a
node{mode: 40755, size: 0, pinum: 0, count: 1}
 - 1: a [1]
looking for b
node{mode: 40755, size: 0, pinum: 1, count: 2}
looking for hek.txt
node{mode: 100644, size: 0, pinum: 2, count: 0}
looking for c
node{mode: 40755, size: 0, pinum: 2, count: 0}
looking for root.txt
node{mode: 100644, size: 0, pinum: 0, count: 0}
 - 5: root.txt [5]
looking for one.txt
node{mode: 100644, size: 11, pinum: 0, count: 0}
 - 6: one.txt [6]
looking for two.txt
node{mode: 100644, size: 11, pinum: 0, count: 0}
 - 7: two.txt [7]
looking for 2k.txt
node{mode: 100644, size: 2001, pinum: 0, count: 0}
 - 8: 2k.txt [8]
+ looking at path: '2k.txt'
+ storage_stat(/2k.txt)
looking for 2k.txt
+ storage_stat(/2k.txt); inode 8
node{mode: 100644, size: 2001, pinum: 0, count: 0}
+ looking at path: 'two.txt'
+ storage_stat(/two.txt)
looking for two.txt
+ storage_stat(/two.txt); inode 7
node{mode: 100644, size: 11, pinum: 0, count: 0}
+ looking at path: 'one.txt'
+ storage_stat(/one.txt)
looking for one.txt
+ storage_stat(/one.txt); inode 6
node{mode: 100644, size: 11, pinum: 0, count: 0}
+ looking at path: 'root.txt'
+ storage_stat(/root.txt)
looking for root.txt
+ storage_stat(/root.txt); inode 5
node{mode: 100644, size: 0, pinum: 0, count: 0}
+ looking at path: 'a'
+ storage_stat(/a)
looking for a
+ storage_stat(/a); inode 1
node{mode: 40755, size: 0, pinum: 0, count: 1}
readdir(/) -> 0
+ storage_stat(/)
+ storage_stat(/); inode 1
node{mode: 40755, size: 0, pinum: 0, count: 1}
getattr(/) -> (0) {mode: 40755, size: 0}
1.path in cow : /
+ storage_stat(/)
+ storage_stat(/); inode 1
node{mode: 40755, size: 0, pinum: 0, count: 1}
+ directory_list()
path in dirlist : /
result of path=1
root
looking for a
node{mode: 40755, size: 0, pinum: 0, count: 1}
 - 1: a [1]
looking for b
node{mode: 40755, size: 0, pinum: 1, count: 2}
looking for hek.txt
node{mode: 100644, size: 0, pinum: 2, count: 0}
looking for c
node{mode: 40755, size: 0, pinum: 2, count: 0}
looking for root.txt
node{mode: 100644, size: 0, pinum: 0, count: 0}
 - 5: root.txt [5]
looking for one.txt
node{mode: 100644, size: 11, pinum: 0, count: 0}
 - 6: one.txt [6]
looking for two.txt
node{mode: 100644, size: 11, pinum: 0, count: 0}
 - 7: two.txt [7]
looking for 2k.txt
node{mode: 100644, size: 2001, pinum: 0, count: 0}
 - 8: 2k.txt [8]
+ looking at path: '2k.txt'
+ storage_stat(/2k.txt)
looking for 2k.txt
+ storage_stat(/2k.txt); inode 8
node{mode: 100644, size: 2001, pinum: 0, count: 0}
+ looking at path: 'two.txt'
+ storage_stat(/two.txt)
looking for two.txt
+ storage_stat(/two.txt); inode 7
node{mode: 100644, size: 11, pinum: 0, count: 0}
+ looking at path: 'one.txt'
+ storage_stat(/one.txt)
looking for one.txt
+ storage_stat(/one.txt); inode 6
node{mode: 100644, size: 11, pinum: 0, count: 0}
+ looking at path: 'root.txt'
+ storage_stat(/root.txt)
looking for root.txt
+ storage_stat(/root.txt); inode 5
node{mode: 100644, size: 0, pinum: 0, count: 0}
+ looking at path: 'a'
+ storage_stat(/a)
looking for a
+ storage_stat(/a); inode 1
node{mode: 40755, size: 0, pinum: 0, count: 1}
readdir(/) -> 0
+ storage_stat(/)
+ storage_stat(/); inode 1
node{mode: 40755, size: 0, pinum: 0, count: 1}
getattr(/) -> (0) {mode: 40755, size: 0}
1.path in cow : /
+ storage_stat(/)
+ storage_stat(/); inode 1
node{mode: 40755, size: 0, pinum: 0, count: 1}
+ directory_list()
path in dirlist : /
result of path=1
root
looking for a
node{mode: 40755, size: 0, pinum: 0, count: 1}
 - 1: a [1]
looking for b
node{mode: 40755, size: 0, pinum: 1, count: 2}
looking for hek.txt
node{mode: 100644, size: 0, pinum: 2, count: 0}
looking for c
node{mode: 40755, size: 0, pinum: 2, count: 0}
looking for root.txt
node{mode: 100644, size: 0, pinum: 0, count: 0}
 - 5: root.txt [5]
looking for one.txt
node{mode: 100644, size: 11, pinum: 0, count: 0}
 - 6: one.txt [6]
looking for two.txt
node{mode: 100644, size: 11, pinum: 0, count: 0}
 - 7: two.txt [7]
looking for 2k.txt
node{mode: 100644, size: 2001, pinum: 0, count: 0}
 - 8: 2k.txt [8]
+ looking at path: '2k.txt'
+ storage_stat(/2k.txt)
looking for 2k.txt
+ storage_stat(/2k.txt); inode 8
node{mode: 100644, size: 2001, pinum: 0, count: 0}
+ looking at path: 'two.txt'
+ storage_stat(/two.txt)
looking for two.txt
+ storage_stat(/two.txt); inode 7
node{mode: 100644, size: 11, pinum: 0, count: 0}
+ looking at path: 'one.txt'
+ storage_stat(/one.txt)
looking for one.txt
+ storage_stat(/one.txt); inode 6
node{mode: 100644, size: 11, pinum: 0, count: 0}
+ looking at path: 'root.txt'
+ storage_stat(/root.txt)
looking for root.txt
+ storage_stat(/root.txt); inode 5
node{mode: 100644, size: 0, pinum: 0, count: 0}
+ looking at path: 'a'
+ storage_stat(/a)
looking for a
+ storage_stat(/a); inode 1
node{mode: 40755, size: 0, pinum: 0, count: 1}
readdir(/) -> 0
+ storage_stat(/)
+ storage_stat(/); inode 1
node{mode: 40755, size: 0, pinum: 0, count: 1}
getattr(/) -> (0) {mode: 40755, size: 0}
1.path in cow : /
+ storage_stat(/)
+ storage_stat(/); inode 1
node{mode: 40755, size: 0, pinum: 0, count: 1}
+ directory_list()
path in dirlist : /
result of path=1
root
looking for a
node{mode: 40755, size: 0, pinum: 0, count: 1}
 - 1: a [1]
looking for b
node{mode: 40755, size: 0, pinum: 1, count: 2}
looking for hek.txt
node{mode: 100644, size: 0, pinum: 2, count: 0}
looking for c
node{mode: 40755, size: 0, pinum: 2, count: 0}
looking for root.txt
node{mode: 100644, size: 0, pinum: 0, count: 0}
 - 5: root.txt [5]
looking for one.txt
node{mode: 100644, size: 11, pinum: 0, count: 0}
 - 6: one.txt [6]
looking for two.txt
node{mode: 100644, size: 11, pinum: 0, count: 0}
 - 7: two.txt [7]
looking for 2k.txt
node{mode: 100644, size: 2001, pinum: 0, count: 0}
 - 8: 2k.txt [8]
+ looking at path: '2k.txt'
+ storage_stat(/2k.txt)
looking for 2k.txt
+ storage_stat(/2k.txt); inode 8
node{mode: 100644, size: 2001, pinum: 0, count: 0}
+ looking at path: 'two.txt'
+ storage_stat(/two.txt)
looking for two.txt
+ storage_stat(/two.txt); inode 7
node{mode: 100644, size: 11, pinum: 0, count: 0}
+ looking at path: 'one.txt'
+ storage_stat(/one.txt)
looking for one.txt
+ storage_stat(/one.txt); inode 6
node{mode: 100644, size: 11, pinum: 0, count: 0}
+ looking at path: 'root.txt'
+ storage_stat(/root.txt)
looking for root.txt
+ storage_stat(/root.txt); inode 5
node{mode: 100644, size: 0, pinum: 0, count: 0}
+ looking at path: 'a'
+ storage_stat(/a)
looking for a
+ storage_stat(/a); inode 1
node{mode: 40755, size: 0, pinum: 0, count: 1}
readdir(/) -> 0
+ storage_stat(/)
+ storage_stat(/); inode 1
node{mode: 40755, size: 0, pinum: 0, count: 1}
getattr(/) -> (0) {mode: 40755, size: 0}
1.path in cow : /
+ storage_stat(/)
+ storage_stat(/); inode 1
node{mode: 40755, size: 0, pinum: 0, count: 1}
+ directory_list()
path in dirlist : /
result of path=1
root
looking for a
node{mode: 40755, size: 0, pinum: 0, count: 1}
 - 1: a [1]
looking for b
node{mode: 40755, size: 0, pinum: 1, count: 2}
looking for hek.txt
node{mode: 100644, size: 0, pinum: 2, count: 0}
looking for c
node{mode: 40755, size: 0, pinum: 2, count: 0}
looking for root.txt
node{mode: 100644, size: 0, pinum: 0, count: 0}
 - 5: root.txt [5]
looking for one.txt
node{mode: 100644, size: 11, pinum: 0, count: 0}
 - 6: one.txt [6]
looking for two.txt
node{mode: 100644, size: 11, pinum: 0, count: 0}
 - 7: two.txt [7]
looking for 2k.txt
node{mode: 100644, size: 2001, pinum: 0, count: 0}
 - 8: 2k.txt [8]
+ looking at path: '2k.txt'
+ storage_stat(/2k.txt)
looking for 2k.txt
+ storage_stat(/2k.txt); inode 8
node{mode: 100644, size: 2001, pinum: 0, count: 0}
+ looking at path: 'two.txt'
+ storage_stat(/two.txt)
looking for two.txt
+ storage_stat(/two.txt); inode 7
node{mode: 100644, size: 11, pinum: 0, count: 0}
+ looking at path: 'one.txt'
+ storage_stat(/one.txt)
looking for one.txt
+ storage_stat(/one.txt); inode 6
node{mode: 100644, size: 11, pinum: 0, count: 0}
+ looking at path: 'root.txt'
+ storage_stat(/root.txt)
looking for root.txt
+ storage_stat(/root.txt); inode 5
node{mode: 100644, size: 0, pinum: 0, count: 0}
+ looking at path: 'a'
+ storage_stat(/a)
looking for a
+ storage_stat(/a); inode 1
node{mode: 40755, size: 0, pinum: 0, count: 1}
readdir(/) -> 0
+ storage_stat(/autorun.inf)
looking for autorun.inf
getattr(/autorun.inf) -> (-2) {mode: 0000, size: 0}
+ storage_stat(/)
+ storage_stat(/); inode 1
node{mode: 40755, size: 0, pinum: 0, count: 1}
getattr(/) -> (0) {mode: 40755, size: 0}
1.path in cow : /
+ storage_stat(/)
+ storage_stat(/); inode 1
node{mode: 40755, size: 0, pinum: 0, count: 1}
+ directory_list()
path in dirlist : /
result of path=1
root
looking for a
node{mode: 40755, size: 0, pinum: 0, count: 1}
 - 1: a [1]
looking for b
node{mode: 40755, size: 0, pinum: 1, count: 2}
looking for hek.txt
node{mode: 100644, size: 0, pinum: 2, count: 0}
looking for c
node{mode: 40755, size: 0, pinum: 2, count: 0}
looking for root.txt
node{mode: 100644, size: 0, pinum: 0, count: 0}
 - 5: root.txt [5]
looking for one.txt
node{mode: 100644, size: 11, pinum: 0, count: 0}
 - 6: one.txt [6]
looking for two.txt
node{mode: 100644, size: 11, pinum: 0, count: 0}
 - 7: two.txt [7]
looking for 2k.txt
node{mode: 100644, size: 2001, pinum: 0, count: 0}
 - 8: 2k.txt [8]
+ looking at path: '2k.txt'
+ storage_stat(/2k.txt)
looking for 2k.txt
+ storage_stat(/2k.txt); inode 8
node{mode: 100644, size: 2001, pinum: 0, count: 0}
+ looking at path: 'two.txt'
+ storage_stat(/two.txt)
looking for two.txt
+ storage_stat(/two.txt); inode 7
node{mode: 100644, size: 11, pinum: 0, count: 0}
+ looking at path: 'one.txt'
+ storage_stat(/one.txt)
looking for one.txt
+ storage_stat(/one.txt); inode 6
node{mode: 100644, size: 11, pinum: 0, count: 0}
+ looking at path: 'root.txt'
+ storage_stat(/root.txt)
looking for root.txt
+ storage_stat(/root.txt); inode 5
node{mode: 100644, size: 0, pinum: 0, count: 0}
+ looking at path: 'a'
+ storage_stat(/a)
looking for a
+ storage_stat(/a); inode 1
node{mode: 40755, size: 0, pinum: 0, count: 1}
readdir(/) -> 0
+ storage_stat(/)
+ storage_stat(/); inode 1
node{mode: 40755, size: 0, pinum: 0, count: 1}
getattr(/) -> (0) {mode: 40755, size: 0}
+ storage_stat(/one.txt)
looking for one.txt
+ storage_stat(/one.txt); inode 6
node{mode: 100644, size: 11, pinum: 0, count: 0}
getattr(/one.txt) -> (0) {mode: 100644, size: 11}
access(/one.txt, 0000) -> 0
open(/one.txt) -> 0
ioctl(/one.txt, 21505, ...) -> -1
storage_read called, buffer is

looking for one.txt
read(/one.txt, 4096 bytes, @+0) -> 4096
+ storage_stat(/one.txt)
looking for one.txt
+ storage_stat(/one.txt); inode 6
node{mode: 100644, size: 11, pinum: 0, count: 0}
getattr(/one.txt) -> (0) {mode: 100644, size: 11}
+ storage_stat(/two.txt)
looking for two.txt
+ storage_stat(/two.txt); inode 7
node{mode: 100644, size: 11, pinum: 0, count: 0}
getattr(/two.txt) -> (0) {mode: 100644, size: 11}
access(/two.txt, 0000) -> 0
open(/two.txt) -> 0
ioctl(/two.txt, 21505, ...) -> -1
storage_read called, buffer is

looking for two.txt
read(/two.txt, 4096 bytes, @+0) -> 4096
+ storage_stat(/two.txt)
looking for two.txt
+ storage_stat(/two.txt); inode 7
node{mode: 100644, size: 11, pinum: 0, count: 0}
getattr(/two.txt) -> (0) {mode: 100644, size: 11}
 + directory_delete(one.txt)
looking for one.txt
+ free_inode(6)
+ free_page(6)
unlink(/one.txt) -> 0
+ storage_stat(/)
+ storage_stat(/); inode 1
node{mode: 40755, size: 0, pinum: 0, count: 1}
getattr(/) -> (0) {mode: 40755, size: 0}
1.path in cow : /
+ storage_stat(/)
+ storage_stat(/); inode 1
node{mode: 40755, size: 0, pinum: 0, count: 1}
+ directory_list()
path in dirlist : /
result of path=1
root
looking for a
node{mode: 40755, size: 0, pinum: 0, count: 1}
 - 1: a [1]
looking for b
node{mode: 40755, size: 0, pinum: 1, count: 2}
looking for hek.txt
node{mode: 100644, size: 0, pinum: 2, count: 0}
looking for c
node{mode: 40755, size: 0, pinum: 2, count: 0}
looking for root.txt
node{mode: 100644, size: 0, pinum: 0, count: 0}
 - 5: root.txt [5]
looking for two.txt
node{mode: 100644, size: 11, pinum: 0, count: 0}
 - 7: two.txt [7]
looking for 2k.txt
node{mode: 100644, size: 2001, pinum: 0, count: 0}
 - 8: 2k.txt [8]
+ looking at path: '2k.txt'
+ storage_stat(/2k.txt)
looking for 2k.txt
+ storage_stat(/2k.txt); inode 8
node{mode: 100644, size: 2001, pinum: 0, count: 0}
+ looking at path: 'two.txt'
+ storage_stat(/two.txt)
looking for two.txt
+ storage_stat(/two.txt); inode 7
node{mode: 100644, size: 11, pinum: 0, count: 0}
+ looking at path: 'root.txt'
+ storage_stat(/root.txt)
looking for root.txt
+ storage_stat(/root.txt); inode 5
node{mode: 100644, size: 0, pinum: 0, count: 0}
+ looking at path: 'a'
+ storage_stat(/a)
looking for a
+ storage_stat(/a); inode 1
node{mode: 40755, size: 0, pinum: 0, count: 1}
readdir(/) -> 0
+ storage_stat(/abc.txt)
looking for abc.txt
getattr(/abc.txt) -> (-2) {mode: 0000, size: 0}
+ storage_stat(/abc.txt)
looking for abc.txt
getattr(/abc.txt) -> (-2) {mode: 0000, size: 0}
+ storage_stat(/abc.txt)
looking for abc.txt
getattr(/abc.txt) -> (-2) {mode: 0000, size: 0}
looking for two.txt
rename(/two.txt => /abc.txt) -> 0
+ storage_stat(/)
+ storage_stat(/); inode 1
node{mode: 40755, size: 0, pinum: 0, count: 1}
getattr(/) -> (0) {mode: 40755, size: 0}
1.path in cow : /
+ storage_stat(/)
+ storage_stat(/); inode 1
node{mode: 40755, size: 0, pinum: 0, count: 1}
+ directory_list()
path in dirlist : /
result of path=1
root
looking for a
node{mode: 40755, size: 0, pinum: 0, count: 1}
 - 1: a [1]
looking for b
node{mode: 40755, size: 0, pinum: 1, count: 2}
looking for hek.txt
node{mode: 100644, size: 0, pinum: 2, count: 0}
looking for c
node{mode: 40755, size: 0, pinum: 2, count: 0}
looking for root.txt
node{mode: 100644, size: 0, pinum: 0, count: 0}
 - 5: root.txt [5]
looking for abc.txt
node{mode: 100644, size: 11, pinum: 0, count: 0}
 - 7: abc.txt [7]
looking for 2k.txt
node{mode: 100644, size: 2001, pinum: 0, count: 0}
 - 8: 2k.txt [8]
+ looking at path: '2k.txt'
+ storage_stat(/2k.txt)
looking for 2k.txt
+ storage_stat(/2k.txt); inode 8
node{mode: 100644, size: 2001, pinum: 0, count: 0}
+ looking at path: 'abc.txt'
+ storage_stat(/abc.txt)
looking for abc.txt
+ storage_stat(/abc.txt); inode 7
node{mode: 100644, size: 11, pinum: 0, count: 0}
+ looking at path: 'root.txt'
+ storage_stat(/root.txt)
looking for root.txt
+ storage_stat(/root.txt); inode 5
node{mode: 100644, size: 0, pinum: 0, count: 0}
+ looking at path: 'a'
+ storage_stat(/a)
looking for a
+ storage_stat(/a); inode 1
node{mode: 40755, size: 0, pinum: 0, count: 1}
readdir(/) -> 0
access(/abc.txt, 0000) -> 0
open(/abc.txt) -> 0
ioctl(/abc.txt, 21505, ...) -> -1
+ storage_stat(/abc.txt)
looking for abc.txt
+ storage_stat(/abc.txt); inode 7
node{mode: 100644, size: 11, pinum: 0, count: 0}
getattr(/abc.txt) -> (0) {mode: 100644, size: 11}
storage_read called, buffer is

looking for abc.txt
read(/abc.txt, 4096 bytes, @+0) -> 4096
+ storage_stat(/abc.txt)
looking for abc.txt
+ storage_stat(/abc.txt); inode 7
node{mode: 100644, size: 11, pinum: 0, count: 0}
getattr(/abc.txt) -> (0) {mode: 100644, size: 11}
+ storage_stat(/def.txt)
looking for def.txt
getattr(/def.txt) -> (-2) {mode: 0000, size: 0}
+ storage_stat(/def.txt)
looking for def.txt
getattr(/def.txt) -> (-2) {mode: 0000, size: 0}
link(/abc.txt => /def.txt) -> -1
+ storage_stat(/def.txt)
looking for def.txt
getattr(/def.txt) -> (-2) {mode: 0000, size: 0}
 + directory_delete(abc.txt)
looking for abc.txt
+ free_inode(7)
+ free_page(7)
unlink(/abc.txt) -> 0
+ storage_stat(/def.txt)
looking for def.txt
getattr(/def.txt) -> (-2) {mode: 0000, size: 0}
+ storage_stat(/foo)
looking for foo
getattr(/foo) -> (-2) {mode: 0000, size: 0}
directory name after copy = foo
looking for foo
***allocatiion of inode***
entering alloc inode
inum from ii is 6
+ alloc_page() -> 6
+ mknod create /foo [40755] - #6
***ending mknod and printing inode***
node{mode: 40755, size: 0, pinum: 0, count: 0}
+ dirent = 'foo'
node{mode: 40755, size: 0, pinum: 0, count: 0}
mkdir(/foo) -> 0
+ storage_stat(/foo)
looking for foo
+ storage_stat(/foo); inode 6
node{mode: 40755, size: 0, pinum: 0, count: 0}
getattr(/foo) -> (0) {mode: 40755, size: 0}
+ storage_stat(/foo/abc.txt)
looking for abc.txt
getattr(/foo/abc.txt) -> (-2) {mode: 0000, size: 0}
+ storage_stat(/def.txt)
looking for def.txt
getattr(/def.txt) -> (-2) {mode: 0000, size: 0}
+ storage_stat(/foo/abc.txt)
looking for abc.txt
getattr(/foo/abc.txt) -> (-2) {mode: 0000, size: 0}
+ storage_stat(/40k.txt)
looking for 40k.txt
getattr(/40k.txt) -> (-2) {mode: 0000, size: 0}
directory name after copy = 40k.txt
looking for 40k.txt
***allocatiion of inode***
entering alloc inode
inum from ii is 7
+ alloc_page() -> 7
+ mknod create /40k.txt [100644] - #7
***ending mknod and printing inode***
node{mode: 100644, size: 0, pinum: 0, count: 0}
+ dirent = '40k.txt'
node{mode: 100644, size: 0, pinum: 0, count: 0}
mknod(/40k.txt, 100644) -> 0
+ storage_stat(/40k.txt)
looking for 40k.txt
+ storage_stat(/40k.txt); inode 7
node{mode: 100644, size: 0, pinum: 0, count: 0}
getattr(/40k.txt) -> (0) {mode: 100644, size: 0}
access(/40k.txt, 0000) -> 0
open(/40k.txt) -> 0
ioctl(/40k.txt, 21505, ...) -> -1
looking for 40k.txt
looking for 40k.txt
+ alloc_page() -> 9
write(/40k.txt, 4096 bytes, @+0) -> 4096
looking for 40k.txt
looking for 40k.txt
+ alloc_page() -> 10
+ alloc_page() -> 11
write(/40k.txt, 4096 bytes, @+4096) -> 4096
looking for 40k.txt
looking for 40k.txt
+ alloc_page() -> 12
write(/40k.txt, 4096 bytes, @+8192) -> 4096
looking for 40k.txt
looking for 40k.txt
+ alloc_page() -> 13
write(/40k.txt, 4096 bytes, @+12288) -> 4096
looking for 40k.txt
looking for 40k.txt
+ alloc_page() -> 14
write(/40k.txt, 4096 bytes, @+16384) -> 4096
looking for 40k.txt
looking for 40k.txt
+ alloc_page() -> 15
write(/40k.txt, 4096 bytes, @+20480) -> 4096
looking for 40k.txt
looking for 40k.txt
+ alloc_page() -> 16
write(/40k.txt, 4096 bytes, @+24576) -> 4096
looking for 40k.txt
looking for 40k.txt
+ alloc_page() -> 17
write(/40k.txt, 4096 bytes, @+28672) -> 4096
looking for 40k.txt
looking for 40k.txt
+ alloc_page() -> 18
write(/40k.txt, 4096 bytes, @+32768) -> 4096
looking for 40k.txt
looking for 40k.txt
write(/40k.txt, 3137 bytes, @+36864) -> 3137
access(/40k.txt, 0000) -> 0
open(/40k.txt) -> 0
ioctl(/40k.txt, 21505, ...) -> -1
+ storage_stat(/40k.txt)
looking for 40k.txt
+ storage_stat(/40k.txt); inode 7
node{mode: 100644, size: 40001, pinum: 0, count: 0}
getattr(/40k.txt) -> (0) {mode: 100644, size: 40001}
+ storage_stat(/)
+ storage_stat(/); inode 1
node{mode: 40755, size: 0, pinum: 0, count: 1}
getattr(/) -> (0) {mode: 40755, size: 0}
storage_read called, buffer is

looking for 40k.txt
read(/40k.txt, 16384 bytes, @+0) -> 16384
storage_read called, buffer is

looking for 40k.txt
read(/40k.txt, 24576 bytes, @+16384) -> 24576
+ storage_stat(/40k.txt)
looking for 40k.txt
+ storage_stat(/40k.txt); inode 7
node{mode: 100644, size: 40001, pinum: 0, count: 0}
getattr(/40k.txt) -> (0) {mode: 100644, size: 40001}
access(/40k.txt, 0000) -> 0
open(/40k.txt) -> 0
ioctl(/40k.txt, 21505, ...) -> -1
storage_read called, buffer is
 VäÈ
looking for 40k.txt
read(/40k.txt, 12288 bytes, @+4096) -> 12288
access(/, 0001) -> 0
+ storage_stat(/dir1)
looking for dir1
getattr(/dir1) -> (-2) {mode: 0000, size: 0}
directory name after copy = dir1
looking for dir1
***allocatiion of inode***
entering alloc inode
inum from ii is 9
+ alloc_page() -> 19
+ mknod create /dir1 [40755] - #9
***ending mknod and printing inode***
node{mode: 40755, size: 0, pinum: 0, count: 0}
+ dirent = 'dir1'
node{mode: 40755, size: 0, pinum: 0, count: 0}
mkdir(/dir1) -> 0
+ storage_stat(/dir1)
looking for dir1
+ storage_stat(/dir1); inode 9
node{mode: 40755, size: 0, pinum: 0, count: 0}
getattr(/dir1) -> (0) {mode: 40755, size: 0}
access(/dir1, 0001) -> 0
+ storage_stat(/dir1/dir2)
looking for dir2
getattr(/dir1/dir2) -> (-2) {mode: 0000, size: 0}
directory name after copy = dir2
looking for dir2
***allocatiion of inode***
entering alloc inode
inum from ii is 10
+ alloc_page() -> 20
looking for dir1
Incremented count of dir1, pnode count = 1
+ mknod create /dir1/dir2 [40755] - #10
***ending mknod and printing inode***
node{mode: 40755, size: 0, pinum: 9, count: 0}
+ dirent = 'dir2'
node{mode: 40755, size: 0, pinum: 9, count: 0}
mkdir(/dir1/dir2) -> 0
+ storage_stat(/dir1/dir2)
looking for dir2
+ storage_stat(/dir1/dir2); inode 10
node{mode: 40755, size: 0, pinum: 9, count: 0}
getattr(/dir1/dir2) -> (0) {mode: 40755, size: 0}
access(/dir1/dir2, 0001) -> 0
+ storage_stat(/dir1/dir2/dir3)
looking for dir3
getattr(/dir1/dir2/dir3) -> (-2) {mode: 0000, size: 0}
directory name after copy = dir3
looking for dir3
***allocatiion of inode***
entering alloc inode
inum from ii is 11
+ alloc_page() -> 21
looking for dir2
Incremented count of dir2, pnode count = 1
+ mknod create /dir1/dir2/dir3 [40755] - #11
***ending mknod and printing inode***
node{mode: 40755, size: 0, pinum: 10, count: 0}
+ dirent = 'dir3'
node{mode: 40755, size: 0, pinum: 10, count: 0}
mkdir(/dir1/dir2/dir3) -> 0
+ storage_stat(/dir1/dir2/dir3)
looking for dir3
+ storage_stat(/dir1/dir2/dir3); inode 11
node{mode: 40755, size: 0, pinum: 10, count: 0}
getattr(/dir1/dir2/dir3) -> (0) {mode: 40755, size: 0}
access(/dir1/dir2/dir3, 0001) -> 0
+ storage_stat(/dir1/dir2/dir3/dir4)
looking for dir4
getattr(/dir1/dir2/dir3/dir4) -> (-2) {mode: 0000, size: 0}
directory name after copy = dir4
looking for dir4
***allocatiion of inode***
entering alloc inode
inum from ii is 12
+ alloc_page() -> 22
looking for dir3
Incremented count of dir3, pnode count = 1
+ mknod create /dir1/dir2/dir3/dir4 [40755] - #12
***ending mknod and printing inode***
node{mode: 40755, size: 0, pinum: 11, count: 0}
+ dirent = 'dir4'
node{mode: 40755, size: 0, pinum: 11, count: 0}
mkdir(/dir1/dir2/dir3/dir4) -> 0
+ storage_stat(/dir1/dir2/dir3/dir4)
looking for dir4
+ storage_stat(/dir1/dir2/dir3/dir4); inode 12
node{mode: 40755, size: 0, pinum: 11, count: 0}
getattr(/dir1/dir2/dir3/dir4) -> (0) {mode: 40755, size: 0}
access(/dir1/dir2/dir3/dir4, 0001) -> 0
+ storage_stat(/dir1/dir2/dir3/dir4/dir5)
looking for dir5
getattr(/dir1/dir2/dir3/dir4/dir5) -> (-2) {mode: 0000, size: 0}
directory name after copy = dir5
looking for dir5
***allocatiion of inode***
entering alloc inode
inum from ii is 13
+ alloc_page() -> 23
looking for dir4
Incremented count of dir4, pnode count = 1
+ mknod create /dir1/dir2/dir3/dir4/dir5 [40755] - #13
***ending mknod and printing inode***
node{mode: 40755, size: 0, pinum: 12, count: 0}
+ dirent = 'dir5'
node{mode: 40755, size: 0, pinum: 12, count: 0}
mkdir(/dir1/dir2/dir3/dir4/dir5) -> 0
+ storage_stat(/dir1/dir2/dir3/dir4/dir5)
looking for dir5
+ storage_stat(/dir1/dir2/dir3/dir4/dir5); inode 13
node{mode: 40755, size: 0, pinum: 12, count: 0}
getattr(/dir1/dir2/dir3/dir4/dir5) -> (0) {mode: 40755, size: 0}
+ storage_stat(/dir1/dir2/dir3/dir4/dir5/hello.txt)
looking for hello.txt
getattr(/dir1/dir2/dir3/dir4/dir5/hello.txt) -> (-2) {mode: 0000, size: 0}
directory name after copy = hello.txt
looking for hello.txt
***allocatiion of inode***
entering alloc inode
inum from ii is 14
+ alloc_page() -> 24
looking for dir5
Incremented count of dir5, pnode count = 1
+ mknod create /dir1/dir2/dir3/dir4/dir5/hello.txt [100644] - #14
***ending mknod and printing inode***
node{mode: 100644, size: 0, pinum: 13, count: 0}
+ dirent = 'hello.txt'
node{mode: 100644, size: 0, pinum: 13, count: 0}
mknod(/dir1/dir2/dir3/dir4/dir5/hello.txt, 100644) -> 0
+ storage_stat(/dir1/dir2/dir3/dir4/dir5/hello.txt)
looking for hello.txt
+ storage_stat(/dir1/dir2/dir3/dir4/dir5/hello.txt); inode 14
node{mode: 100644, size: 0, pinum: 13, count: 0}
getattr(/dir1/dir2/dir3/dir4/dir5/hello.txt) -> (0) {mode: 100644, size: 0}
access(/dir1/dir2/dir3/dir4/dir5/hello.txt, 0000) -> 0
open(/dir1/dir2/dir3/dir4/dir5/hello.txt) -> 0
ioctl(/dir1/dir2/dir3/dir4/dir5/hello.txt, 21505, ...) -> -1
looking for hello.txt
looking for hello.txt
write(/dir1/dir2/dir3/dir4/dir5/hello.txt, 12 bytes, @+0) -> 12
access(/dir1/dir2/dir3/dir4/dir5/hello.txt, 0000) -> 0
open(/dir1/dir2/dir3/dir4/dir5/hello.txt) -> 0
ioctl(/dir1/dir2/dir3/dir4/dir5/hello.txt, 21505, ...) -> -1
+ storage_stat(/dir1/dir2/dir3/dir4/dir5/hello.txt)
looking for hello.txt
+ storage_stat(/dir1/dir2/dir3/dir4/dir5/hello.txt); inode 14
node{mode: 100644, size: 12, pinum: 13, count: 0}
getattr(/dir1/dir2/dir3/dir4/dir5/hello.txt) -> (0) {mode: 100644, size: 12}
storage_read called, buffer is
0VäÈ
looking for hello.txt
read(/dir1/dir2/dir3/dir4/dir5/hello.txt, 4096 bytes, @+0) -> 4096
+ storage_stat(/dir1/dir2/dir3/dir4/dir5/hello.txt)
looking for hello.txt
+ storage_stat(/dir1/dir2/dir3/dir4/dir5/hello.txt); inode 14
node{mode: 100644, size: 12, pinum: 13, count: 0}
getattr(/dir1/dir2/dir3/dir4/dir5/hello.txt) -> (0) {mode: 100644, size: 12}
+ storage_stat(/)
+ storage_stat(/); inode 1
node{mode: 40755, size: 0, pinum: 0, count: 1}
getattr(/) -> (0) {mode: 40755, size: 0}
+ storage_stat(/numbers)
looking for numbers
getattr(/numbers) -> (-2) {mode: 0000, size: 0}
directory name after copy = numbers
looking for numbers
***allocatiion of inode***
entering alloc inode
inum from ii is 15
+ alloc_page() -> 25
+ mknod create /numbers [40755] - #15
***ending mknod and printing inode***
node{mode: 40755, size: 0, pinum: 0, count: 0}
+ dirent = 'numbers'
node{mode: 40755, size: 0, pinum: 0, count: 0}
mkdir(/numbers) -> 0
+ storage_stat(/numbers)
looking for numbers
+ storage_stat(/numbers); inode 15
node{mode: 40755, size: 0, pinum: 0, count: 0}
getattr(/numbers) -> (0) {mode: 40755, size: 0}
+ storage_stat(/numbers/1.num)
looking for 1.num
getattr(/numbers/1.num) -> (-2) {mode: 0000, size: 0}
directory name after copy = 1.num
looking for 1.num
***allocatiion of inode***
entering alloc inode
inum from ii is 16
+ alloc_page() -> 26
looking for numbers
Incremented count of numbers, pnode count = 1
+ mknod create /numbers/1.num [100644] - #16
***ending mknod and printing inode***
node{mode: 100644, size: 0, pinum: 15, count: 0}
+ dirent = '1.num'
node{mode: 100644, size: 0, pinum: 15, count: 0}
mknod(/numbers/1.num, 100644) -> 0
+ storage_stat(/numbers/1.num)
looking for 1.num
+ storage_stat(/numbers/1.num); inode 16
node{mode: 100644, size: 0, pinum: 15, count: 0}
getattr(/numbers/1.num) -> (0) {mode: 100644, size: 0}
access(/numbers/1.num, 0000) -> 0
open(/numbers/1.num) -> 0
ioctl(/numbers/1.num, 21505, ...) -> -1
looking for 1.num
looking for 1.num
write(/numbers/1.num, 2 bytes, @+0) -> 2
+ storage_stat(/numbers/2.num)
looking for 2.num
getattr(/numbers/2.num) -> (-2) {mode: 0000, size: 0}
directory name after copy = 2.num
looking for 2.num
***allocatiion of inode***
entering alloc inode
inum from ii is 17
+ alloc_page() -> 27
looking for numbers
Incremented count of numbers, pnode count = 2
+ mknod create /numbers/2.num [100644] - #17
***ending mknod and printing inode***
node{mode: 100644, size: 0, pinum: 15, count: 0}
+ dirent = '2.num'
node{mode: 100644, size: 0, pinum: 15, count: 0}
mknod(/numbers/2.num, 100644) -> 0
+ storage_stat(/numbers/2.num)
looking for 2.num
+ storage_stat(/numbers/2.num); inode 17
node{mode: 100644, size: 0, pinum: 15, count: 0}
getattr(/numbers/2.num) -> (0) {mode: 100644, size: 0}
access(/numbers/2.num, 0000) -> 0
open(/numbers/2.num) -> 0
ioctl(/numbers/2.num, 21505, ...) -> -1
looking for 2.num
looking for 2.num
write(/numbers/2.num, 2 bytes, @+0) -> 2
+ storage_stat(/numbers/3.num)
looking for 3.num
getattr(/numbers/3.num) -> (-2) {mode: 0000, size: 0}
directory name after copy = 3.num
looking for 3.num
***allocatiion of inode***
entering alloc inode
inum from ii is 18
+ alloc_page() -> 28
looking for numbers
Incremented count of numbers, pnode count = 3
+ mknod create /numbers/3.num [100644] - #18
***ending mknod and printing inode***
node{mode: 100644, size: 0, pinum: 15, count: 0}
+ dirent = '3.num'
node{mode: 100644, size: 0, pinum: 15, count: 0}
mknod(/numbers/3.num, 100644) -> 0
+ storage_stat(/numbers/3.num)
looking for 3.num
+ storage_stat(/numbers/3.num); inode 18
node{mode: 100644, size: 0, pinum: 15, count: 0}
getattr(/numbers/3.num) -> (0) {mode: 100644, size: 0}
access(/numbers/3.num, 0000) -> 0
open(/numbers/3.num) -> 0
ioctl(/numbers/3.num, 21505, ...) -> -1
looking for 3.num
looking for 3.num
write(/numbers/3.num, 2 bytes, @+0) -> 2
+ storage_stat(/numbers/4.num)
looking for 4.num
getattr(/numbers/4.num) -> (-2) {mode: 0000, size: 0}
directory name after copy = 4.num
looking for 4.num
***allocatiion of inode***
entering alloc inode
inum from ii is 19
+ alloc_page() -> 29
looking for numbers
Incremented count of numbers, pnode count = 4
+ mknod create /numbers/4.num [100644] - #19
***ending mknod and printing inode***
node{mode: 100644, size: 0, pinum: 15, count: 0}
+ dirent = '4.num'
node{mode: 100644, size: 0, pinum: 15, count: 0}
mknod(/numbers/4.num, 100644) -> 0
+ storage_stat(/numbers/4.num)
looking for 4.num
+ storage_stat(/numbers/4.num); inode 19
node{mode: 100644, size: 0, pinum: 15, count: 0}
getattr(/numbers/4.num) -> (0) {mode: 100644, size: 0}
access(/numbers/4.num, 0000) -> 0
open(/numbers/4.num) -> 0
ioctl(/numbers/4.num, 21505, ...) -> -1
looking for 4.num
looking for 4.num
write(/numbers/4.num, 2 bytes, @+0) -> 2
+ storage_stat(/numbers/5.num)
looking for 5.num
getattr(/numbers/5.num) -> (-2) {mode: 0000, size: 0}
directory name after copy = 5.num
looking for 5.num
***allocatiion of inode***
entering alloc inode
inum from ii is 20
+ alloc_page() -> 30
looking for numbers
Incremented count of numbers, pnode count = 5
+ mknod create /numbers/5.num [100644] - #20
***ending mknod and printing inode***
node{mode: 100644, size: 0, pinum: 15, count: 0}
+ dirent = '5.num'
node{mode: 100644, size: 0, pinum: 15, count: 0}
mknod(/numbers/5.num, 100644) -> 0
+ storage_stat(/numbers/5.num)
looking for 5.num
+ storage_stat(/numbers/5.num); inode 20
node{mode: 100644, size: 0, pinum: 15, count: 0}
getattr(/numbers/5.num) -> (0) {mode: 100644, size: 0}
access(/numbers/5.num, 0000) -> 0
open(/numbers/5.num) -> 0
ioctl(/numbers/5.num, 21505, ...) -> -1
looking for 5.num
looking for 5.num
write(/numbers/5.num, 2 bytes, @+0) -> 2
+ storage_stat(/numbers/6.num)
looking for 6.num
getattr(/numbers/6.num) -> (-2) {mode: 0000, size: 0}
directory name after copy = 6.num
looking for 6.num
***allocatiion of inode***
entering alloc inode
inum from ii is 21
+ alloc_page() -> 31
looking for numbers
Incremented count of numbers, pnode count = 6
+ mknod create /numbers/6.num [100644] - #21
***ending mknod and printing inode***
node{mode: 100644, size: 0, pinum: 15, count: 0}
+ dirent = '6.num'
node{mode: 100644, size: 0, pinum: 15, count: 0}
mknod(/numbers/6.num, 100644) -> 0
+ storage_stat(/numbers/6.num)
looking for 6.num
+ storage_stat(/numbers/6.num); inode 21
node{mode: 100644, size: 0, pinum: 15, count: 0}
getattr(/numbers/6.num) -> (0) {mode: 100644, size: 0}
access(/numbers/6.num, 0000) -> 0
open(/numbers/6.num) -> 0
ioctl(/numbers/6.num, 21505, ...) -> -1
looking for 6.num
looking for 6.num
write(/numbers/6.num, 2 bytes, @+0) -> 2
+ storage_stat(/numbers/7.num)
looking for 7.num
getattr(/numbers/7.num) -> (-2) {mode: 0000, size: 0}
directory name after copy = 7.num
looking for 7.num
***allocatiion of inode***
entering alloc inode
inum from ii is 22
+ alloc_page() -> 32
looking for numbers
Incremented count of numbers, pnode count = 7
+ mknod create /numbers/7.num [100644] - #22
***ending mknod and printing inode***
node{mode: 100644, size: 0, pinum: 15, count: 0}
+ dirent = '7.num'
node{mode: 100644, size: 0, pinum: 15, count: 0}
mknod(/numbers/7.num, 100644) -> 0
+ storage_stat(/numbers/7.num)
looking for 7.num
+ storage_stat(/numbers/7.num); inode 22
node{mode: 100644, size: 0, pinum: 15, count: 0}
getattr(/numbers/7.num) -> (0) {mode: 100644, size: 0}
access(/numbers/7.num, 0000) -> 0
open(/numbers/7.num) -> 0
ioctl(/numbers/7.num, 21505, ...) -> -1
looking for 7.num
looking for 7.num
write(/numbers/7.num, 2 bytes, @+0) -> 2
+ storage_stat(/numbers/8.num)
looking for 8.num
getattr(/numbers/8.num) -> (-2) {mode: 0000, size: 0}
directory name after copy = 8.num
looking for 8.num
***allocatiion of inode***
entering alloc inode
inum from ii is 23
+ alloc_page() -> 33
looking for numbers
Incremented count of numbers, pnode count = 8
+ mknod create /numbers/8.num [100644] - #23
***ending mknod and printing inode***
node{mode: 100644, size: 0, pinum: 15, count: 0}
+ dirent = '8.num'
node{mode: 100644, size: 0, pinum: 15, count: 0}
mknod(/numbers/8.num, 100644) -> 0
+ storage_stat(/numbers/8.num)
looking for 8.num
+ storage_stat(/numbers/8.num); inode 23
node{mode: 100644, size: 0, pinum: 15, count: 0}
getattr(/numbers/8.num) -> (0) {mode: 100644, size: 0}
access(/numbers/8.num, 0000) -> 0
open(/numbers/8.num) -> 0
ioctl(/numbers/8.num, 21505, ...) -> -1
looking for 8.num
looking for 8.num
write(/numbers/8.num, 2 bytes, @+0) -> 2
+ storage_stat(/numbers/9.num)
looking for 9.num
getattr(/numbers/9.num) -> (-2) {mode: 0000, size: 0}
directory name after copy = 9.num
looking for 9.num
***allocatiion of inode***
entering alloc inode
inum from ii is 24
+ alloc_page() -> 34
looking for numbers
Incremented count of numbers, pnode count = 9
+ mknod create /numbers/9.num [100644] - #24
***ending mknod and printing inode***
node{mode: 100644, size: 0, pinum: 15, count: 0}
+ dirent = '9.num'
node{mode: 100644, size: 0, pinum: 15, count: 0}
mknod(/numbers/9.num, 100644) -> 0
+ storage_stat(/numbers/9.num)
looking for 9.num
+ storage_stat(/numbers/9.num); inode 24
node{mode: 100644, size: 0, pinum: 15, count: 0}
getattr(/numbers/9.num) -> (0) {mode: 100644, size: 0}
access(/numbers/9.num, 0000) -> 0
open(/numbers/9.num) -> 0
ioctl(/numbers/9.num, 21505, ...) -> -1
looking for 9.num
looking for 9.num
write(/numbers/9.num, 2 bytes, @+0) -> 2
+ storage_stat(/numbers/10.num)
looking for 10.num
getattr(/numbers/10.num) -> (-2) {mode: 0000, size: 0}
directory name after copy = 10.num
looking for 10.num
***allocatiion of inode***
entering alloc inode
inum from ii is 25
+ alloc_page() -> 35
looking for numbers
Incremented count of numbers, pnode count = 10
+ mknod create /numbers/10.num [100644] - #25
***ending mknod and printing inode***
node{mode: 100644, size: 0, pinum: 15, count: 0}
+ dirent = '10.num'
node{mode: 100644, size: 0, pinum: 15, count: 0}
mknod(/numbers/10.num, 100644) -> 0
+ storage_stat(/numbers/10.num)
looking for 10.num
+ storage_stat(/numbers/10.num); inode 25
node{mode: 100644, size: 0, pinum: 15, count: 0}
getattr(/numbers/10.num) -> (0) {mode: 100644, size: 0}
access(/numbers/10.num, 0000) -> 0
open(/numbers/10.num) -> 0
ioctl(/numbers/10.num, 21505, ...) -> -1
looking for 10.num
looking for 10.num
write(/numbers/10.num, 3 bytes, @+0) -> 3
+ storage_stat(/numbers/11.num)
looking for 11.num
getattr(/numbers/11.num) -> (-2) {mode: 0000, size: 0}
directory name after copy = 11.num
looking for 11.num
***allocatiion of inode***
entering alloc inode
inum from ii is 26
+ alloc_page() -> 36
looking for numbers
Incremented count of numbers, pnode count = 11
+ mknod create /numbers/11.num [100644] - #26
***ending mknod and printing inode***
node{mode: 100644, size: 0, pinum: 15, count: 0}
+ dirent = '11.num'
node{mode: 100644, size: 0, pinum: 15, count: 0}
mknod(/numbers/11.num, 100644) -> 0
+ storage_stat(/numbers/11.num)
looking for 11.num
+ storage_stat(/numbers/11.num); inode 26
node{mode: 100644, size: 0, pinum: 15, count: 0}
getattr(/numbers/11.num) -> (0) {mode: 100644, size: 0}
access(/numbers/11.num, 0000) -> 0
open(/numbers/11.num) -> 0
ioctl(/numbers/11.num, 21505, ...) -> -1
looking for 11.num
looking for 11.num
write(/numbers/11.num, 3 bytes, @+0) -> 3
+ storage_stat(/numbers/12.num)
looking for 12.num
getattr(/numbers/12.num) -> (-2) {mode: 0000, size: 0}
directory name after copy = 12.num
looking for 12.num
***allocatiion of inode***
entering alloc inode
inum from ii is 27
+ alloc_page() -> 37
looking for numbers
Incremented count of numbers, pnode count = 12
+ mknod create /numbers/12.num [100644] - #27
***ending mknod and printing inode***
node{mode: 100644, size: 0, pinum: 15, count: 0}
+ dirent = '12.num'
node{mode: 100644, size: 0, pinum: 15, count: 0}
mknod(/numbers/12.num, 100644) -> 0
+ storage_stat(/numbers/12.num)
looking for 12.num
+ storage_stat(/numbers/12.num); inode 27
node{mode: 100644, size: 0, pinum: 15, count: 0}
getattr(/numbers/12.num) -> (0) {mode: 100644, size: 0}
access(/numbers/12.num, 0000) -> 0
open(/numbers/12.num) -> 0
ioctl(/numbers/12.num, 21505, ...) -> -1
looking for 12.num
looking for 12.num
write(/numbers/12.num, 3 bytes, @+0) -> 3
+ storage_stat(/numbers/13.num)
looking for 13.num
getattr(/numbers/13.num) -> (-2) {mode: 0000, size: 0}
directory name after copy = 13.num
looking for 13.num
***allocatiion of inode***
entering alloc inode
inum from ii is 28
+ alloc_page() -> 38
looking for numbers
Incremented count of numbers, pnode count = 13
+ mknod create /numbers/13.num [100644] - #28
***ending mknod and printing inode***
node{mode: 100644, size: 0, pinum: 15, count: 0}
+ dirent = '13.num'
node{mode: 100644, size: 0, pinum: 15, count: 0}
mknod(/numbers/13.num, 100644) -> 0
+ storage_stat(/numbers/13.num)
looking for 13.num
+ storage_stat(/numbers/13.num); inode 28
node{mode: 100644, size: 0, pinum: 15, count: 0}
getattr(/numbers/13.num) -> (0) {mode: 100644, size: 0}
access(/numbers/13.num, 0000) -> 0
open(/numbers/13.num) -> 0
ioctl(/numbers/13.num, 21505, ...) -> -1
looking for 13.num
looking for 13.num
write(/numbers/13.num, 3 bytes, @+0) -> 3
+ storage_stat(/numbers/14.num)
looking for 14.num
getattr(/numbers/14.num) -> (-2) {mode: 0000, size: 0}
directory name after copy = 14.num
looking for 14.num
***allocatiion of inode***
entering alloc inode
inum from ii is 29
+ alloc_page() -> 39
looking for numbers
Incremented count of numbers, pnode count = 14
+ mknod create /numbers/14.num [100644] - #29
***ending mknod and printing inode***
node{mode: 100644, size: 0, pinum: 15, count: 0}
+ dirent = '14.num'
node{mode: 100644, size: 0, pinum: 15, count: 0}
mknod(/numbers/14.num, 100644) -> 0
+ storage_stat(/numbers/14.num)
looking for 14.num
+ storage_stat(/numbers/14.num); inode 29
node{mode: 100644, size: 0, pinum: 15, count: 0}
getattr(/numbers/14.num) -> (0) {mode: 100644, size: 0}
access(/numbers/14.num, 0000) -> 0
open(/numbers/14.num) -> 0
ioctl(/numbers/14.num, 21505, ...) -> -1
looking for 14.num
looking for 14.num
write(/numbers/14.num, 3 bytes, @+0) -> 3
+ storage_stat(/numbers/15.num)
looking for 15.num
getattr(/numbers/15.num) -> (-2) {mode: 0000, size: 0}
directory name after copy = 15.num
looking for 15.num
***allocatiion of inode***
entering alloc inode
inum from ii is 30
+ alloc_page() -> 40
looking for numbers
Incremented count of numbers, pnode count = 15
+ mknod create /numbers/15.num [100644] - #30
***ending mknod and printing inode***
node{mode: 100644, size: 0, pinum: 15, count: 0}
+ dirent = '15.num'
node{mode: 100644, size: 0, pinum: 15, count: 0}
mknod(/numbers/15.num, 100644) -> 0
+ storage_stat(/numbers/15.num)
looking for 15.num
+ storage_stat(/numbers/15.num); inode 30
node{mode: 100644, size: 0, pinum: 15, count: 0}
getattr(/numbers/15.num) -> (0) {mode: 100644, size: 0}
access(/numbers/15.num, 0000) -> 0
open(/numbers/15.num) -> 0
ioctl(/numbers/15.num, 21505, ...) -> -1
looking for 15.num
looking for 15.num
write(/numbers/15.num, 3 bytes, @+0) -> 3
+ storage_stat(/numbers/16.num)
looking for 16.num
getattr(/numbers/16.num) -> (-2) {mode: 0000, size: 0}
directory name after copy = 16.num
looking for 16.num
***allocatiion of inode***
entering alloc inode
inum from ii is 31
+ alloc_page() -> 41
looking for numbers
Incremented count of numbers, pnode count = 16
+ mknod create /numbers/16.num [100644] - #31
***ending mknod and printing inode***
node{mode: 100644, size: 0, pinum: 15, count: 0}
+ dirent = '16.num'
node{mode: 100644, size: 0, pinum: 15, count: 0}
mknod(/numbers/16.num, 100644) -> 0
+ storage_stat(/numbers/16.num)
looking for 16.num
+ storage_stat(/numbers/16.num); inode 31
node{mode: 100644, size: 0, pinum: 15, count: 0}
getattr(/numbers/16.num) -> (0) {mode: 100644, size: 0}
access(/numbers/16.num, 0000) -> 0
open(/numbers/16.num) -> 0
ioctl(/numbers/16.num, 21505, ...) -> -1
looking for 16.num
looking for 16.num
write(/numbers/16.num, 3 bytes, @+0) -> 3
+ storage_stat(/numbers/17.num)
looking for 17.num
getattr(/numbers/17.num) -> (-2) {mode: 0000, size: 0}
directory name after copy = 17.num
looking for 17.num
***allocatiion of inode***
entering alloc inode
inum from ii is 32
+ alloc_page() -> 42
looking for numbers
Incremented count of numbers, pnode count = 17
+ mknod create /numbers/17.num [100644] - #32
***ending mknod and printing inode***
node{mode: 100644, size: 0, pinum: 15, count: 0}
+ dirent = '17.num'
node{mode: 100644, size: 0, pinum: 15, count: 0}
mknod(/numbers/17.num, 100644) -> 0
+ storage_stat(/numbers/17.num)
looking for 17.num
+ storage_stat(/numbers/17.num); inode 32
node{mode: 100644, size: 0, pinum: 15, count: 0}
getattr(/numbers/17.num) -> (0) {mode: 100644, size: 0}
access(/numbers/17.num, 0000) -> 0
open(/numbers/17.num) -> 0
ioctl(/numbers/17.num, 21505, ...) -> -1
looking for 17.num
looking for 17.num
write(/numbers/17.num, 3 bytes, @+0) -> 3
+ storage_stat(/numbers/18.num)
looking for 18.num
getattr(/numbers/18.num) -> (-2) {mode: 0000, size: 0}
directory name after copy = 18.num
looking for 18.num
***allocatiion of inode***
entering alloc inode
inum from ii is 33
+ alloc_page() -> 43
looking for numbers
Incremented count of numbers, pnode count = 18
+ mknod create /numbers/18.num [100644] - #33
***ending mknod and printing inode***
node{mode: 100644, size: 0, pinum: 15, count: 0}
+ dirent = '18.num'
node{mode: 100644, size: 0, pinum: 15, count: 0}
mknod(/numbers/18.num, 100644) -> 0
+ storage_stat(/numbers/18.num)
looking for 18.num
+ storage_stat(/numbers/18.num); inode 33
node{mode: 100644, size: 0, pinum: 15, count: 0}
getattr(/numbers/18.num) -> (0) {mode: 100644, size: 0}
access(/numbers/18.num, 0000) -> 0
open(/numbers/18.num) -> 0
ioctl(/numbers/18.num, 21505, ...) -> -1
looking for 18.num
looking for 18.num
write(/numbers/18.num, 3 bytes, @+0) -> 3
+ storage_stat(/numbers/19.num)
looking for 19.num
getattr(/numbers/19.num) -> (-2) {mode: 0000, size: 0}
directory name after copy = 19.num
looking for 19.num
***allocatiion of inode***
entering alloc inode
inum from ii is 34
+ alloc_page() -> 44
looking for numbers
Incremented count of numbers, pnode count = 19
+ mknod create /numbers/19.num [100644] - #34
***ending mknod and printing inode***
node{mode: 100644, size: 0, pinum: 15, count: 0}
+ dirent = '19.num'
node{mode: 100644, size: 0, pinum: 15, count: 0}
mknod(/numbers/19.num, 100644) -> 0
+ storage_stat(/numbers/19.num)
looking for 19.num
+ storage_stat(/numbers/19.num); inode 34
node{mode: 100644, size: 0, pinum: 15, count: 0}
getattr(/numbers/19.num) -> (0) {mode: 100644, size: 0}
access(/numbers/19.num, 0000) -> 0
open(/numbers/19.num) -> 0
ioctl(/numbers/19.num, 21505, ...) -> -1
looking for 19.num
looking for 19.num
write(/numbers/19.num, 3 bytes, @+0) -> 3
+ storage_stat(/numbers/20.num)
looking for 20.num
getattr(/numbers/20.num) -> (-2) {mode: 0000, size: 0}
directory name after copy = 20.num
looking for 20.num
***allocatiion of inode***
entering alloc inode
inum from ii is 35
+ alloc_page() -> 45
looking for numbers
Incremented count of numbers, pnode count = 20
+ mknod create /numbers/20.num [100644] - #35
***ending mknod and printing inode***
node{mode: 100644, size: 0, pinum: 15, count: 0}
+ dirent = '20.num'
node{mode: 100644, size: 0, pinum: 15, count: 0}
mknod(/numbers/20.num, 100644) -> 0
+ storage_stat(/numbers/20.num)
looking for 20.num
+ storage_stat(/numbers/20.num); inode 35
node{mode: 100644, size: 0, pinum: 15, count: 0}
getattr(/numbers/20.num) -> (0) {mode: 100644, size: 0}
access(/numbers/20.num, 0000) -> 0
open(/numbers/20.num) -> 0
ioctl(/numbers/20.num, 21505, ...) -> -1
looking for 20.num
looking for 20.num
write(/numbers/20.num, 3 bytes, @+0) -> 3
+ storage_stat(/numbers/21.num)
looking for 21.num
getattr(/numbers/21.num) -> (-2) {mode: 0000, size: 0}
directory name after copy = 21.num
looking for 21.num
***allocatiion of inode***
entering alloc inode
inum from ii is 36
+ alloc_page() -> 46
looking for numbers
Incremented count of numbers, pnode count = 21
+ mknod create /numbers/21.num [100644] - #36
***ending mknod and printing inode***
node{mode: 100644, size: 0, pinum: 15, count: 0}
+ dirent = '21.num'
node{mode: 100644, size: 0, pinum: 15, count: 0}
mknod(/numbers/21.num, 100644) -> 0
+ storage_stat(/numbers/21.num)
looking for 21.num
+ storage_stat(/numbers/21.num); inode 36
node{mode: 100644, size: 0, pinum: 15, count: 0}
getattr(/numbers/21.num) -> (0) {mode: 100644, size: 0}
access(/numbers/21.num, 0000) -> 0
open(/numbers/21.num) -> 0
ioctl(/numbers/21.num, 21505, ...) -> -1
looking for 21.num
looking for 21.num
write(/numbers/21.num, 3 bytes, @+0) -> 3
+ storage_stat(/numbers/22.num)
looking for 22.num
getattr(/numbers/22.num) -> (-2) {mode: 0000, size: 0}
directory name after copy = 22.num
looking for 22.num
***allocatiion of inode***
entering alloc inode
inum from ii is 37
+ alloc_page() -> 47
looking for numbers
Incremented count of numbers, pnode count = 22
+ mknod create /numbers/22.num [100644] - #37
***ending mknod and printing inode***
node{mode: 100644, size: 0, pinum: 15, count: 0}
+ dirent = '22.num'
node{mode: 100644, size: 0, pinum: 15, count: 0}
mknod(/numbers/22.num, 100644) -> 0
+ storage_stat(/numbers/22.num)
looking for 22.num
+ storage_stat(/numbers/22.num); inode 37
node{mode: 100644, size: 0, pinum: 15, count: 0}
getattr(/numbers/22.num) -> (0) {mode: 100644, size: 0}
access(/numbers/22.num, 0000) -> 0
open(/numbers/22.num) -> 0
ioctl(/numbers/22.num, 21505, ...) -> -1
looking for 22.num
looking for 22.num
write(/numbers/22.num, 3 bytes, @+0) -> 3
+ storage_stat(/numbers/23.num)
looking for 23.num
getattr(/numbers/23.num) -> (-2) {mode: 0000, size: 0}
directory name after copy = 23.num
looking for 23.num
***allocatiion of inode***
entering alloc inode
inum from ii is 38
+ alloc_page() -> 48
looking for numbers
Incremented count of numbers, pnode count = 23
+ mknod create /numbers/23.num [100644] - #38
***ending mknod and printing inode***
node{mode: 100644, size: 0, pinum: 15, count: 0}
+ dirent = '23.num'
node{mode: 100644, size: 0, pinum: 15, count: 0}
mknod(/numbers/23.num, 100644) -> 0
+ storage_stat(/numbers/23.num)
looking for 23.num
+ storage_stat(/numbers/23.num); inode 38
node{mode: 100644, size: 0, pinum: 15, count: 0}
getattr(/numbers/23.num) -> (0) {mode: 100644, size: 0}
access(/numbers/23.num, 0000) -> 0
open(/numbers/23.num) -> 0
ioctl(/numbers/23.num, 21505, ...) -> -1
looking for 23.num
looking for 23.num
write(/numbers/23.num, 3 bytes, @+0) -> 3
+ storage_stat(/numbers/24.num)
looking for 24.num
getattr(/numbers/24.num) -> (-2) {mode: 0000, size: 0}
directory name after copy = 24.num
looking for 24.num
***allocatiion of inode***
entering alloc inode
inum from ii is 39
+ alloc_page() -> 49
looking for numbers
Incremented count of numbers, pnode count = 24
+ mknod create /numbers/24.num [100644] - #39
***ending mknod and printing inode***
node{mode: 100644, size: 0, pinum: 15, count: 0}
+ dirent = '24.num'
node{mode: 100644, size: 0, pinum: 15, count: 0}
mknod(/numbers/24.num, 100644) -> 0
+ storage_stat(/numbers/24.num)
looking for 24.num
+ storage_stat(/numbers/24.num); inode 39
node{mode: 100644, size: 0, pinum: 15, count: 0}
getattr(/numbers/24.num) -> (0) {mode: 100644, size: 0}
access(/numbers/24.num, 0000) -> 0
open(/numbers/24.num) -> 0
ioctl(/numbers/24.num, 21505, ...) -> -1
looking for 24.num
looking for 24.num
write(/numbers/24.num, 3 bytes, @+0) -> 3
+ storage_stat(/numbers/25.num)
looking for 25.num
getattr(/numbers/25.num) -> (-2) {mode: 0000, size: 0}
directory name after copy = 25.num
looking for 25.num
***allocatiion of inode***
entering alloc inode
inum from ii is 40
+ alloc_page() -> 50
looking for numbers
Incremented count of numbers, pnode count = 25
+ mknod create /numbers/25.num [100644] - #40
***ending mknod and printing inode***
node{mode: 100644, size: 0, pinum: 15, count: 0}
+ dirent = '25.num'
node{mode: 100644, size: 0, pinum: 15, count: 0}
mknod(/numbers/25.num, 100644) -> 0
+ storage_stat(/numbers/25.num)
looking for 25.num
+ storage_stat(/numbers/25.num); inode 40
node{mode: 100644, size: 0, pinum: 15, count: 0}
getattr(/numbers/25.num) -> (0) {mode: 100644, size: 0}
access(/numbers/25.num, 0000) -> 0
open(/numbers/25.num) -> 0
ioctl(/numbers/25.num, 21505, ...) -> -1
looking for 25.num
looking for 25.num
write(/numbers/25.num, 3 bytes, @+0) -> 3
+ storage_stat(/numbers/26.num)
looking for 26.num
getattr(/numbers/26.num) -> (-2) {mode: 0000, size: 0}
directory name after copy = 26.num
looking for 26.num
***allocatiion of inode***
entering alloc inode
inum from ii is 41
+ alloc_page() -> 51
looking for numbers
Incremented count of numbers, pnode count = 26
+ mknod create /numbers/26.num [100644] - #41
***ending mknod and printing inode***
node{mode: 100644, size: 0, pinum: 15, count: 0}
+ dirent = '26.num'
node{mode: 100644, size: 0, pinum: 15, count: 0}
mknod(/numbers/26.num, 100644) -> 0
+ storage_stat(/numbers/26.num)
looking for 26.num
+ storage_stat(/numbers/26.num); inode 41
node{mode: 100644, size: 0, pinum: 15, count: 0}
getattr(/numbers/26.num) -> (0) {mode: 100644, size: 0}
access(/numbers/26.num, 0000) -> 0
open(/numbers/26.num) -> 0
ioctl(/numbers/26.num, 21505, ...) -> -1
looking for 26.num
looking for 26.num
write(/numbers/26.num, 3 bytes, @+0) -> 3
+ storage_stat(/numbers/27.num)
looking for 27.num
getattr(/numbers/27.num) -> (-2) {mode: 0000, size: 0}
directory name after copy = 27.num
looking for 27.num
***allocatiion of inode***
entering alloc inode
inum from ii is 42
+ alloc_page() -> 52
looking for numbers
Incremented count of numbers, pnode count = 27
+ mknod create /numbers/27.num [100644] - #42
***ending mknod and printing inode***
node{mode: 100644, size: 0, pinum: 15, count: 0}
+ dirent = '27.num'
node{mode: 100644, size: 0, pinum: 15, count: 0}
mknod(/numbers/27.num, 100644) -> 0
+ storage_stat(/numbers/27.num)
looking for 27.num
+ storage_stat(/numbers/27.num); inode 42
node{mode: 100644, size: 0, pinum: 15, count: 0}
getattr(/numbers/27.num) -> (0) {mode: 100644, size: 0}
access(/numbers/27.num, 0000) -> 0
open(/numbers/27.num) -> 0
ioctl(/numbers/27.num, 21505, ...) -> -1
looking for 27.num
looking for 27.num
write(/numbers/27.num, 3 bytes, @+0) -> 3
+ storage_stat(/numbers/28.num)
looking for 28.num
getattr(/numbers/28.num) -> (-2) {mode: 0000, size: 0}
directory name after copy = 28.num
looking for 28.num
***allocatiion of inode***
entering alloc inode
inum from ii is 43
+ alloc_page() -> 53
looking for numbers
Incremented count of numbers, pnode count = 28
+ mknod create /numbers/28.num [100644] - #43
***ending mknod and printing inode***
node{mode: 100644, size: 0, pinum: 15, count: 0}
+ dirent = '28.num'
node{mode: 100644, size: 0, pinum: 15, count: 0}
mknod(/numbers/28.num, 100644) -> 0
+ storage_stat(/numbers/28.num)
looking for 28.num
+ storage_stat(/numbers/28.num); inode 43
node{mode: 100644, size: 0, pinum: 15, count: 0}
getattr(/numbers/28.num) -> (0) {mode: 100644, size: 0}
access(/numbers/28.num, 0000) -> 0
open(/numbers/28.num) -> 0
ioctl(/numbers/28.num, 21505, ...) -> -1
looking for 28.num
looking for 28.num
write(/numbers/28.num, 3 bytes, @+0) -> 3
+ storage_stat(/numbers/29.num)
looking for 29.num
getattr(/numbers/29.num) -> (-2) {mode: 0000, size: 0}
directory name after copy = 29.num
looking for 29.num
***allocatiion of inode***
entering alloc inode
inum from ii is 44
+ alloc_page() -> 54
looking for numbers
Incremented count of numbers, pnode count = 29
+ mknod create /numbers/29.num [100644] - #44
***ending mknod and printing inode***
node{mode: 100644, size: 0, pinum: 15, count: 0}
+ dirent = '29.num'
node{mode: 100644, size: 0, pinum: 15, count: 0}
mknod(/numbers/29.num, 100644) -> 0
+ storage_stat(/numbers/29.num)
looking for 29.num
+ storage_stat(/numbers/29.num); inode 44
node{mode: 100644, size: 0, pinum: 15, count: 0}
getattr(/numbers/29.num) -> (0) {mode: 100644, size: 0}
access(/numbers/29.num, 0000) -> 0
open(/numbers/29.num) -> 0
ioctl(/numbers/29.num, 21505, ...) -> -1
looking for 29.num
looking for 29.num
write(/numbers/29.num, 3 bytes, @+0) -> 3
+ storage_stat(/numbers/30.num)
looking for 30.num
getattr(/numbers/30.num) -> (-2) {mode: 0000, size: 0}
directory name after copy = 30.num
looking for 30.num
***allocatiion of inode***
entering alloc inode
inum from ii is 45
+ alloc_page() -> 55
looking for numbers
Incremented count of numbers, pnode count = 30
+ mknod create /numbers/30.num [100644] - #45
***ending mknod and printing inode***
node{mode: 100644, size: 0, pinum: 15, count: 0}
+ dirent = '30.num'
node{mode: 100644, size: 0, pinum: 15, count: 0}
mknod(/numbers/30.num, 100644) -> 0
+ storage_stat(/numbers/30.num)
looking for 30.num
+ storage_stat(/numbers/30.num); inode 45
node{mode: 100644, size: 0, pinum: 15, count: 0}
getattr(/numbers/30.num) -> (0) {mode: 100644, size: 0}
access(/numbers/30.num, 0000) -> 0
open(/numbers/30.num) -> 0
ioctl(/numbers/30.num, 21505, ...) -> -1
looking for 30.num
looking for 30.num
write(/numbers/30.num, 3 bytes, @+0) -> 3
+ storage_stat(/numbers/31.num)
looking for 31.num
getattr(/numbers/31.num) -> (-2) {mode: 0000, size: 0}
directory name after copy = 31.num
looking for 31.num
***allocatiion of inode***
entering alloc inode
inum from ii is 46
+ alloc_page() -> 56
looking for numbers
Incremented count of numbers, pnode count = 31
+ mknod create /numbers/31.num [100644] - #46
***ending mknod and printing inode***
node{mode: 100644, size: 0, pinum: 15, count: 0}
+ dirent = '31.num'
node{mode: 100644, size: 0, pinum: 15, count: 0}
mknod(/numbers/31.num, 100644) -> 0
+ storage_stat(/numbers/31.num)
looking for 31.num
+ storage_stat(/numbers/31.num); inode 46
node{mode: 100644, size: 0, pinum: 15, count: 0}
getattr(/numbers/31.num) -> (0) {mode: 100644, size: 0}
access(/numbers/31.num, 0000) -> 0
open(/numbers/31.num) -> 0
ioctl(/numbers/31.num, 21505, ...) -> -1
looking for 31.num
looking for 31.num
write(/numbers/31.num, 3 bytes, @+0) -> 3
+ storage_stat(/numbers/32.num)
looking for 32.num
getattr(/numbers/32.num) -> (-2) {mode: 0000, size: 0}
directory name after copy = 32.num
looking for 32.num
***allocatiion of inode***
entering alloc inode
inum from ii is 47
+ alloc_page() -> 57
looking for numbers
Incremented count of numbers, pnode count = 32
+ mknod create /numbers/32.num [100644] - #47
***ending mknod and printing inode***
node{mode: 100644, size: 0, pinum: 15, count: 0}
+ dirent = '32.num'
node{mode: 100644, size: 0, pinum: 15, count: 0}
mknod(/numbers/32.num, 100644) -> 0
+ storage_stat(/numbers/32.num)
looking for 32.num
+ storage_stat(/numbers/32.num); inode 47
node{mode: 100644, size: 0, pinum: 15, count: 0}
getattr(/numbers/32.num) -> (0) {mode: 100644, size: 0}
access(/numbers/32.num, 0000) -> 0
open(/numbers/32.num) -> 0
ioctl(/numbers/32.num, 21505, ...) -> -1
looking for 32.num
looking for 32.num
write(/numbers/32.num, 3 bytes, @+0) -> 3
+ storage_stat(/numbers/33.num)
looking for 33.num
getattr(/numbers/33.num) -> (-2) {mode: 0000, size: 0}
directory name after copy = 33.num
looking for 33.num
***allocatiion of inode***
entering alloc inode
inum from ii is 48
+ alloc_page() -> 58
looking for numbers
Incremented count of numbers, pnode count = 33
+ mknod create /numbers/33.num [100644] - #48
***ending mknod and printing inode***
node{mode: 100644, size: 0, pinum: 15, count: 0}
+ dirent = '33.num'
node{mode: 100644, size: 0, pinum: 15, count: 0}
mknod(/numbers/33.num, 100644) -> 0
+ storage_stat(/numbers/33.num)
looking for 33.num
+ storage_stat(/numbers/33.num); inode 48
node{mode: 100644, size: 0, pinum: 15, count: 0}
getattr(/numbers/33.num) -> (0) {mode: 100644, size: 0}
access(/numbers/33.num, 0000) -> 0
open(/numbers/33.num) -> 0
ioctl(/numbers/33.num, 21505, ...) -> -1
looking for 33.num
looking for 33.num
write(/numbers/33.num, 3 bytes, @+0) -> 3
+ storage_stat(/numbers/34.num)
looking for 34.num
getattr(/numbers/34.num) -> (-2) {mode: 0000, size: 0}
directory name after copy = 34.num
looking for 34.num
***allocatiion of inode***
entering alloc inode
inum from ii is 49
+ alloc_page() -> 59
looking for numbers
Incremented count of numbers, pnode count = 34
+ mknod create /numbers/34.num [100644] - #49
***ending mknod and printing inode***
node{mode: 100644, size: 0, pinum: 15, count: 0}
+ dirent = '34.num'
node{mode: 100644, size: 0, pinum: 15, count: 0}
mknod(/numbers/34.num, 100644) -> 0
+ storage_stat(/numbers/34.num)
looking for 34.num
+ storage_stat(/numbers/34.num); inode 49
node{mode: 100644, size: 0, pinum: 15, count: 0}
getattr(/numbers/34.num) -> (0) {mode: 100644, size: 0}
access(/numbers/34.num, 0000) -> 0
open(/numbers/34.num) -> 0
ioctl(/numbers/34.num, 21505, ...) -> -1
looking for 34.num
looking for 34.num
write(/numbers/34.num, 3 bytes, @+0) -> 3
+ storage_stat(/numbers/35.num)
looking for 35.num
getattr(/numbers/35.num) -> (-2) {mode: 0000, size: 0}
directory name after copy = 35.num
looking for 35.num
***allocatiion of inode***
entering alloc inode
inum from ii is 50
+ alloc_page() -> 60
looking for numbers
Incremented count of numbers, pnode count = 35
+ mknod create /numbers/35.num [100644] - #50
***ending mknod and printing inode***
node{mode: 100644, size: 0, pinum: 15, count: 0}
+ dirent = '35.num'
node{mode: 100644, size: 0, pinum: 15, count: 0}
mknod(/numbers/35.num, 100644) -> 0
+ storage_stat(/numbers/35.num)
looking for 35.num
+ storage_stat(/numbers/35.num); inode 50
node{mode: 100644, size: 0, pinum: 15, count: 0}
getattr(/numbers/35.num) -> (0) {mode: 100644, size: 0}
access(/numbers/35.num, 0000) -> 0
open(/numbers/35.num) -> 0
ioctl(/numbers/35.num, 21505, ...) -> -1
looking for 35.num
looking for 35.num
write(/numbers/35.num, 3 bytes, @+0) -> 3
+ storage_stat(/numbers/36.num)
looking for 36.num
getattr(/numbers/36.num) -> (-2) {mode: 0000, size: 0}
directory name after copy = 36.num
looking for 36.num
***allocatiion of inode***
entering alloc inode
inum from ii is 51
+ alloc_page() -> 61
looking for numbers
Incremented count of numbers, pnode count = 36
+ mknod create /numbers/36.num [100644] - #51
***ending mknod and printing inode***
node{mode: 100644, size: 0, pinum: 15, count: 0}
+ dirent = '36.num'
node{mode: 100644, size: 0, pinum: 15, count: 0}
mknod(/numbers/36.num, 100644) -> 0
+ storage_stat(/numbers/36.num)
looking for 36.num
+ storage_stat(/numbers/36.num); inode 51
node{mode: 100644, size: 0, pinum: 15, count: 0}
getattr(/numbers/36.num) -> (0) {mode: 100644, size: 0}
access(/numbers/36.num, 0000) -> 0
open(/numbers/36.num) -> 0
ioctl(/numbers/36.num, 21505, ...) -> -1
looking for 36.num
looking for 36.num
write(/numbers/36.num, 3 bytes, @+0) -> 3
+ storage_stat(/numbers/37.num)
looking for 37.num
getattr(/numbers/37.num) -> (-2) {mode: 0000, size: 0}
directory name after copy = 37.num
looking for 37.num
***allocatiion of inode***
entering alloc inode
inum from ii is 52
+ alloc_page() -> 62
looking for numbers
Incremented count of numbers, pnode count = 37
+ mknod create /numbers/37.num [100644] - #52
***ending mknod and printing inode***
node{mode: 100644, size: 0, pinum: 15, count: 0}
+ dirent = '37.num'
node{mode: 100644, size: 0, pinum: 15, count: 0}
mknod(/numbers/37.num, 100644) -> 0
+ storage_stat(/numbers/37.num)
looking for 37.num
+ storage_stat(/numbers/37.num); inode 52
node{mode: 100644, size: 0, pinum: 15, count: 0}
getattr(/numbers/37.num) -> (0) {mode: 100644, size: 0}
access(/numbers/37.num, 0000) -> 0
open(/numbers/37.num) -> 0
ioctl(/numbers/37.num, 21505, ...) -> -1
looking for 37.num
looking for 37.num
write(/numbers/37.num, 3 bytes, @+0) -> 3
+ storage_stat(/numbers/38.num)
looking for 38.num
getattr(/numbers/38.num) -> (-2) {mode: 0000, size: 0}
directory name after copy = 38.num
looking for 38.num
***allocatiion of inode***
entering alloc inode
inum from ii is 53
+ alloc_page() -> 63
looking for numbers
Incremented count of numbers, pnode count = 38
+ mknod create /numbers/38.num [100644] - #53
***ending mknod and printing inode***
node{mode: 100644, size: 0, pinum: 15, count: 0}
+ dirent = '38.num'
node{mode: 100644, size: 0, pinum: 15, count: 0}
mknod(/numbers/38.num, 100644) -> 0
+ storage_stat(/numbers/38.num)
looking for 38.num
+ storage_stat(/numbers/38.num); inode 53
node{mode: 100644, size: 0, pinum: 15, count: 0}
getattr(/numbers/38.num) -> (0) {mode: 100644, size: 0}
access(/numbers/38.num, 0000) -> 0
open(/numbers/38.num) -> 0
+ storage_stat(/)
+ storage_stat(/); inode 1
node{mode: 40755, size: 0, pinum: 0, count: 1}
getattr(/) -> (0) {mode: 40755, size: 0}
ioctl(/numbers/38.num, 21505, ...) -> -1
looking for 38.num
looking for 38.num
write(/numbers/38.num, 3 bytes, @+0) -> 3
+ storage_stat(/numbers/39.num)
looking for 39.num
getattr(/numbers/39.num) -> (-2) {mode: 0000, size: 0}
directory name after copy = 39.num
looking for 39.num
***allocatiion of inode***
entering alloc inode
inum from ii is 54
+ alloc_page() -> 64
looking for numbers
Incremented count of numbers, pnode count = 39
+ mknod create /numbers/39.num [100644] - #54
***ending mknod and printing inode***
node{mode: 100644, size: 0, pinum: 15, count: 0}
+ dirent = '39.num'
node{mode: 100644, size: 0, pinum: 15, count: 0}
mknod(/numbers/39.num, 100644) -> 0
+ storage_stat(/numbers/39.num)
looking for 39.num
+ storage_stat(/numbers/39.num); inode 54
node{mode: 100644, size: 0, pinum: 15, count: 0}
getattr(/numbers/39.num) -> (0) {mode: 100644, size: 0}
access(/numbers/39.num, 0000) -> 0
open(/numbers/39.num) -> 0
ioctl(/numbers/39.num, 21505, ...) -> -1
looking for 39.num
looking for 39.num
write(/numbers/39.num, 3 bytes, @+0) -> 3
+ storage_stat(/numbers/40.num)
looking for 40.num
getattr(/numbers/40.num) -> (-2) {mode: 0000, size: 0}
directory name after copy = 40.num
looking for 40.num
***allocatiion of inode***
entering alloc inode
inum from ii is 55
+ alloc_page() -> 65
looking for numbers
Incremented count of numbers, pnode count = 40
+ mknod create /numbers/40.num [100644] - #55
***ending mknod and printing inode***
node{mode: 100644, size: 0, pinum: 15, count: 0}
+ dirent = '40.num'
node{mode: 100644, size: 0, pinum: 15, count: 0}
mknod(/numbers/40.num, 100644) -> 0
+ storage_stat(/numbers/40.num)
looking for 40.num
+ storage_stat(/numbers/40.num); inode 55
node{mode: 100644, size: 0, pinum: 15, count: 0}
getattr(/numbers/40.num) -> (0) {mode: 100644, size: 0}
access(/numbers/40.num, 0000) -> 0
open(/numbers/40.num) -> 0
ioctl(/numbers/40.num, 21505, ...) -> -1
looking for 40.num
looking for 40.num
write(/numbers/40.num, 3 bytes, @+0) -> 3
+ storage_stat(/numbers/41.num)
looking for 41.num
getattr(/numbers/41.num) -> (-2) {mode: 0000, size: 0}
directory name after copy = 41.num
looking for 41.num
***allocatiion of inode***
entering alloc inode
inum from ii is 56
+ alloc_page() -> 66
looking for numbers
Incremented count of numbers, pnode count = 41
+ mknod create /numbers/41.num [100644] - #56
***ending mknod and printing inode***
node{mode: 100644, size: 0, pinum: 15, count: 0}
+ dirent = '41.num'
node{mode: 100644, size: 0, pinum: 15, count: 0}
mknod(/numbers/41.num, 100644) -> 0
+ storage_stat(/numbers/41.num)
looking for 41.num
+ storage_stat(/numbers/41.num); inode 56
node{mode: 100644, size: 0, pinum: 15, count: 0}
getattr(/numbers/41.num) -> (0) {mode: 100644, size: 0}
access(/numbers/41.num, 0000) -> 0
open(/numbers/41.num) -> 0
ioctl(/numbers/41.num, 21505, ...) -> -1
looking for 41.num
looking for 41.num
write(/numbers/41.num, 3 bytes, @+0) -> 3
+ storage_stat(/numbers/42.num)
looking for 42.num
getattr(/numbers/42.num) -> (-2) {mode: 0000, size: 0}
directory name after copy = 42.num
looking for 42.num
***allocatiion of inode***
entering alloc inode
inum from ii is 57
+ alloc_page() -> 67
looking for numbers
Incremented count of numbers, pnode count = 42
+ mknod create /numbers/42.num [100644] - #57
***ending mknod and printing inode***
node{mode: 100644, size: 0, pinum: 15, count: 0}
+ dirent = '42.num'
node{mode: 100644, size: 0, pinum: 15, count: 0}
mknod(/numbers/42.num, 100644) -> 0
+ storage_stat(/numbers/42.num)
looking for 42.num
+ storage_stat(/numbers/42.num); inode 57
node{mode: 100644, size: 0, pinum: 15, count: 0}
getattr(/numbers/42.num) -> (0) {mode: 100644, size: 0}
access(/numbers/42.num, 0000) -> 0
open(/numbers/42.num) -> 0
ioctl(/numbers/42.num, 21505, ...) -> -1
looking for 42.num
looking for 42.num
write(/numbers/42.num, 3 bytes, @+0) -> 3
+ storage_stat(/numbers/43.num)
looking for 43.num
getattr(/numbers/43.num) -> (-2) {mode: 0000, size: 0}
directory name after copy = 43.num
looking for 43.num
***allocatiion of inode***
entering alloc inode
inum from ii is 58
+ alloc_page() -> 68
looking for numbers
Incremented count of numbers, pnode count = 43
+ mknod create /numbers/43.num [100644] - #58
***ending mknod and printing inode***
node{mode: 100644, size: 0, pinum: 15, count: 0}
+ dirent = '43.num'
node{mode: 100644, size: 0, pinum: 15, count: 0}
mknod(/numbers/43.num, 100644) -> 0
+ storage_stat(/numbers/43.num)
looking for 43.num
+ storage_stat(/numbers/43.num); inode 58
node{mode: 100644, size: 0, pinum: 15, count: 0}
getattr(/numbers/43.num) -> (0) {mode: 100644, size: 0}
access(/numbers/43.num, 0000) -> 0
open(/numbers/43.num) -> 0
ioctl(/numbers/43.num, 21505, ...) -> -1
looking for 43.num
looking for 43.num
write(/numbers/43.num, 3 bytes, @+0) -> 3
+ storage_stat(/numbers/44.num)
looking for 44.num
getattr(/numbers/44.num) -> (-2) {mode: 0000, size: 0}
directory name after copy = 44.num
looking for 44.num
***allocatiion of inode***
entering alloc inode
inum from ii is 59
+ alloc_page() -> 69
looking for numbers
Incremented count of numbers, pnode count = 44
+ mknod create /numbers/44.num [100644] - #59
***ending mknod and printing inode***
node{mode: 100644, size: 0, pinum: 15, count: 0}
+ dirent = '44.num'
node{mode: 100644, size: 0, pinum: 15, count: 0}
mknod(/numbers/44.num, 100644) -> 0
+ storage_stat(/numbers/44.num)
looking for 44.num
+ storage_stat(/numbers/44.num); inode 59
node{mode: 100644, size: 0, pinum: 15, count: 0}
getattr(/numbers/44.num) -> (0) {mode: 100644, size: 0}
access(/numbers/44.num, 0000) -> 0
open(/numbers/44.num) -> 0
ioctl(/numbers/44.num, 21505, ...) -> -1
looking for 44.num
looking for 44.num
write(/numbers/44.num, 3 bytes, @+0) -> 3
+ storage_stat(/numbers/45.num)
looking for 45.num
getattr(/numbers/45.num) -> (-2) {mode: 0000, size: 0}
directory name after copy = 45.num
looking for 45.num
***allocatiion of inode***
entering alloc inode
inum from ii is 60
+ alloc_page() -> 70
looking for numbers
Incremented count of numbers, pnode count = 45
+ mknod create /numbers/45.num [100644] - #60
***ending mknod and printing inode***
node{mode: 100644, size: 0, pinum: 15, count: 0}
+ dirent = '45.num'
node{mode: 100644, size: 0, pinum: 15, count: 0}
mknod(/numbers/45.num, 100644) -> 0
+ storage_stat(/numbers/45.num)
looking for 45.num
+ storage_stat(/numbers/45.num); inode 60
node{mode: 100644, size: 0, pinum: 15, count: 0}
getattr(/numbers/45.num) -> (0) {mode: 100644, size: 0}
access(/numbers/45.num, 0000) -> 0
open(/numbers/45.num) -> 0
ioctl(/numbers/45.num, 21505, ...) -> -1
looking for 45.num
looking for 45.num
write(/numbers/45.num, 3 bytes, @+0) -> 3
+ storage_stat(/numbers/46.num)
looking for 46.num
getattr(/numbers/46.num) -> (-2) {mode: 0000, size: 0}
directory name after copy = 46.num
looking for 46.num
***allocatiion of inode***
entering alloc inode
inum from ii is 61
+ alloc_page() -> 71
looking for numbers
Incremented count of numbers, pnode count = 46
+ mknod create /numbers/46.num [100644] - #61
***ending mknod and printing inode***
node{mode: 100644, size: 0, pinum: 15, count: 0}
+ dirent = '46.num'
node{mode: 100644, size: 0, pinum: 15, count: 0}
mknod(/numbers/46.num, 100644) -> 0
+ storage_stat(/numbers/46.num)
looking for 46.num
+ storage_stat(/numbers/46.num); inode 61
node{mode: 100644, size: 0, pinum: 15, count: 0}
getattr(/numbers/46.num) -> (0) {mode: 100644, size: 0}
access(/numbers/46.num, 0000) -> 0
open(/numbers/46.num) -> 0
ioctl(/numbers/46.num, 21505, ...) -> -1
looking for 46.num
looking for 46.num
write(/numbers/46.num, 3 bytes, @+0) -> 3
+ storage_stat(/numbers/47.num)
looking for 47.num
getattr(/numbers/47.num) -> (-2) {mode: 0000, size: 0}
directory name after copy = 47.num
looking for 47.num
***allocatiion of inode***
entering alloc inode
inum from ii is 62
+ alloc_page() -> 72
looking for numbers
Incremented count of numbers, pnode count = 47
+ mknod create /numbers/47.num [100644] - #62
***ending mknod and printing inode***
node{mode: 100644, size: 0, pinum: 15, count: 0}
+ dirent = '47.num'
node{mode: 100644, size: 0, pinum: 15, count: 0}
mknod(/numbers/47.num, 100644) -> 0
+ storage_stat(/numbers/47.num)
looking for 47.num
+ storage_stat(/numbers/47.num); inode 62
node{mode: 100644, size: 0, pinum: 15, count: 0}
getattr(/numbers/47.num) -> (0) {mode: 100644, size: 0}
access(/numbers/47.num, 0000) -> 0
open(/numbers/47.num) -> 0
ioctl(/numbers/47.num, 21505, ...) -> -1
looking for 47.num
looking for 47.num
write(/numbers/47.num, 3 bytes, @+0) -> 3
+ storage_stat(/numbers/48.num)
looking for 48.num
getattr(/numbers/48.num) -> (-2) {mode: 0000, size: 0}
directory name after copy = 48.num
looking for 48.num
***allocatiion of inode***
entering alloc inode
inum from ii is 63
+ alloc_page() -> 73
looking for numbers
Incremented count of numbers, pnode count = 48
+ mknod create /numbers/48.num [100644] - #63
***ending mknod and printing inode***
node{mode: 100644, size: 0, pinum: 15, count: 0}
+ dirent = '48.num'
node{mode: 100644, size: 0, pinum: 15, count: 0}
mknod(/numbers/48.num, 100644) -> 0
+ storage_stat(/numbers/48.num)
looking for 48.num
+ storage_stat(/numbers/48.num); inode 63
node{mode: 100644, size: 0, pinum: 15, count: 0}
getattr(/numbers/48.num) -> (0) {mode: 100644, size: 0}
access(/numbers/48.num, 0000) -> 0
open(/numbers/48.num) -> 0
ioctl(/numbers/48.num, 21505, ...) -> -1
looking for 48.num
looking for 48.num
write(/numbers/48.num, 3 bytes, @+0) -> 3
+ storage_stat(/numbers/49.num)
looking for 49.num
getattr(/numbers/49.num) -> (-2) {mode: 0000, size: 0}
directory name after copy = 49.num
looking for 49.num
***allocatiion of inode***
entering alloc inode
inum from ii is 64
+ alloc_page() -> 74
looking for numbers
Incremented count of numbers, pnode count = 49
+ mknod create /numbers/49.num [100644] - #64
***ending mknod and printing inode***
node{mode: 100644, size: 0, pinum: 15, count: 0}
+ dirent = '49.num'
node{mode: 100644, size: 0, pinum: 15, count: 0}
mknod(/numbers/49.num, 100644) -> 0
+ storage_stat(/numbers/49.num)
looking for 49.num
+ storage_stat(/numbers/49.num); inode 64
node{mode: 100644, size: 0, pinum: 15, count: 0}
getattr(/numbers/49.num) -> (0) {mode: 100644, size: 0}
access(/numbers/49.num, 0000) -> 0
open(/numbers/49.num) -> 0
ioctl(/numbers/49.num, 21505, ...) -> -1
looking for 49.num
looking for 49.num
write(/numbers/49.num, 3 bytes, @+0) -> 3
+ storage_stat(/numbers/50.num)
looking for 50.num
getattr(/numbers/50.num) -> (-2) {mode: 0000, size: 0}
directory name after copy = 50.num
looking for 50.num
***allocatiion of inode***
entering alloc inode
inum from ii is 65
+ alloc_page() -> 75
looking for numbers
Incremented count of numbers, pnode count = 50
+ mknod create /numbers/50.num [100644] - #65
***ending mknod and printing inode***
node{mode: 100644, size: 0, pinum: 15, count: 0}
+ dirent = '50.num'
node{mode: 100644, size: 0, pinum: 15, count: 0}
mknod(/numbers/50.num, 100644) -> 0
+ storage_stat(/numbers/50.num)
looking for 50.num
+ storage_stat(/numbers/50.num); inode 65
node{mode: 100644, size: 0, pinum: 15, count: 0}
getattr(/numbers/50.num) -> (0) {mode: 100644, size: 0}
access(/numbers/50.num, 0000) -> 0
open(/numbers/50.num) -> 0
ioctl(/numbers/50.num, 21505, ...) -> -1
looking for 50.num
looking for 50.num
write(/numbers/50.num, 3 bytes, @+0) -> 3
+ storage_stat(/numbers)
looking for numbers
+ storage_stat(/numbers); inode 15
node{mode: 40755, size: 0, pinum: 0, count: 50}
getattr(/numbers) -> (0) {mode: 40755, size: 0}
1.path in cow : /numbers
+ storage_stat(/numbers)
looking for numbers
+ storage_stat(/numbers); inode 15
node{mode: 40755, size: 0, pinum: 0, count: 50}
+ directory_list()
path in dirlist : /numbers
result of path=0
current directory returned is numbers
looking for numbers
current directory : numbers, directory lookup:15
node{mode: 40755, size: 0, pinum: 0, count: 50}
inode printing finished
ent = a
looking for a
node{mode: 40755, size: 0, pinum: 0, count: 1}
finished printing cnode
ent = b
looking for b
node{mode: 40755, size: 0, pinum: 1, count: 2}
finished printing cnode
ent = hek.txt
looking for hek.txt
node{mode: 100644, size: 0, pinum: 2, count: 0}
finished printing cnode
ent = c
looking for c
node{mode: 40755, size: 0, pinum: 2, count: 0}
finished printing cnode
ent = root.txt
looking for root.txt
node{mode: 100644, size: 0, pinum: 0, count: 0}
finished printing cnode
ent = foo
looking for foo
node{mode: 40755, size: 0, pinum: 0, count: 0}
finished printing cnode
ent = 40k.txt
looking for 40k.txt
node{mode: 100644, size: 40001, pinum: 0, count: 0}
finished printing cnode
ent = 2k.txt
looking for 2k.txt
node{mode: 100644, size: 2001, pinum: 0, count: 0}
finished printing cnode
ent = dir1
looking for dir1
node{mode: 40755, size: 0, pinum: 0, count: 1}
finished printing cnode
ent = dir2
looking for dir2
node{mode: 40755, size: 0, pinum: 9, count: 1}
finished printing cnode
ent = dir3
looking for dir3
node{mode: 40755, size: 0, pinum: 10, count: 1}
finished printing cnode
ent = dir4
looking for dir4
node{mode: 40755, size: 0, pinum: 11, count: 1}
finished printing cnode
ent = dir5
looking for dir5
node{mode: 40755, size: 0, pinum: 12, count: 1}
finished printing cnode
ent = hello.txt
looking for hello.txt
node{mode: 100644, size: 12, pinum: 13, count: 0}
finished printing cnode
ent = numbers
looking for numbers
node{mode: 40755, size: 0, pinum: 0, count: 50}
finished printing cnode
ent = 1.num
looking for 1.num
node{mode: 100644, size: 2, pinum: 15, count: 0}
finished printing cnode
ent = 1.num,cnode pinum : 15
 - 16: 1.num [16]
ent = 2.num
looking for 2.num
node{mode: 100644, size: 2, pinum: 15, count: 0}
finished printing cnode
ent = 2.num,cnode pinum : 15
 - 17: 2.num [17]
ent = 3.num
looking for 3.num
node{mode: 100644, size: 2, pinum: 15, count: 0}
finished printing cnode
ent = 3.num,cnode pinum : 15
 - 18: 3.num [18]
ent = 4.num
looking for 4.num
node{mode: 100644, size: 2, pinum: 15, count: 0}
finished printing cnode
ent = 4.num,cnode pinum : 15
 - 19: 4.num [19]
ent = 5.num
looking for 5.num
node{mode: 100644, size: 2, pinum: 15, count: 0}
finished printing cnode
ent = 5.num,cnode pinum : 15
 - 20: 5.num [20]
ent = 6.num
looking for 6.num
node{mode: 100644, size: 2, pinum: 15, count: 0}
finished printing cnode
ent = 6.num,cnode pinum : 15
 - 21: 6.num [21]
ent = 7.num
looking for 7.num
node{mode: 100644, size: 2, pinum: 15, count: 0}
finished printing cnode
ent = 7.num,cnode pinum : 15
 - 22: 7.num [22]
ent = 8.num
looking for 8.num
node{mode: 100644, size: 2, pinum: 15, count: 0}
finished printing cnode
ent = 8.num,cnode pinum : 15
 - 23: 8.num [23]
ent = 9.num
looking for 9.num
node{mode: 100644, size: 2, pinum: 15, count: 0}
finished printing cnode
ent = 9.num,cnode pinum : 15
 - 24: 9.num [24]
ent = 10.num
looking for 10.num
node{mode: 100644, size: 3, pinum: 15, count: 0}
finished printing cnode
ent = 10.num,cnode pinum : 15
 - 25: 10.num [25]
ent = 11.num
looking for 11.num
node{mode: 100644, size: 3, pinum: 15, count: 0}
finished printing cnode
ent = 11.num,cnode pinum : 15
 - 26: 11.num [26]
ent = 12.num
looking for 12.num
node{mode: 100644, size: 3, pinum: 15, count: 0}
finished printing cnode
ent = 12.num,cnode pinum : 15
 - 27: 12.num [27]
ent = 13.num
looking for 13.num
node{mode: 100644, size: 3, pinum: 15, count: 0}
finished printing cnode
ent = 13.num,cnode pinum : 15
 - 28: 13.num [28]
ent = 14.num
looking for 14.num
node{mode: 100644, size: 3, pinum: 15, count: 0}
finished printing cnode
ent = 14.num,cnode pinum : 15
 - 29: 14.num [29]
ent = 15.num
looking for 15.num
node{mode: 100644, size: 3, pinum: 15, count: 0}
finished printing cnode
ent = 15.num,cnode pinum : 15
 - 30: 15.num [30]
ent = 16.num
looking for 16.num
node{mode: 100644, size: 3, pinum: 15, count: 0}
finished printing cnode
ent = 16.num,cnode pinum : 15
 - 31: 16.num [31]
ent = 17.num
looking for 17.num
node{mode: 100644, size: 3, pinum: 15, count: 0}
finished printing cnode
ent = 17.num,cnode pinum : 15
 - 32: 17.num [32]
ent = 18.num
looking for 18.num
node{mode: 100644, size: 3, pinum: 15, count: 0}
finished printing cnode
ent = 18.num,cnode pinum : 15
 - 33: 18.num [33]
ent = 19.num
looking for 19.num
node{mode: 100644, size: 3, pinum: 15, count: 0}
finished printing cnode
ent = 19.num,cnode pinum : 15
 - 34: 19.num [34]
ent = 20.num
looking for 20.num
node{mode: 100644, size: 3, pinum: 15, count: 0}
finished printing cnode
ent = 20.num,cnode pinum : 15
 - 35: 20.num [35]
ent = 21.num
looking for 21.num
node{mode: 100644, size: 3, pinum: 15, count: 0}
finished printing cnode
ent = 21.num,cnode pinum : 15
 - 36: 21.num [36]
ent = 22.num
looking for 22.num
node{mode: 100644, size: 3, pinum: 15, count: 0}
finished printing cnode
ent = 22.num,cnode pinum : 15
 - 37: 22.num [37]
ent = 23.num
looking for 23.num
node{mode: 100644, size: 3, pinum: 15, count: 0}
finished printing cnode
ent = 23.num,cnode pinum : 15
 - 38: 23.num [38]
ent = 24.num
looking for 24.num
node{mode: 100644, size: 3, pinum: 15, count: 0}
finished printing cnode
ent = 24.num,cnode pinum : 15
 - 39: 24.num [39]
ent = 25.num
looking for 25.num
node{mode: 100644, size: 3, pinum: 15, count: 0}
finished printing cnode
ent = 25.num,cnode pinum : 15
 - 40: 25.num [40]
ent = 26.num
looking for 26.num
node{mode: 100644, size: 3, pinum: 15, count: 0}
finished printing cnode
ent = 26.num,cnode pinum : 15
 - 41: 26.num [41]
ent = 27.num
looking for 27.num
node{mode: 100644, size: 3, pinum: 15, count: 0}
finished printing cnode
ent = 27.num,cnode pinum : 15
 - 42: 27.num [42]
ent = 28.num
looking for 28.num
node{mode: 100644, size: 3, pinum: 15, count: 0}
finished printing cnode
ent = 28.num,cnode pinum : 15
 - 43: 28.num [43]
ent = 29.num
looking for 29.num
node{mode: 100644, size: 3, pinum: 15, count: 0}
finished printing cnode
ent = 29.num,cnode pinum : 15
 - 44: 29.num [44]
ent = 30.num
looking for 30.num
node{mode: 100644, size: 3, pinum: 15, count: 0}
finished printing cnode
ent = 30.num,cnode pinum : 15
 - 45: 30.num [45]
ent = 31.num
looking for 31.num
node{mode: 100644, size: 3, pinum: 15, count: 0}
finished printing cnode
ent = 31.num,cnode pinum : 15
 - 46: 31.num [46]
ent = 32.num
looking for 32.num
node{mode: 100644, size: 3, pinum: 15, count: 0}
finished printing cnode
ent = 32.num,cnode pinum : 15
 - 47: 32.num [47]
ent = 33.num
looking for 33.num
node{mode: 100644, size: 3, pinum: 15, count: 0}
finished printing cnode
ent = 33.num,cnode pinum : 15
 - 48: 33.num [48]
ent = 34.num
looking for 34.num
node{mode: 100644, size: 3, pinum: 15, count: 0}
finished printing cnode
ent = 34.num,cnode pinum : 15
 - 49: 34.num [49]
ent = 35.num
looking for 35.num
node{mode: 100644, size: 3, pinum: 15, count: 0}
finished printing cnode
ent = 35.num,cnode pinum : 15
 - 50: 35.num [50]
ent = 36.num
looking for 36.num
node{mode: 100644, size: 3, pinum: 15, count: 0}
finished printing cnode
ent = 36.num,cnode pinum : 15
 - 51: 36.num [51]
ent = 37.num
looking for 37.num
node{mode: 100644, size: 3, pinum: 15, count: 0}
finished printing cnode
ent = 37.num,cnode pinum : 15
 - 52: 37.num [52]
ent = 38.num
looking for 38.num
node{mode: 100644, size: 3, pinum: 15, count: 0}
finished printing cnode
ent = 38.num,cnode pinum : 15
 - 53: 38.num [53]
ent = 39.num
looking for 39.num
node{mode: 100644, size: 3, pinum: 15, count: 0}
finished printing cnode
ent = 39.num,cnode pinum : 15
 - 54: 39.num [54]
ent = 40.num
looking for 40.num
node{mode: 100644, size: 3, pinum: 15, count: 0}
finished printing cnode
ent = 40.num,cnode pinum : 15
 - 55: 40.num [55]
ent = 41.num
looking for 41.num
node{mode: 100644, size: 3, pinum: 15, count: 0}
finished printing cnode
ent = 41.num,cnode pinum : 15
 - 56: 41.num [56]
ent = 42.num
looking for 42.num
node{mode: 100644, size: 3, pinum: 15, count: 0}
finished printing cnode
ent = 42.num,cnode pinum : 15
 - 57: 42.num [57]
ent = 43.num
looking for 43.num
node{mode: 100644, size: 3, pinum: 15, count: 0}
finished printing cnode
ent = 43.num,cnode pinum : 15
 - 58: 43.num [58]
ent = 44.num
looking for 44.num
node{mode: 100644, size: 3, pinum: 15, count: 0}
finished printing cnode
ent = 44.num,cnode pinum : 15
 - 59: 44.num [59]
ent = 45.num
looking for 45.num
node{mode: 100644, size: 3, pinum: 15, count: 0}
finished printing cnode
ent = 45.num,cnode pinum : 15
 - 60: 45.num [60]
ent = 46.num
looking for 46.num
node{mode: 100644, size: 3, pinum: 15, count: 0}
finished printing cnode
ent = 46.num,cnode pinum : 15
 - 61: 46.num [61]
ent = 47.num
looking for 47.num
node{mode: 100644, size: 3, pinum: 15, count: 0}
finished printing cnode
ent = 47.num,cnode pinum : 15
 - 62: 47.num [62]
ent = 48.num
looking for 48.num
node{mode: 100644, size: 3, pinum: 15, count: 0}
finished printing cnode
ent = 48.num,cnode pinum : 15
 - 63: 48.num [63]
ent = 49.num
looking for 49.num
node{mode: 100644, size: 3, pinum: 15, count: 0}
finished printing cnode
ent = 49.num,cnode pinum : 15
 - 64: 49.num [64]
ent = 50.num
looking for 50.num
node{mode: 100644, size: 3, pinum: 15, count: 0}
finished printing cnode
ent = 50.num,cnode pinum : 15
 - 65: 50.num [65]
+ looking at path: '50.num'
+ storage_stat(/50.num)
looking for 50.num
+ storage_stat(/50.num); inode 65
node{mode: 100644, size: 3, pinum: 15, count: 0}
+ looking at path: '49.num'
+ storage_stat(/49.num)
looking for 49.num
+ storage_stat(/49.num); inode 64
node{mode: 100644, size: 3, pinum: 15, count: 0}
+ looking at path: '48.num'
+ storage_stat(/48.num)
looking for 48.num
+ storage_stat(/48.num); inode 63
node{mode: 100644, size: 3, pinum: 15, count: 0}
+ looking at path: '47.num'
+ storage_stat(/47.num)
looking for 47.num
+ storage_stat(/47.num); inode 62
node{mode: 100644, size: 3, pinum: 15, count: 0}
+ looking at path: '46.num'
+ storage_stat(/46.num)
looking for 46.num
+ storage_stat(/46.num); inode 61
node{mode: 100644, size: 3, pinum: 15, count: 0}
+ looking at path: '45.num'
+ storage_stat(/45.num)
looking for 45.num
+ storage_stat(/45.num); inode 60
node{mode: 100644, size: 3, pinum: 15, count: 0}
+ looking at path: '44.num'
+ storage_stat(/44.num)
looking for 44.num
+ storage_stat(/44.num); inode 59
node{mode: 100644, size: 3, pinum: 15, count: 0}
+ looking at path: '43.num'
+ storage_stat(/43.num)
looking for 43.num
+ storage_stat(/43.num); inode 58
node{mode: 100644, size: 3, pinum: 15, count: 0}
+ looking at path: '42.num'
+ storage_stat(/42.num)
looking for 42.num
+ storage_stat(/42.num); inode 57
node{mode: 100644, size: 3, pinum: 15, count: 0}
+ looking at path: '41.num'
+ storage_stat(/41.num)
looking for 41.num
+ storage_stat(/41.num); inode 56
node{mode: 100644, size: 3, pinum: 15, count: 0}
+ looking at path: '40.num'
+ storage_stat(/40.num)
looking for 40.num
+ storage_stat(/40.num); inode 55
node{mode: 100644, size: 3, pinum: 15, count: 0}
+ looking at path: '39.num'
+ storage_stat(/39.num)
looking for 39.num
+ storage_stat(/39.num); inode 54
node{mode: 100644, size: 3, pinum: 15, count: 0}
+ looking at path: '38.num'
+ storage_stat(/38.num)
looking for 38.num
+ storage_stat(/38.num); inode 53
node{mode: 100644, size: 3, pinum: 15, count: 0}
+ looking at path: '37.num'
+ storage_stat(/37.num)
looking for 37.num
+ storage_stat(/37.num); inode 52
node{mode: 100644, size: 3, pinum: 15, count: 0}
+ looking at path: '36.num'
+ storage_stat(/36.num)
looking for 36.num
+ storage_stat(/36.num); inode 51
node{mode: 100644, size: 3, pinum: 15, count: 0}
+ looking at path: '35.num'
+ storage_stat(/35.num)
looking for 35.num
+ storage_stat(/35.num); inode 50
node{mode: 100644, size: 3, pinum: 15, count: 0}
+ looking at path: '34.num'
+ storage_stat(/34.num)
looking for 34.num
+ storage_stat(/34.num); inode 49
node{mode: 100644, size: 3, pinum: 15, count: 0}
+ looking at path: '33.num'
+ storage_stat(/33.num)
looking for 33.num
+ storage_stat(/33.num); inode 48
node{mode: 100644, size: 3, pinum: 15, count: 0}
+ looking at path: '32.num'
+ storage_stat(/32.num)
looking for 32.num
+ storage_stat(/32.num); inode 47
node{mode: 100644, size: 3, pinum: 15, count: 0}
+ looking at path: '31.num'
+ storage_stat(/31.num)
looking for 31.num
+ storage_stat(/31.num); inode 46
node{mode: 100644, size: 3, pinum: 15, count: 0}
+ looking at path: '30.num'
+ storage_stat(/30.num)
looking for 30.num
+ storage_stat(/30.num); inode 45
node{mode: 100644, size: 3, pinum: 15, count: 0}
+ looking at path: '29.num'
+ storage_stat(/29.num)
looking for 29.num
+ storage_stat(/29.num); inode 44
node{mode: 100644, size: 3, pinum: 15, count: 0}
+ looking at path: '28.num'
+ storage_stat(/28.num)
looking for 28.num
+ storage_stat(/28.num); inode 43
node{mode: 100644, size: 3, pinum: 15, count: 0}
+ looking at path: '27.num'
+ storage_stat(/27.num)
looking for 27.num
+ storage_stat(/27.num); inode 42
node{mode: 100644, size: 3, pinum: 15, count: 0}
+ looking at path: '26.num'
+ storage_stat(/26.num)
looking for 26.num
+ storage_stat(/26.num); inode 41
node{mode: 100644, size: 3, pinum: 15, count: 0}
+ looking at path: '25.num'
+ storage_stat(/25.num)
looking for 25.num
+ storage_stat(/25.num); inode 40
node{mode: 100644, size: 3, pinum: 15, count: 0}
+ looking at path: '24.num'
+ storage_stat(/24.num)
looking for 24.num
+ storage_stat(/24.num); inode 39
node{mode: 100644, size: 3, pinum: 15, count: 0}
+ looking at path: '23.num'
+ storage_stat(/23.num)
looking for 23.num
+ storage_stat(/23.num); inode 38
node{mode: 100644, size: 3, pinum: 15, count: 0}
+ looking at path: '22.num'
+ storage_stat(/22.num)
looking for 22.num
+ storage_stat(/22.num); inode 37
node{mode: 100644, size: 3, pinum: 15, count: 0}
+ looking at path: '21.num'
+ storage_stat(/21.num)
looking for 21.num
+ storage_stat(/21.num); inode 36
node{mode: 100644, size: 3, pinum: 15, count: 0}
+ looking at path: '20.num'
+ storage_stat(/20.num)
looking for 20.num
+ storage_stat(/20.num); inode 35
node{mode: 100644, size: 3, pinum: 15, count: 0}
+ looking at path: '19.num'
+ storage_stat(/19.num)
looking for 19.num
+ storage_stat(/19.num); inode 34
node{mode: 100644, size: 3, pinum: 15, count: 0}
+ looking at path: '18.num'
+ storage_stat(/18.num)
looking for 18.num
+ storage_stat(/18.num); inode 33
node{mode: 100644, size: 3, pinum: 15, count: 0}
+ looking at path: '17.num'
+ storage_stat(/17.num)
looking for 17.num
+ storage_stat(/17.num); inode 32
node{mode: 100644, size: 3, pinum: 15, count: 0}
+ looking at path: '16.num'
+ storage_stat(/16.num)
looking for 16.num
+ storage_stat(/16.num); inode 31
node{mode: 100644, size: 3, pinum: 15, count: 0}
+ looking at path: '15.num'
+ storage_stat(/15.num)
looking for 15.num
+ storage_stat(/15.num); inode 30
node{mode: 100644, size: 3, pinum: 15, count: 0}
+ looking at path: '14.num'
+ storage_stat(/14.num)
looking for 14.num
+ storage_stat(/14.num); inode 29
node{mode: 100644, size: 3, pinum: 15, count: 0}
+ looking at path: '13.num'
+ storage_stat(/13.num)
looking for 13.num
+ storage_stat(/13.num); inode 28
node{mode: 100644, size: 3, pinum: 15, count: 0}
+ looking at path: '12.num'
+ storage_stat(/12.num)
looking for 12.num
+ storage_stat(/12.num); inode 27
node{mode: 100644, size: 3, pinum: 15, count: 0}
+ looking at path: '11.num'
+ storage_stat(/11.num)
looking for 11.num
+ storage_stat(/11.num); inode 26
node{mode: 100644, size: 3, pinum: 15, count: 0}
+ looking at path: '10.num'
+ storage_stat(/10.num)
looking for 10.num
+ storage_stat(/10.num); inode 25
node{mode: 100644, size: 3, pinum: 15, count: 0}
+ looking at path: '9.num'
+ storage_stat(/9.num)
looking for 9.num
+ storage_stat(/9.num); inode 24
node{mode: 100644, size: 2, pinum: 15, count: 0}
+ looking at path: '8.num'
+ storage_stat(/8.num)
looking for 8.num
+ storage_stat(/8.num); inode 23
node{mode: 100644, size: 2, pinum: 15, count: 0}
+ looking at path: '7.num'
+ storage_stat(/7.num)
looking for 7.num
+ storage_stat(/7.num); inode 22
node{mode: 100644, size: 2, pinum: 15, count: 0}
+ looking at path: '6.num'
+ storage_stat(/6.num)
looking for 6.num
+ storage_stat(/6.num); inode 21
node{mode: 100644, size: 2, pinum: 15, count: 0}
+ looking at path: '5.num'
+ storage_stat(/5.num)
looking for 5.num
+ storage_stat(/5.num); inode 20
node{mode: 100644, size: 2, pinum: 15, count: 0}
+ looking at path: '4.num'
+ storage_stat(/4.num)
looking for 4.num
+ storage_stat(/4.num); inode 19
node{mode: 100644, size: 2, pinum: 15, count: 0}
+ looking at path: '3.num'
+ storage_stat(/3.num)
looking for 3.num
+ storage_stat(/3.num); inode 18
node{mode: 100644, size: 2, pinum: 15, count: 0}
+ looking at path: '2.num'
+ storage_stat(/2.num)
looking for 2.num
+ storage_stat(/2.num); inode 17
node{mode: 100644, size: 2, pinum: 15, count: 0}
+ looking at path: '1.num'
+ storage_stat(/1.num)
looking for 1.num
+ storage_stat(/1.num); inode 16
node{mode: 100644, size: 2, pinum: 15, count: 0}
readdir(/numbers) -> 0
access(/numbers/10.num, 0000) -> 0
open(/numbers/10.num) -> 0
ioctl(/numbers/10.num, 21505, ...) -> -1
+ storage_stat(/numbers/10.num)
looking for 10.num
+ storage_stat(/numbers/10.num); inode 25
node{mode: 100644, size: 3, pinum: 15, count: 0}
getattr(/numbers/10.num) -> (0) {mode: 100644, size: 3}
storage_read called, buffer is

looking for 10.num
read(/numbers/10.num, 4096 bytes, @+0) -> 4096
+ storage_stat(/numbers/10.num)
looking for 10.num
+ storage_stat(/numbers/10.num); inode 25
node{mode: 100644, size: 3, pinum: 15, count: 0}
getattr(/numbers/10.num) -> (0) {mode: 100644, size: 3}
access(/numbers/20.num, 0000) -> 0
open(/numbers/20.num) -> 0
ioctl(/numbers/20.num, 21505, ...) -> -1
+ storage_stat(/numbers/20.num)
looking for 20.num
+ storage_stat(/numbers/20.num); inode 35
node{mode: 100644, size: 3, pinum: 15, count: 0}
getattr(/numbers/20.num) -> (0) {mode: 100644, size: 3}
storage_read called, buffer is
10

looking for 20.num
read(/numbers/20.num, 4096 bytes, @+0) -> 4096
+ storage_stat(/numbers/20.num)
looking for 20.num
+ storage_stat(/numbers/20.num); inode 35
node{mode: 100644, size: 3, pinum: 15, count: 0}
getattr(/numbers/20.num) -> (0) {mode: 100644, size: 3}
access(/numbers/30.num, 0000) -> 0
open(/numbers/30.num) -> 0
ioctl(/numbers/30.num, 21505, ...) -> -1
+ storage_stat(/numbers/30.num)
looking for 30.num
+ storage_stat(/numbers/30.num); inode 45
node{mode: 100644, size: 3, pinum: 15, count: 0}
getattr(/numbers/30.num) -> (0) {mode: 100644, size: 3}
storage_read called, buffer is
20

looking for 30.num
read(/numbers/30.num, 4096 bytes, @+0) -> 4096
+ storage_stat(/numbers/30.num)
looking for 30.num
+ storage_stat(/numbers/30.num); inode 45
node{mode: 100644, size: 3, pinum: 15, count: 0}
getattr(/numbers/30.num) -> (0) {mode: 100644, size: 3}
access(/numbers/40.num, 0000) -> 0
open(/numbers/40.num) -> 0
ioctl(/numbers/40.num, 21505, ...) -> -1
+ storage_stat(/numbers/40.num)
looking for 40.num
+ storage_stat(/numbers/40.num); inode 55
node{mode: 100644, size: 3, pinum: 15, count: 0}
getattr(/numbers/40.num) -> (0) {mode: 100644, size: 3}
storage_read called, buffer is
30

looking for 40.num
read(/numbersfusermount -u mnt || true
/40.num, 4096 bytes, @+0) -> 4096
+ storage_stat(/numbers/40.num)
looking for 40.num
+ storage_stat(/numbers/40.num); inode 55
node{mode: 100644, size: 3, pinum: 15, count: 0}
getattr(/numbers/40.num) -> (0) {mode: 100644, size: 3}
access(/numbers/50.num, 0000) -> 0
open(/numbers/50.num) -> 0
ioctl(/numbers/50.num, 21505, ...) -> -1
+ storage_stat(/numbers/50.num)
looking for 50.num
+ storage_stat(/numbers/50.num); inode 65
node{mode: 100644, size: 3, pinum: 15, count: 0}
getattr(/numbers/50.num) -> (0) {mode: 100644, size: 3}
storage_read called, buffer is
40

looking for 50.num
read(/numbers/50.num, 4096 bytes, @+0) -> 4096
+ storage_stat(/numbers/50.num)
looking for 50.num
+ storage_stat(/numbers/50.num); inode 65
node{mode: 100644, size: 3, pinum: 15, count: 0}
getattr(/numbers/50.num) -> (0) {mode: 100644, size: 3}
+ storage_stat(/numbers/7.num)
looking for 7.num
+ storage_stat(/numbers/7.num); inode 22
node{mode: 100644, size: 2, pinum: 15, count: 0}
getattr(/numbers/7.num) -> (0) {mode: 100644, size: 2}
access(/numbers/7.num, 0002) -> 0
 + directory_delete(numbers/7.num)
looking for numbers/7.num
+ free_inode(-2)
+ free_page(0)
unlink(/numbers/7.num) -> 0
+ storage_stat(/numbers/14.num)
looking for 14.num
+ storage_stat(/numbers/14.num); inode 29
node{mode: 100644, size: 3, pinum: 15, count: 0}
getattr(/numbers/14.num) -> (0) {mode: 100644, size: 3}
access(/numbers/14.num, 0002) -> 0
 + directory_delete(numbers/14.num)
looking for numbers/14.num
+ free_inode(-2)
+ free_page(0)
unlink(/numbers/14.num) -> 0
+ storage_stat(/numbers/21.num)
looking for 21.num
+ storage_stat(/numbers/21.num); inode 36
node{mode: 100644, size: 3, pinum: 15, count: 0}
getattr(/numbers/21.num) -> (0) {mode: 100644, size: 3}
access(/numbers/21.num, 0002) -> 0
 + directory_delete(numbers/21.num)
looking for numbers/21.num
+ free_inode(-2)
+ free_page(0)
unlink(/numbers/21.num) -> 0
+ storage_stat(/numbers/28.num)
looking for 28.num
+ storage_stat(/numbers/28.num); inode 43
node{mode: 100644, size: 3, pinum: 15, count: 0}
getattr(/numbers/28.num) -> (0) {mode: 100644, size: 3}
access(/numbers/28.num, 0002) -> 0
 + directory_delete(numbers/28.num)
looking for numbers/28.num
+ free_inode(-2)
+ free_page(0)
unlink(/numbers/28.num) -> 0
make disk0.cow
make[1]: Entering directory '/home/hariram/Desktop/computer-systems/CS5600/starter-cow'
make[1]: 'disk0.cow' is up to date.
make[1]: Leaving directory '/home/hariram/Desktop/computer-systems/CS5600/starter-cow'
./cowmount -s -f mnt disk0.cow
+ storage_stat(/BDMV)
looking for BDMV
getattr(/BDMV) -> (-2) {mode: 0000, size: 0}
+ storage_stat(/.xdg-volume-info)
looking for .xdg-volume-info
getattr(/.xdg-volume-info) -> (-2) {mode: 0000, size: 0}
+ storage_stat(/autorun.inf)
looking for autorun.inf
getattr(/autorun.inf) -> (-2) {mode: 0000, size: 0}
+ storage_stat(/)
+ storage_stat(/); inode 1
node{mode: 40755, size: 0, pinum: 0, count: 1}
getattr(/) -> (0) {mode: 40755, size: 0}
1.path in cow : /
+ storage_stat(/)
+ storage_stat(/); inode 1
node{mode: 40755, size: 0, pinum: 0, count: 1}
+ directory_list()
path in dirlist : /
result of path=1
root
looking for a
node{mode: 40755, size: 0, pinum: 0, count: 1}
 - 1: a [1]
looking for b
node{mode: 40755, size: 0, pinum: 1, count: 2}
looking for hek.txt
node{mode: 100644, size: 0, pinum: 2, count: 0}
looking for c
node{mode: 40755, size: 0, pinum: 2, count: 0}
looking for root.txt
node{mode: 100644, size: 0, pinum: 0, count: 0}
 - 5: root.txt [5]
looking for foo
node{mode: 40755, size: 0, pinum: 0, count: 0}
 - 6: foo [6]
looking for 40k.txt
node{mode: 100644, size: 40001, pinum: 0, count: 0}
 - 7: 40k.txt [7]
looking for 2k.txt
node{mode: 100644, size: 2001, pinum: 0, count: 0}
 - 8: 2k.txt [8]
looking for dir1
node{mode: 40755, size: 0, pinum: 0, count: 1}
 - 9: dir1 [9]
looking for dir2
node{mode: 40755, size: 0, pinum: 9, count: 1}
looking for dir3
node{mode: 40755, size: 0, pinum: 10, count: 1}
looking for dir4
node{mode: 40755, size: 0, pinum: 11, count: 1}
looking for dir5
node{mode: 40755, size: 0, pinum: 12, count: 1}
looking for hello.txt
node{mode: 100644, size: 12, pinum: 13, count: 0}
looking for numbers
node{mode: 40755, size: 0, pinum: 0, count: 50}
 - 15: numbers [15]
looking for 1.num
node{mode: 100644, size: 2, pinum: 15, count: 0}
looking for 2.num
node{mode: 100644, size: 2, pinum: 15, count: 0}
looking for 3.num
node{mode: 100644, size: 2, pinum: 15, count: 0}
looking for 4.num
node{mode: 100644, size: 2, pinum: 15, count: 0}
looking for 5.num
node{mode: 100644, size: 2, pinum: 15, count: 0}
looking for 6.num
node{mode: 100644, size: 2, pinum: 15, count: 0}
looking for 7.num
node{mode: 100644, size: 2, pinum: 15, count: 0}
looking for 8.num
node{mode: 100644, size: 2, pinum: 15, count: 0}
looking for 9.num
node{mode: 100644, size: 2, pinum: 15, count: 0}
looking for 10.num
node{mode: 100644, size: 3, pinum: 15, count: 0}
looking for 11.num
node{mode: 100644, size: 3, pinum: 15, count: 0}
looking for 12.num
node{mode: 100644, size: 3, pinum: 15, count: 0}
looking for 13.num
node{mode: 100644, size: 3, pinum: 15, count: 0}
looking for 14.num
node{mode: 100644, size: 3, pinum: 15, count: 0}
looking for 15.num
node{mode: 100644, size: 3, pinum: 15, count: 0}
looking for 16.num
node{mode: 100644, size: 3, pinum: 15, count: 0}
looking for 17.num
node{mode: 100644, size: 3, pinum: 15, count: 0}
looking for 18.num
node{mode: 100644, size: 3, pinum: 15, count: 0}
looking for 19.num
node{mode: 100644, size: 3, pinum: 15, count: 0}
looking for 20.num
node{mode: 100644, size: 3, pinum: 15, count: 0}
looking for 21.num
node{mode: 100644, size: 3, pinum: 15, count: 0}
looking for 22.num
node{mode: 100644, size: 3, pinum: 15, count: 0}
looking for 23.num
node{mode: 100644, size: 3, pinum: 15, count: 0}
looking for 24.num
node{mode: 100644, size: 3, pinum: 15, count: 0}
looking for 25.num
node{mode: 100644, size: 3, pinum: 15, count: 0}
looking for 26.num
node{mode: 100644, size: 3, pinum: 15, count: 0}
looking for 27.num
node{mode: 100644, size: 3, pinum: 15, count: 0}
looking for 28.num
node{mode: 100644, size: 3, pinum: 15, count: 0}
looking for 29.num
node{mode: 100644, size: 3, pinum: 15, count: 0}
looking for 30.num
node{mode: 100644, size: 3, pinum: 15, count: 0}
looking for 31.num
node{mode: 100644, size: 3, pinum: 15, count: 0}
looking for 32.num
node{mode: 100644, size: 3, pinum: 15, count: 0}
looking for 33.num
node{mode: 100644, size: 3, pinum: 15, count: 0}
looking for 34.num
node{mode: 100644, size: 3, pinum: 15, count: 0}
looking for 35.num
node{mode: 100644, size: 3, pinum: 15, count: 0}
looking for 36.num
node{mode: 100644, size: 3, pinum: 15, count: 0}
looking for 37.num
node{mode: 100644, size: 3, pinum: 15, count: 0}
looking for 38.num
node{mode: 100644, size: 3, pinum: 15, count: 0}
looking for 39.num
node{mode: 100644, size: 3, pinum: 15, count: 0}
looking for 40.num
node{mode: 100644, size: 3, pinum: 15, count: 0}
looking for 41.num
node{mode: 100644, size: 3, pinum: 15, count: 0}
looking for 42.num
node{mode: 100644, size: 3, pinum: 15, count: 0}
looking for 43.num
node{mode: 100644, size: 3, pinum: 15, count: 0}
looking for 44.num
node{mode: 100644, size: 3, pinum: 15, count: 0}
looking for 45.num
node{mode: 100644, size: 3, pinum: 15, count: 0}
looking for 46.num
node{mode: 100644, size: 3, pinum: 15, count: 0}
looking for 47.num
node{mode: 100644, size: 3, pinum: 15, count: 0}
looking for 48.num
node{mode: 100644, size: 3, pinum: 15, count: 0}
looking for 49.num
node{mode: 100644, size: 3, pinum: 15, count: 0}
looking for 50.num
node{mode: 100644, size: 3, pinum: 15, count: 0}
+ looking at path: 'numbers'
+ storage_stat(/numbers)
looking for numbers
+ storage_stat(/numbers); inode 15
node{mode: 40755, size: 0, pinum: 0, count: 50}
+ looking at path: 'dir1'
+ storage_stat(/dir1)
looking for dir1
+ storage_stat(/dir1); inode 9
node{mode: 40755, size: 0, pinum: 0, count: 1}
+ looking at path: '2k.txt'
+ storage_stat(/2k.txt)
looking for 2k.txt
+ storage_stat(/2k.txt); inode 8
node{mode: 100644, size: 2001, pinum: 0, count: 0}
+ looking at path: '40k.txt'
+ storage_stat(/40k.txt)
looking for 40k.txt
+ storage_stat(/40k.txt); inode 7
node{mode: 100644, size: 40001, pinum: 0, count: 0}
+ looking at path: 'foo'
+ storage_stat(/foo)
looking for foo
+ storage_stat(/foo); inode 6
node{mode: 40755, size: 0, pinum: 0, count: 0}
+ looking at path: 'root.txt'
+ storage_stat(/root.txt)
looking for root.txt
+ storage_stat(/root.txt); inode 5
node{mode: 100644, size: 0, pinum: 0, count: 0}
+ looking at path: 'a'
+ storage_stat(/a)
looking for a
+ storage_stat(/a); inode 1
node{mode: 40755, size: 0, pinum: 0, count: 1}
readdir(/) -> 0
+ storage_stat(/)
+ storage_stat(/); inode 1
node{mode: 40755, size: 0, pinum: 0, count: 1}
getattr(/) -> (0) {mode: 40755, size: 0}
1.path in cow : /
+ storage_stat(/)
+ storage_stat(/); inode 1
node{mode: 40755, size: 0, pinum: 0, count: 1}
+ directory_list()
path in dirlist : /
result of path=1
root
looking for a
node{mode: 40755, size: 0, pinum: 0, count: 1}
 - 1: a [1]
looking for b
node{mode: 40755, size: 0, pinum: 1, count: 2}
looking for hek.txt
node{mode: 100644, size: 0, pinum: 2, count: 0}
looking for c
node{mode: 40755, size: 0, pinum: 2, count: 0}
looking for root.txt
node{mode: 100644, size: 0, pinum: 0, count: 0}
 - 5: root.txt [5]
looking for foo
node{mode: 40755, size: 0, pinum: 0, count: 0}
 - 6: foo [6]
looking for 40k.txt
node{mode: 100644, size: 40001, pinum: 0, count: 0}
 - 7: 40k.txt [7]
looking for 2k.txt
node{mode: 100644, size: 2001, pinum: 0, count: 0}
 - 8: 2k.txt [8]
looking for dir1
node{mode: 40755, size: 0, pinum: 0, count: 1}
 - 9: dir1 [9]
looking for dir2
node{mode: 40755, size: 0, pinum: 9, count: 1}
looking for dir3
node{mode: 40755, size: 0, pinum: 10, count: 1}
looking for dir4
node{mode: 40755, size: 0, pinum: 11, count: 1}
looking for dir5
node{mode: 40755, size: 0, pinum: 12, count: 1}
looking for hello.txt
node{mode: 100644, size: 12, pinum: 13, count: 0}
looking for numbers
node{mode: 40755, size: 0, pinum: 0, count: 50}
 - 15: numbers [15]
looking for 1.num
node{mode: 100644, size: 2, pinum: 15, count: 0}
looking for 2.num
node{mode: 100644, size: 2, pinum: 15, count: 0}
looking for 3.num
node{mode: 100644, size: 2, pinum: 15, count: 0}
looking for 4.num
node{mode: 100644, size: 2, pinum: 15, count: 0}
looking for 5.num
node{mode: 100644, size: 2, pinum: 15, count: 0}
looking for 6.num
node{mode: 100644, size: 2, pinum: 15, count: 0}
looking for 7.num
node{mode: 100644, size: 2, pinum: 15, count: 0}
looking for 8.num
node{mode: 100644, size: 2, pinum: 15, count: 0}
looking for 9.num
node{mode: 100644, size: 2, pinum: 15, count: 0}
looking for 10.num
node{mode: 100644, size: 3, pinum: 15, count: 0}
looking for 11.num
node{mode: 100644, size: 3, pinum: 15, count: 0}
looking for 12.num
node{mode: 100644, size: 3, pinum: 15, count: 0}
looking for 13.num
node{mode: 100644, size: 3, pinum: 15, count: 0}
looking for 14.num
node{mode: 100644, size: 3, pinum: 15, count: 0}
looking for 15.num
node{mode: 100644, size: 3, pinum: 15, count: 0}
looking for 16.num
node{mode: 100644, size: 3, pinum: 15, count: 0}
looking for 17.num
node{mode: 100644, size: 3, pinum: 15, count: 0}
looking for 18.num
node{mode: 100644, size: 3, pinum: 15, count: 0}
looking for 19.num
node{mode: 100644, size: 3, pinum: 15, count: 0}
looking for 20.num
node{mode: 100644, size: 3, pinum: 15, count: 0}
looking for 21.num
node{mode: 100644, size: 3, pinum: 15, count: 0}
looking for 22.num
node{mode: 100644, size: 3, pinum: 15, count: 0}
looking for 23.num
node{mode: 100644, size: 3, pinum: 15, count: 0}
looking for 24.num
node{mode: 100644, size: 3, pinum: 15, count: 0}
looking for 25.num
node{mode: 100644, size: 3, pinum: 15, count: 0}
looking for 26.num
node{mode: 100644, size: 3, pinum: 15, count: 0}
looking for 27.num
node{mode: 100644, size: 3, pinum: 15, count: 0}
looking for 28.num
node{mode: 100644, size: 3, pinum: 15, count: 0}
looking for 29.num
node{mode: 100644, size: 3, pinum: 15, count: 0}
looking for 30.num
node{mode: 100644, size: 3, pinum: 15, count: 0}
looking for 31.num
node{mode: 100644, size: 3, pinum: 15, count: 0}
looking for 32.num
node{mode: 100644, size: 3, pinum: 15, count: 0}
looking for 33.num
node{mode: 100644, size: 3, pinum: 15, count: 0}
looking for 34.num
node{mode: 100644, size: 3, pinum: 15, count: 0}
looking for 35.num
node{mode: 100644, size: 3, pinum: 15, count: 0}
looking for 36.num
node{mode: 100644, size: 3, pinum: 15, count: 0}
looking for 37.num
node{mode: 100644, size: 3, pinum: 15, count: 0}
looking for 38.num
node{mode: 100644, size: 3, pinum: 15, count: 0}
looking for 39.num
node{mode: 100644, size: 3, pinum: 15, count: 0}
looking for 40.num
node{mode: 100644, size: 3, pinum: 15, count: 0}
looking for 41.num
node{mode: 100644, size: 3, pinum: 15, count: 0}
looking for 42.num
node{mode: 100644, size: 3, pinum: 15, count: 0}
looking for 43.num
node{mode: 100644, size: 3, pinum: 15, count: 0}
looking for 44.num
node{mode: 100644, size: 3, pinum: 15, count: 0}
looking for 45.num
node{mode: 100644, size: 3, pinum: 15, count: 0}
looking for 46.num
node{mode: 100644, size: 3, pinum: 15, count: 0}
looking for 47.num
node{mode: 100644, size: 3, pinum: 15, count: 0}
looking for 48.num
node{mode: 100644, size: 3, pinum: 15, count: 0}
looking for 49.num
node{mode: 100644, size: 3, pinum: 15, count: 0}
looking for 50.num
node{mode: 100644, size: 3, pinum: 15, count: 0}
+ looking at path: 'numbers'
+ storage_stat(/numbers)
looking for numbers
+ storage_stat(/numbers); inode 15
node{mode: 40755, size: 0, pinum: 0, count: 50}
+ looking at path: 'dir1'
+ storage_stat(/dir1)
looking for dir1
+ storage_stat(/dir1); inode 9
node{mode: 40755, size: 0, pinum: 0, count: 1}
+ looking at path: '2k.txt'
+ storage_stat(/2k.txt)
looking for 2k.txt
+ storage_stat(/2k.txt); inode 8
node{mode: 100644, size: 2001, pinum: 0, count: 0}
+ looking at path: '40k.txt'
+ storage_stat(/40k.txt)
looking for 40k.txt
+ storage_stat(/40k.txt); inode 7
node{mode: 100644, size: 40001, pinum: 0, count: 0}
+ looking at path: 'foo'
+ storage_stat(/foo)
looking for foo
+ storage_stat(/foo); inode 6
node{mode: 40755, size: 0, pinum: 0, count: 0}
+ looking at path: 'root.txt'
+ storage_stat(/root.txt)
looking for root.txt
+ storage_stat(/root.txt); inode 5
node{mode: 100644, size: 0, pinum: 0, count: 0}
+ looking at path: 'a'
+ storage_stat(/a)
looking for a
+ storage_stat(/a); inode 1
node{mode: 40755, size: 0, pinum: 0, count: 1}
readdir(/) -> 0
+ storage_stat(/)
+ storage_stat(/); inode 1
node{mode: 40755, size: 0, pinum: 0, count: 1}
getattr(/) -> (0) {mode: 40755, size: 0}
1.path in cow : /
+ storage_stat(/)
+ storage_stat(/); inode 1
node{mode: 40755, size: 0, pinum: 0, count: 1}
+ directory_list()
path in dirlist : /
result of path=1
root
looking for a
node{mode: 40755, size: 0, pinum: 0, count: 1}
 - 1: a [1]
looking for b
node{mode: 40755, size: 0, pinum: 1, count: 2}
looking for hek.txt
node{mode: 100644, size: 0, pinum: 2, count: 0}
looking for c
node{mode: 40755, size: 0, pinum: 2, count: 0}
looking for root.txt
node{mode: 100644, size: 0, pinum: 0, count: 0}
 - 5: root.txt [5]
looking for foo
node{mode: 40755, size: 0, pinum: 0, count: 0}
 - 6: foo [6]
looking for 40k.txt
node{mode: 100644, size: 40001, pinum: 0, count: 0}
 - 7: 40k.txt [7]
looking for 2k.txt
node{mode: 100644, size: 2001, pinum: 0, count: 0}
 - 8: 2k.txt [8]
looking for dir1
node{mode: 40755, size: 0, pinum: 0, count: 1}
 - 9: dir1 [9]
looking for dir2
node{mode: 40755, size: 0, pinum: 9, count: 1}
looking for dir3
node{mode: 40755, size: 0, pinum: 10, count: 1}
looking for dir4
node{mode: 40755, size: 0, pinum: 11, count: 1}
looking for dir5
node{mode: 40755, size: 0, pinum: 12, count: 1}
looking for hello.txt
node{mode: 100644, size: 12, pinum: 13, count: 0}
looking for numbers
node{mode: 40755, size: 0, pinum: 0, count: 50}
 - 15: numbers [15]
looking for 1.num
node{mode: 100644, size: 2, pinum: 15, count: 0}
looking for 2.num
node{mode: 100644, size: 2, pinum: 15, count: 0}
looking for 3.num
node{mode: 100644, size: 2, pinum: 15, count: 0}
looking for 4.num
node{mode: 100644, size: 2, pinum: 15, count: 0}
looking for 5.num
node{mode: 100644, size: 2, pinum: 15, count: 0}
looking for 6.num
node{mode: 100644, size: 2, pinum: 15, count: 0}
looking for 7.num
node{mode: 100644, size: 2, pinum: 15, count: 0}
looking for 8.num
node{mode: 100644, size: 2, pinum: 15, count: 0}
looking for 9.num
node{mode: 100644, size: 2, pinum: 15, count: 0}
looking for 10.num
node{mode: 100644, size: 3, pinum: 15, count: 0}
looking for 11.num
node{mode: 100644, size: 3, pinum: 15, count: 0}
looking for 12.num
node{mode: 100644, size: 3, pinum: 15, count: 0}
looking for 13.num
node{mode: 100644, size: 3, pinum: 15, count: 0}
looking for 14.num
node{mode: 100644, size: 3, pinum: 15, count: 0}
looking for 15.num
node{mode: 100644, size: 3, pinum: 15, count: 0}
looking for 16.num
node{mode: 100644, size: 3, pinum: 15, count: 0}
looking for 17.num
node{mode: 100644, size: 3, pinum: 15, count: 0}
looking for 18.num
node{mode: 100644, size: 3, pinum: 15, count: 0}
looking for 19.num
node{mode: 100644, size: 3, pinum: 15, count: 0}
looking for 20.num
node{mode: 100644, size: 3, pinum: 15, count: 0}
looking for 21.num
node{mode: 100644, size: 3, pinum: 15, count: 0}
looking for 22.num
node{mode: 100644, size: 3, pinum: 15, count: 0}
looking for 23.num
node{mode: 100644, size: 3, pinum: 15, count: 0}
looking for 24.num
node{mode: 100644, size: 3, pinum: 15, count: 0}
looking for 25.num
node{mode: 100644, size: 3, pinum: 15, count: 0}
looking for 26.num
node{mode: 100644, size: 3, pinum: 15, count: 0}
looking for 27.num
node{mode: 100644, size: 3, pinum: 15, count: 0}
looking for 28.num
node{mode: 100644, size: 3, pinum: 15, count: 0}
looking for 29.num
node{mode: 100644, size: 3, pinum: 15, count: 0}
looking for 30.num
node{mode: 100644, size: 3, pinum: 15, count: 0}
looking for 31.num
node{mode: 100644, size: 3, pinum: 15, count: 0}
looking for 32.num
node{mode: 100644, size: 3, pinum: 15, count: 0}
looking for 33.num
node{mode: 100644, size: 3, pinum: 15, count: 0}
looking for 34.num
node{mode: 100644, size: 3, pinum: 15, count: 0}
looking for 35.num
node{mode: 100644, size: 3, pinum: 15, count: 0}
looking for 36.num
node{mode: 100644, size: 3, pinum: 15, count: 0}
looking for 37.num
node{mode: 100644, size: 3, pinum: 15, count: 0}
looking for 38.num
node{mode: 100644, size: 3, pinum: 15, count: 0}
looking for 39.num
node{mode: 100644, size: 3, pinum: 15, count: 0}
looking for 40.num
node{mode: 100644, size: 3, pinum: 15, count: 0}
looking for 41.num
node{mode: 100644, size: 3, pinum: 15, count: 0}
looking for 42.num
node{mode: 100644, size: 3, pinum: 15, count: 0}
looking for 43.num
node{mode: 100644, size: 3, pinum: 15, count: 0}
looking for 44.num
node{mode: 100644, size: 3, pinum: 15, count: 0}
looking for 45.num
node{mode: 100644, size: 3, pinum: 15, count: 0}
looking for 46.num
node{mode: 100644, size: 3, pinum: 15, count: 0}
looking for 47.num
node{mode: 100644, size: 3, pinum: 15, count: 0}
looking for 48.num
node{mode: 100644, size: 3, pinum: 15, count: 0}
looking for 49.num
node{mode: 100644, size: 3, pinum: 15, count: 0}
looking for 50.num
node{mode: 100644, size: 3, pinum: 15, count: 0}
+ looking at path: 'numbers'
+ storage_stat(/numbers)
looking for numbers
+ storage_stat(/numbers); inode 15
node{mode: 40755, size: 0, pinum: 0, count: 50}
+ looking at path: 'dir1'
+ storage_stat(/dir1)
looking for dir1
+ storage_stat(/dir1); inode 9
node{mode: 40755, size: 0, pinum: 0, count: 1}
+ looking at path: '2k.txt'
+ storage_stat(/2k.txt)
looking for 2k.txt
+ storage_stat(/2k.txt); inode 8
node{mode: 100644, size: 2001, pinum: 0, count: 0}
+ looking at path: '40k.txt'
+ storage_stat(/40k.txt)
looking for 40k.txt
+ storage_stat(/40k.txt); inode 7
node{mode: 100644, size: 40001, pinum: 0, count: 0}
+ looking at path: 'foo'
+ storage_stat(/foo)
looking for foo
+ storage_stat(/foo); inode 6
node{mode: 40755, size: 0, pinum: 0, count: 0}
+ looking at path: 'root.txt'
+ storage_stat(/root.txt)
looking for root.txt
+ storage_stat(/root.txt); inode 5
node{mode: 100644, size: 0, pinum: 0, count: 0}
+ looking at path: 'a'
+ storage_stat(/a)
looking for a
+ storage_stat(/a); inode 1
node{mode: 40755, size: 0, pinum: 0, count: 1}
readdir(/) -> 0
+ storage_stat(/)
+ storage_stat(/); inode 1
node{mode: 40755, size: 0, pinum: 0, count: 1}
getattr(/) -> (0) {mode: 40755, size: 0}
1.path in cow : /
+ storage_stat(/)
+ storage_stat(/); inode 1
node{mode: 40755, size: 0, pinum: 0, count: 1}
+ directory_list()
path in dirlist : /
result of path=1
root
looking for a
node{mode: 40755, size: 0, pinum: 0, count: 1}
 - 1: a [1]
looking for b
node{mode: 40755, size: 0, pinum: 1, count: 2}
looking for hek.txt
node{mode: 100644, size: 0, pinum: 2, count: 0}
looking for c
node{mode: 40755, size: 0, pinum: 2, count: 0}
looking for root.txt
node{mode: 100644, size: 0, pinum: 0, count: 0}
 - 5: root.txt [5]
looking for foo
node{mode: 40755, size: 0, pinum: 0, count: 0}
 - 6: foo [6]
looking for 40k.txt
node{mode: 100644, size: 40001, pinum: 0, count: 0}
 - 7: 40k.txt [7]
looking for 2k.txt
node{mode: 100644, size: 2001, pinum: 0, count: 0}
 - 8: 2k.txt [8]
looking for dir1
node{mode: 40755, size: 0, pinum: 0, count: 1}
 - 9: dir1 [9]
looking for dir2
node{mode: 40755, size: 0, pinum: 9, count: 1}
looking for dir3
node{mode: 40755, size: 0, pinum: 10, count: 1}
looking for dir4
node{mode: 40755, size: 0, pinum: 11, count: 1}
looking for dir5
node{mode: 40755, size: 0, pinum: 12, count: 1}
looking for hello.txt
node{mode: 100644, size: 12, pinum: 13, count: 0}
looking for numbers
node{mode: 40755, size: 0, pinum: 0, count: 50}
 - 15: numbers [15]
looking for 1.num
node{mode: 100644, size: 2, pinum: 15, count: 0}
looking for 2.num
node{mode: 100644, size: 2, pinum: 15, count: 0}
looking for 3.num
node{mode: 100644, size: 2, pinum: 15, count: 0}
looking for 4.num
node{mode: 100644, size: 2, pinum: 15, count: 0}
looking for 5.num
node{mode: 100644, size: 2, pinum: 15, count: 0}
looking for 6.num
node{mode: 100644, size: 2, pinum: 15, count: 0}
looking for 7.num
node{mode: 100644, size: 2, pinum: 15, count: 0}
looking for 8.num
node{mode: 100644, size: 2, pinum: 15, count: 0}
looking for 9.num
node{mode: 100644, size: 2, pinum: 15, count: 0}
looking for 10.num
node{mode: 100644, size: 3, pinum: 15, count: 0}
looking for 11.num
node{mode: 100644, size: 3, pinum: 15, count: 0}
looking for 12.num
node{mode: 100644, size: 3, pinum: 15, count: 0}
looking for 13.num
node{mode: 100644, size: 3, pinum: 15, count: 0}
looking for 14.num
node{mode: 100644, size: 3, pinum: 15, count: 0}
looking for 15.num
node{mode: 100644, size: 3, pinum: 15, count: 0}
looking for 16.num
node{mode: 100644, size: 3, pinum: 15, count: 0}
looking for 17.num
node{mode: 100644, size: 3, pinum: 15, count: 0}
looking for 18.num
node{mode: 100644, size: 3, pinum: 15, count: 0}
looking for 19.num
node{mode: 100644, size: 3, pinum: 15, count: 0}
looking for 20.num
node{mode: 100644, size: 3, pinum: 15, count: 0}
looking for 21.num
node{mode: 100644, size: 3, pinum: 15, count: 0}
looking for 22.num
node{mode: 100644, size: 3, pinum: 15, count: 0}
looking for 23.num
node{mode: 100644, size: 3, pinum: 15, count: 0}
looking for 24.num
node{mode: 100644, size: 3, pinum: 15, count: 0}
looking for 25.num
node{mode: 100644, size: 3, pinum: 15, count: 0}
looking for 26.num
node{mode: 100644, size: 3, pinum: 15, count: 0}
looking for 27.num
node{mode: 100644, size: 3, pinum: 15, count: 0}
looking for 28.num
node{mode: 100644, size: 3, pinum: 15, count: 0}
looking for 29.num
node{mode: 100644, size: 3, pinum: 15, count: 0}
looking for 30.num
node{mode: 100644, size: 3, pinum: 15, count: 0}
looking for 31.num
node{mode: 100644, size: 3, pinum: 15, count: 0}
looking for 32.num
node{mode: 100644, size: 3, pinum: 15, count: 0}
looking for 33.num
node{mode: 100644, size: 3, pinum: 15, count: 0}
looking for 34.num
node{mode: 100644, size: 3, pinum: 15, count: 0}
looking for 35.num
node{mode: 100644, size: 3, pinum: 15, count: 0}
looking for 36.num
node{mode: 100644, size: 3, pinum: 15, count: 0}
looking for 37.num
node{mode: 100644, size: 3, pinum: 15, count: 0}
looking for 38.num
node{mode: 100644, size: 3, pinum: 15, count: 0}
looking for 39.num
node{mode: 100644, size: 3, pinum: 15, count: 0}
looking for 40.num
node{mode: 100644, size: 3, pinum: 15, count: 0}
looking for 41.num
node{mode: 100644, size: 3, pinum: 15, count: 0}
looking for 42.num
node{mode: 100644, size: 3, pinum: 15, count: 0}
looking for 43.num
node{mode: 100644, size: 3, pinum: 15, count: 0}
looking for 44.num
node{mode: 100644, size: 3, pinum: 15, count: 0}
looking for 45.num
node{mode: 100644, size: 3, pinum: 15, count: 0}
looking for 46.num
node{mode: 100644, size: 3, pinum: 15, count: 0}
looking for 47.num
node{mode: 100644, size: 3, pinum: 15, count: 0}
looking for 48.num
node{mode: 100644, size: 3, pinum: 15, count: 0}
looking for 49.num
node{mode: 100644, size: 3, pinum: 15, count: 0}
looking for 50.num
node{mode: 100644, size: 3, pinum: 15, count: 0}
+ looking at path: 'numbers'
+ storage_stat(/numbers)
looking for numbers
+ storage_stat(/numbers); inode 15
node{mode: 40755, size: 0, pinum: 0, count: 50}
+ looking at path: 'dir1'
+ storage_stat(/dir1)
looking for dir1
+ storage_stat(/dir1); inode 9
node{mode: 40755, size: 0, pinum: 0, count: 1}
+ looking at path: '2k.txt'
+ storage_stat(/2k.txt)
looking for 2k.txt
+ storage_stat(/2k.txt); inode 8
node{mode: 100644, size: 2001, pinum: 0, count: 0}
+ looking at path: '40k.txt'
+ storage_stat(/40k.txt)
looking for 40k.txt
+ storage_stat(/40k.txt); inode 7
node{mode: 100644, size: 40001, pinum: 0, count: 0}
+ looking at path: 'foo'
+ storage_stat(/foo)
looking for foo
+ storage_stat(/foo); inode 6
node{mode: 40755, size: 0, pinum: 0, count: 0}
+ looking at path: 'root.txt'
+ storage_stat(/root.txt)
looking for root.txt
+ storage_stat(/root.txt); inode 5
node{mode: 100644, size: 0, pinum: 0, count: 0}
+ looking at path: 'a'
+ storage_stat(/a)
looking for a
+ storage_stat(/a); inode 1
node{mode: 40755, size: 0, pinum: 0, count: 1}
readdir(/) -> 0
+ storage_stat(/)
+ storage_stat(/); inode 1
node{mode: 40755, size: 0, pinum: 0, count: 1}
getattr(/) -> (0) {mode: 40755, size: 0}
1.path in cow : /
+ storage_stat(/)
+ storage_stat(/); inode 1
node{mode: 40755, size: 0, pinum: 0, count: 1}
+ directory_list()
path in dirlist : /
result of path=1
root
looking for a
node{mode: 40755, size: 0, pinum: 0, count: 1}
 - 1: a [1]
looking for b
node{mode: 40755, size: 0, pinum: 1, count: 2}
looking for hek.txt
node{mode: 100644, size: 0, pinum: 2, count: 0}
looking for c
node{mode: 40755, size: 0, pinum: 2, count: 0}
looking for root.txt
node{mode: 100644, size: 0, pinum: 0, count: 0}
 - 5: root.txt [5]
looking for foo
node{mode: 40755, size: 0, pinum: 0, count: 0}
 - 6: foo [6]
looking for 40k.txt
node{mode: 100644, size: 40001, pinum: 0, count: 0}
 - 7: 40k.txt [7]
looking for 2k.txt
node{mode: 100644, size: 2001, pinum: 0, count: 0}
 - 8: 2k.txt [8]
looking for dir1
node{mode: 40755, size: 0, pinum: 0, count: 1}
 - 9: dir1 [9]
looking for dir2
node{mode: 40755, size: 0, pinum: 9, count: 1}
looking for dir3
node{mode: 40755, size: 0, pinum: 10, count: 1}
looking for dir4
node{mode: 40755, size: 0, pinum: 11, count: 1}
looking for dir5
node{mode: 40755, size: 0, pinum: 12, count: 1}
looking for hello.txt
node{mode: 100644, size: 12, pinum: 13, count: 0}
looking for numbers
node{mode: 40755, size: 0, pinum: 0, count: 50}
 - 15: numbers [15]
looking for 1.num
node{mode: 100644, size: 2, pinum: 15, count: 0}
looking for 2.num
node{mode: 100644, size: 2, pinum: 15, count: 0}
looking for 3.num
node{mode: 100644, size: 2, pinum: 15, count: 0}
looking for 4.num
node{mode: 100644, size: 2, pinum: 15, count: 0}
looking for 5.num
node{mode: 100644, size: 2, pinum: 15, count: 0}
looking for 6.num
node{mode: 100644, size: 2, pinum: 15, count: 0}
looking for 7.num
node{mode: 100644, size: 2, pinum: 15, count: 0}
looking for 8.num
node{mode: 100644, size: 2, pinum: 15, count: 0}
looking for 9.num
node{mode: 100644, size: 2, pinum: 15, count: 0}
looking for 10.num
node{mode: 100644, size: 3, pinum: 15, count: 0}
looking for 11.num
node{mode: 100644, size: 3, pinum: 15, count: 0}
looking for 12.num
node{mode: 100644, size: 3, pinum: 15, count: 0}
looking for 13.num
node{mode: 100644, size: 3, pinum: 15, count: 0}
looking for 14.num
node{mode: 100644, size: 3, pinum: 15, count: 0}
looking for 15.num
node{mode: 100644, size: 3, pinum: 15, count: 0}
looking for 16.num
node{mode: 100644, size: 3, pinum: 15, count: 0}
looking for 17.num
node{mode: 100644, size: 3, pinum: 15, count: 0}
looking for 18.num
node{mode: 100644, size: 3, pinum: 15, count: 0}
looking for 19.num
node{mode: 100644, size: 3, pinum: 15, count: 0}
looking for 20.num
node{mode: 100644, size: 3, pinum: 15, count: 0}
looking for 21.num
node{mode: 100644, size: 3, pinum: 15, count: 0}
looking for 22.num
node{mode: 100644, size: 3, pinum: 15, count: 0}
looking for 23.num
node{mode: 100644, size: 3, pinum: 15, count: 0}
looking for 24.num
node{mode: 100644, size: 3, pinum: 15, count: 0}
looking for 25.num
node{mode: 100644, size: 3, pinum: 15, count: 0}
looking for 26.num
node{mode: 100644, size: 3, pinum: 15, count: 0}
looking for 27.num
node{mode: 100644, size: 3, pinum: 15, count: 0}
looking for 28.num
node{mode: 100644, size: 3, pinum: 15, count: 0}
looking for 29.num
node{mode: 100644, size: 3, pinum: 15, count: 0}
looking for 30.num
node{mode: 100644, size: 3, pinum: 15, count: 0}
looking for 31.num
node{mode: 100644, size: 3, pinum: 15, count: 0}
looking for 32.num
node{mode: 100644, size: 3, pinum: 15, count: 0}
looking for 33.num
node{mode: 100644, size: 3, pinum: 15, count: 0}
looking for 34.num
node{mode: 100644, size: 3, pinum: 15, count: 0}
looking for 35.num
node{mode: 100644, size: 3, pinum: 15, count: 0}
looking for 36.num
node{mode: 100644, size: 3, pinum: 15, count: 0}
looking for 37.num
node{mode: 100644, size: 3, pinum: 15, count: 0}
looking for 38.num
node{mode: 100644, size: 3, pinum: 15, count: 0}
looking for 39.num
node{mode: 100644, size: 3, pinum: 15, count: 0}
looking for 40.num
node{mode: 100644, size: 3, pinum: 15, count: 0}
looking for 41.num
node{mode: 100644, size: 3, pinum: 15, count: 0}
looking for 42.num
node{mode: 100644, size: 3, pinum: 15, count: 0}
looking for 43.num
node{mode: 100644, size: 3, pinum: 15, count: 0}
looking for 44.num
node{mode: 100644, size: 3, pinum: 15, count: 0}
looking for 45.num
node{mode: 100644, size: 3, pinum: 15, count: 0}
looking for 46.num
node{mode: 100644, size: 3, pinum: 15, count: 0}
looking for 47.num
node{mode: 100644, size: 3, pinum: 15, count: 0}
looking for 48.num
node{mode: 100644, size: 3, pinum: 15, count: 0}
looking for 49.num
node{mode: 100644, size: 3, pinum: 15, count: 0}
looking for 50.num
node{mode: 100644, size: 3, pinum: 15, count: 0}
+ looking at path: 'numbers'
+ storage_stat(/numbers)
looking for numbers
+ storage_stat(/numbers); inode 15
node{mode: 40755, size: 0, pinum: 0, count: 50}
+ looking at path: 'dir1'
+ storage_stat(/dir1)
looking for dir1
+ storage_stat(/dir1); inode 9
node{mode: 40755, size: 0, pinum: 0, count: 1}
+ looking at path: '2k.txt'
+ storage_stat(/2k.txt)
looking for 2k.txt
+ storage_stat(/2k.txt); inode 8
node{mode: 100644, size: 2001, pinum: 0, count: 0}
+ looking at path: '40k.txt'
+ storage_stat(/40k.txt)
looking for 40k.txt
+ storage_stat(/40k.txt); inode 7
node{mode: 100644, size: 40001, pinum: 0, count: 0}
+ looking at path: 'foo'
+ storage_stat(/foo)
looking for foo
+ storage_stat(/foo); inode 6
node{mode: 40755, size: 0, pinum: 0, count: 0}
+ looking at path: 'root.txt'
+ storage_stat(/root.txt)
looking for root.txt
+ storage_stat(/root.txt); inode 5
node{mode: 100644, size: 0, pinum: 0, count: 0}
+ looking at path: 'a'
+ storage_stat(/a)
looking for a
+ storage_stat(/a); inode 1
node{mode: 40755, size: 0, pinum: 0, count: 1}
readdir(/) -> 0
+ storage_stat(/)
+ storage_stat(/); inode 1
node{mode: 40755, size: 0, pinum: 0, count: 1}
getattr(/) -> (0) {mode: 40755, size: 0}
1.path in cow : /
+ storage_stat(/)
+ storage_stat(/); inode 1
node{mode: 40755, size: 0, pinum: 0, count: 1}
+ directory_list()
path in dirlist : /
result of path=1
root
looking for a
node{mode: 40755, size: 0, pinum: 0, count: 1}
 - 1: a [1]
looking for b
node{mode: 40755, size: 0, pinum: 1, count: 2}
looking for hek.txt
node{mode: 100644, size: 0, pinum: 2, count: 0}
looking for c
node{mode: 40755, size: 0, pinum: 2, count: 0}
looking for root.txt
node{mode: 100644, size: 0, pinum: 0, count: 0}
 - 5: root.txt [5]
looking for foo
node{mode: 40755, size: 0, pinum: 0, count: 0}
 - 6: foo [6]
looking for 40k.txt
node{mode: 100644, size: 40001, pinum: 0, count: 0}
 - 7: 40k.txt [7]
looking for 2k.txt
node{mode: 100644, size: 2001, pinum: 0, count: 0}
 - 8: 2k.txt [8]
looking for dir1
node{mode: 40755, size: 0, pinum: 0, count: 1}
 - 9: dir1 [9]
looking for dir2
node{mode: 40755, size: 0, pinum: 9, count: 1}
looking for dir3
node{mode: 40755, size: 0, pinum: 10, count: 1}
looking for dir4
node{mode: 40755, size: 0, pinum: 11, count: 1}
looking for dir5
node{mode: 40755, size: 0, pinum: 12, count: 1}
looking for hello.txt
node{mode: 100644, size: 12, pinum: 13, count: 0}
looking for numbers
node{mode: 40755, size: 0, pinum: 0, count: 50}
 - 15: numbers [15]
looking for 1.num
node{mode: 100644, size: 2, pinum: 15, count: 0}
looking for 2.num
node{mode: 100644, size: 2, pinum: 15, count: 0}
looking for 3.num
node{mode: 100644, size: 2, pinum: 15, count: 0}
looking for 4.num
node{mode: 100644, size: 2, pinum: 15, count: 0}
looking for 5.num
node{mode: 100644, size: 2, pinum: 15, count: 0}
looking for 6.num
node{mode: 100644, size: 2, pinum: 15, count: 0}
looking for 7.num
node{mode: 100644, size: 2, pinum: 15, count: 0}
looking for 8.num
node{mode: 100644, size: 2, pinum: 15, count: 0}
looking for 9.num
node{mode: 100644, size: 2, pinum: 15, count: 0}
looking for 10.num
node{mode: 100644, size: 3, pinum: 15, count: 0}
looking for 11.num
node{mode: 100644, size: 3, pinum: 15, count: 0}
looking for 12.num
node{mode: 100644, size: 3, pinum: 15, count: 0}
looking for 13.num
node{mode: 100644, size: 3, pinum: 15, count: 0}
looking for 14.num
node{mode: 100644, size: 3, pinum: 15, count: 0}
looking for 15.num
node{mode: 100644, size: 3, pinum: 15, count: 0}
looking for 16.num
node{mode: 100644, size: 3, pinum: 15, count: 0}
looking for 17.num
node{mode: 100644, size: 3, pinum: 15, count: 0}
looking for 18.num
node{mode: 100644, size: 3, pinum: 15, count: 0}
looking for 19.num
node{mode: 100644, size: 3, pinum: 15, count: 0}
looking for 20.num
node{mode: 100644, size: 3, pinum: 15, count: 0}
looking for 21.num
node{mode: 100644, size: 3, pinum: 15, count: 0}
looking for 22.num
node{mode: 100644, size: 3, pinum: 15, count: 0}
looking for 23.num
node{mode: 100644, size: 3, pinum: 15, count: 0}
looking for 24.num
node{mode: 100644, size: 3, pinum: 15, count: 0}
looking for 25.num
node{mode: 100644, size: 3, pinum: 15, count: 0}
looking for 26.num
node{mode: 100644, size: 3, pinum: 15, count: 0}
looking for 27.num
node{mode: 100644, size: 3, pinum: 15, count: 0}
looking for 28.num
node{mode: 100644, size: 3, pinum: 15, count: 0}
looking for 29.num
node{mode: 100644, size: 3, pinum: 15, count: 0}
looking for 30.num
node{mode: 100644, size: 3, pinum: 15, count: 0}
looking for 31.num
node{mode: 100644, size: 3, pinum: 15, count: 0}
looking for 32.num
node{mode: 100644, size: 3, pinum: 15, count: 0}
looking for 33.num
node{mode: 100644, size: 3, pinum: 15, count: 0}
looking for 34.num
node{mode: 100644, size: 3, pinum: 15, count: 0}
looking for 35.num
node{mode: 100644, size: 3, pinum: 15, count: 0}
looking for 36.num
node{mode: 100644, size: 3, pinum: 15, count: 0}
looking for 37.num
node{mode: 100644, size: 3, pinum: 15, count: 0}
looking for 38.num
node{mode: 100644, size: 3, pinum: 15, count: 0}
looking for 39.num
node{mode: 100644, size: 3, pinum: 15, count: 0}
looking for 40.num
node{mode: 100644, size: 3, pinum: 15, count: 0}
looking for 41.num
node{mode: 100644, size: 3, pinum: 15, count: 0}
looking for 42.num
node{mode: 100644, size: 3, pinum: 15, count: 0}
looking for 43.num
node{mode: 100644, size: 3, pinum: 15, count: 0}
looking for 44.num
node{mode: 100644, size: 3, pinum: 15, count: 0}
looking for 45.num
node{mode: 100644, size: 3, pinum: 15, count: 0}
looking for 46.num
node{mode: 100644, size: 3, pinum: 15, count: 0}
looking for 47.num
node{mode: 100644, size: 3, pinum: 15, count: 0}
looking for 48.num
node{mode: 100644, size: 3, pinum: 15, count: 0}
looking for 49.num
node{mode: 100644, size: 3, pinum: 15, count: 0}
looking for 50.num
node{mode: 100644, size: 3, pinum: 15, count: 0}
+ looking at path: 'numbers'
+ storage_stat(/numbers)
looking for numbers
+ storage_stat(/numbers); inode 15
node{mode: 40755, size: 0, pinum: 0, count: 50}
+ looking at path: 'dir1'
+ storage_stat(/dir1)
looking for dir1
+ storage_stat(/dir1); inode 9
node{mode: 40755, size: 0, pinum: 0, count: 1}
+ looking at path: '2k.txt'
+ storage_stat(/2k.txt)
looking for 2k.txt
+ storage_stat(/2k.txt); inode 8
node{mode: 100644, size: 2001, pinum: 0, count: 0}
+ looking at path: '40k.txt'
+ storage_stat(/40k.txt)
looking for 40k.txt
+ storage_stat(/40k.txt); inode 7
node{mode: 100644, size: 40001, pinum: 0, count: 0}
+ looking at path: 'foo'
+ storage_stat(/foo)
looking for foo
+ storage_stat(/foo); inode 6
node{mode: 40755, size: 0, pinum: 0, count: 0}
+ looking at path: 'root.txt'
+ storage_stat(/root.txt)
looking for root.txt
+ storage_stat(/root.txt); inode 5
node{mode: 100644, size: 0, pinum: 0, count: 0}
+ looking at path: 'a'
+ storage_stat(/a)
looking for a
+ storage_stat(/a); inode 1
node{mode: 40755, size: 0, pinum: 0, count: 1}
readdir(/) -> 0
+ storage_stat(/)
+ storage_stat(/); inode 1
node{mode: 40755, size: 0, pinum: 0, count: 1}
getattr(/) -> (0) {mode: 40755, size: 0}
1.path in cow : /
+ storage_stat(/)
+ storage_stat(/); inode 1
node{mode: 40755, size: 0, pinum: 0, count: 1}
+ directory_list()
path in dirlist : /
result of path=1
root
looking for a
node{mode: 40755, size: 0, pinum: 0, count: 1}
 - 1: a [1]
looking for b
node{mode: 40755, size: 0, pinum: 1, count: 2}
looking for hek.txt
node{mode: 100644, size: 0, pinum: 2, count: 0}
looking for c
node{mode: 40755, size: 0, pinum: 2, count: 0}
looking for root.txt
node{mode: 100644, size: 0, pinum: 0, count: 0}
 - 5: root.txt [5]
looking for foo
node{mode: 40755, size: 0, pinum: 0, count: 0}
 - 6: foo [6]
looking for 40k.txt
node{mode: 100644, size: 40001, pinum: 0, count: 0}
 - 7: 40k.txt [7]
looking for 2k.txt
node{mode: 100644, size: 2001, pinum: 0, count: 0}
 - 8: 2k.txt [8]
looking for dir1
node{mode: 40755, size: 0, pinum: 0, count: 1}
 - 9: dir1 [9]
looking for dir2
node{mode: 40755, size: 0, pinum: 9, count: 1}
looking for dir3
node{mode: 40755, size: 0, pinum: 10, count: 1}
looking for dir4
node{mode: 40755, size: 0, pinum: 11, count: 1}
looking for dir5
node{mode: 40755, size: 0, pinum: 12, count: 1}
looking for hello.txt
node{mode: 100644, size: 12, pinum: 13, count: 0}
looking for numbers
node{mode: 40755, size: 0, pinum: 0, count: 50}
 - 15: numbers [15]
looking for 1.num
node{mode: 100644, size: 2, pinum: 15, count: 0}
looking for 2.num
node{mode: 100644, size: 2, pinum: 15, count: 0}
looking for 3.num
node{mode: 100644, size: 2, pinum: 15, count: 0}
looking for 4.num
node{mode: 100644, size: 2, pinum: 15, count: 0}
looking for 5.num
node{mode: 100644, size: 2, pinum: 15, count: 0}
looking for 6.num
node{mode: 100644, size: 2, pinum: 15, count: 0}
looking for 7.num
node{mode: 100644, size: 2, pinum: 15, count: 0}
looking for 8.num
node{mode: 100644, size: 2, pinum: 15, count: 0}
looking for 9.num
node{mode: 100644, size: 2, pinum: 15, count: 0}
looking for 10.num
node{mode: 100644, size: 3, pinum: 15, count: 0}
looking for 11.num
node{mode: 100644, size: 3, pinum: 15, count: 0}
looking for 12.num
node{mode: 100644, size: 3, pinum: 15, count: 0}
looking for 13.num
node{mode: 100644, size: 3, pinum: 15, count: 0}
looking for 14.num
node{mode: 100644, size: 3, pinum: 15, count: 0}
looking for 15.num
node{mode: 100644, size: 3, pinum: 15, count: 0}
looking for 16.num
node{mode: 100644, size: 3, pinum: 15, count: 0}
looking for 17.num
node{mode: 100644, size: 3, pinum: 15, count: 0}
looking for 18.num
node{mode: 100644, size: 3, pinum: 15, count: 0}
looking for 19.num
node{mode: 100644, size: 3, pinum: 15, count: 0}
looking for 20.num
node{mode: 100644, size: 3, pinum: 15, count: 0}
looking for 21.num
node{mode: 100644, size: 3, pinum: 15, count: 0}
looking for 22.num
node{mode: 100644, size: 3, pinum: 15, count: 0}
looking for 23.num
node{mode: 100644, size: 3, pinum: 15, count: 0}
looking for 24.num
node{mode: 100644, size: 3, pinum: 15, count: 0}
looking for 25.num
node{mode: 100644, size: 3, pinum: 15, count: 0}
looking for 26.num
node{mode: 100644, size: 3, pinum: 15, count: 0}
looking for 27.num
node{mode: 100644, size: 3, pinum: 15, count: 0}
looking for 28.num
node{mode: 100644, size: 3, pinum: 15, count: 0}
looking for 29.num
node{mode: 100644, size: 3, pinum: 15, count: 0}
looking for 30.num
node{mode: 100644, size: 3, pinum: 15, count: 0}
looking for 31.num
node{mode: 100644, size: 3, pinum: 15, count: 0}
looking for 32.num
node{mode: 100644, size: 3, pinum: 15, count: 0}
looking for 33.num
node{mode: 100644, size: 3, pinum: 15, count: 0}
looking for 34.num
node{mode: 100644, size: 3, pinum: 15, count: 0}
looking for 35.num
node{mode: 100644, size: 3, pinum: 15, count: 0}
looking for 36.num
node{mode: 100644, size: 3, pinum: 15, count: 0}
looking for 37.num
node{mode: 100644, size: 3, pinum: 15, count: 0}
looking for 38.num
node{mode: 100644, size: 3, pinum: 15, count: 0}
looking for 39.num
node{mode: 100644, size: 3, pinum: 15, count: 0}
looking for 40.num
node{mode: 100644, size: 3, pinum: 15, count: 0}
looking for 41.num
node{mode: 100644, size: 3, pinum: 15, count: 0}
looking for 42.num
node{mode: 100644, size: 3, pinum: 15, count: 0}
looking for 43.num
node{mode: 100644, size: 3, pinum: 15, count: 0}
looking for 44.num
node{mode: 100644, size: 3, pinum: 15, count: 0}
looking for 45.num
node{mode: 100644, size: 3, pinum: 15, count: 0}
looking for 46.num
node{mode: 100644, size: 3, pinum: 15, count: 0}
looking for 47.num
node{mode: 100644, size: 3, pinum: 15, count: 0}
looking for 48.num
node{mode: 100644, size: 3, pinum: 15, count: 0}
looking for 49.num
node{mode: 100644, size: 3, pinum: 15, count: 0}
looking for 50.num
node{mode: 100644, size: 3, pinum: 15, count: 0}
+ looking at path: 'numbers'
+ storage_stat(/numbers)
looking for numbers
+ storage_stat(/numbers); inode 15
node{mode: 40755, size: 0, pinum: 0, count: 50}
+ looking at path: 'dir1'
+ storage_stat(/dir1)
looking for dir1
+ storage_stat(/dir1); inode 9
node{mode: 40755, size: 0, pinum: 0, count: 1}
+ looking at path: '2k.txt'
+ storage_stat(/2k.txt)
looking for 2k.txt
+ storage_stat(/2k.txt); inode 8
node{mode: 100644, size: 2001, pinum: 0, count: 0}
+ looking at path: '40k.txt'
+ storage_stat(/40k.txt)
looking for 40k.txt
+ storage_stat(/40k.txt); inode 7
node{mode: 100644, size: 40001, pinum: 0, count: 0}
+ looking at path: 'foo'
+ storage_stat(/foo)
looking for foo
+ storage_stat(/foo); inode 6
node{mode: 40755, size: 0, pinum: 0, count: 0}
+ looking at path: 'root.txt'
+ storage_stat(/root.txt)
looking for root.txt
+ storage_stat(/root.txt); inode 5
node{mode: 100644, size: 0, pinum: 0, count: 0}
+ looking at path: 'a'
+ storage_stat(/a)
looking for a
+ storage_stat(/a); inode 1
node{mode: 40755, size: 0, pinum: 0, count: 1}
readdir(/) -> 0
+ storage_stat(/)
+ storage_stat(/); inode 1
node{mode: 40755, size: 0, pinum: 0, count: 1}
getattr(/) -> (0) {mode: 40755, size: 0}
1.path in cow : /
+ storage_stat(/)
+ storage_stat(/); inode 1
node{mode: 40755, size: 0, pinum: 0, count: 1}
+ directory_list()
path in dirlist : /
result of path=1
root
looking for a
node{mode: 40755, size: 0, pinum: 0, count: 1}
 - 1: a [1]
looking for b
node{mode: 40755, size: 0, pinum: 1, count: 2}
looking for hek.txt
node{mode: 100644, size: 0, pinum: 2, count: 0}
looking for c
node{mode: 40755, size: 0, pinum: 2, count: 0}
looking for root.txt
node{mode: 100644, size: 0, pinum: 0, count: 0}
 - 5: root.txt [5]
looking for foo
node{mode: 40755, size: 0, pinum: 0, count: 0}
 - 6: foo [6]
looking for 40k.txt
node{mode: 100644, size: 40001, pinum: 0, count: 0}
 - 7: 40k.txt [7]
looking for 2k.txt
node{mode: 100644, size: 2001, pinum: 0, count: 0}
 - 8: 2k.txt [8]
looking for dir1
node{mode: 40755, size: 0, pinum: 0, count: 1}
 - 9: dir1 [9]
looking for dir2
node{mode: 40755, size: 0, pinum: 9, count: 1}
looking for dir3
node{mode: 40755, size: 0, pinum: 10, count: 1}
looking for dir4
node{mode: 40755, size: 0, pinum: 11, count: 1}
looking for dir5
node{mode: 40755, size: 0, pinum: 12, count: 1}
looking for hello.txt
node{mode: 100644, size: 12, pinum: 13, count: 0}
looking for numbers
node{mode: 40755, size: 0, pinum: 0, count: 50}
 - 15: numbers [15]
looking for 1.num
node{mode: 100644, size: 2, pinum: 15, count: 0}
looking for 2.num
node{mode: 100644, size: 2, pinum: 15, count: 0}
looking for 3.num
node{mode: 100644, size: 2, pinum: 15, count: 0}
looking for 4.num
node{mode: 100644, size: 2, pinum: 15, count: 0}
looking for 5.num
node{mode: 100644, size: 2, pinum: 15, count: 0}
looking for 6.num
node{mode: 100644, size: 2, pinum: 15, count: 0}
looking for 7.num
node{mode: 100644, size: 2, pinum: 15, count: 0}
looking for 8.num
node{mode: 100644, size: 2, pinum: 15, count: 0}
looking for 9.num
node{mode: 100644, size: 2, pinum: 15, count: 0}
looking for 10.num
node{mode: 100644, size: 3, pinum: 15, count: 0}
looking for 11.num
node{mode: 100644, size: 3, pinum: 15, count: 0}
looking for 12.num
node{mode: 100644, size: 3, pinum: 15, count: 0}
looking for 13.num
node{mode: 100644, size: 3, pinum: 15, count: 0}
looking for 14.num
node{mode: 100644, size: 3, pinum: 15, count: 0}
looking for 15.num
node{mode: 100644, size: 3, pinum: 15, count: 0}
looking for 16.num
node{mode: 100644, size: 3, pinum: 15, count: 0}
looking for 17.num
node{mode: 100644, size: 3, pinum: 15, count: 0}
looking for 18.num
node{mode: 100644, size: 3, pinum: 15, count: 0}
looking for 19.num
node{mode: 100644, size: 3, pinum: 15, count: 0}
looking for 20.num
node{mode: 100644, size: 3, pinum: 15, count: 0}
looking for 21.num
node{mode: 100644, size: 3, pinum: 15, count: 0}
looking for 22.num
node{mode: 100644, size: 3, pinum: 15, count: 0}
looking for 23.num
node{mode: 100644, size: 3, pinum: 15, count: 0}
looking for 24.num
node{mode: 100644, size: 3, pinum: 15, count: 0}
looking for 25.num
node{mode: 100644, size: 3, pinum: 15, count: 0}
looking for 26.num
node{mode: 100644, size: 3, pinum: 15, count: 0}
looking for 27.num
node{mode: 100644, size: 3, pinum: 15, count: 0}
looking for 28.num
node{mode: 100644, size: 3, pinum: 15, count: 0}
looking for 29.num
node{mode: 100644, size: 3, pinum: 15, count: 0}
looking for 30.num
node{mode: 100644, size: 3, pinum: 15, count: 0}
looking for 31.num
node{mode: 100644, size: 3, pinum: 15, count: 0}
looking for 32.num
node{mode: 100644, size: 3, pinum: 15, count: 0}
looking for 33.num
node{mode: 100644, size: 3, pinum: 15, count: 0}
looking for 34.num
node{mode: 100644, size: 3, pinum: 15, count: 0}
looking for 35.num
node{mode: 100644, size: 3, pinum: 15, count: 0}
looking for 36.num
node{mode: 100644, size: 3, pinum: 15, count: 0}
looking for 37.num
node{mode: 100644, size: 3, pinum: 15, count: 0}
looking for 38.num
node{mode: 100644, size: 3, pinum: 15, count: 0}
looking for 39.num
node{mode: 100644, size: 3, pinum: 15, count: 0}
looking for 40.num
node{mode: 100644, size: 3, pinum: 15, count: 0}
looking for 41.num
node{mode: 100644, size: 3, pinum: 15, count: 0}
looking for 42.num
node{mode: 100644, size: 3, pinum: 15, count: 0}
looking for 43.num
node{mode: 100644, size: 3, pinum: 15, count: 0}
looking for 44.num
node{mode: 100644, size: 3, pinum: 15, count: 0}
looking for 45.num
node{mode: 100644, size: 3, pinum: 15, count: 0}
looking for 46.num
node{mode: 100644, size: 3, pinum: 15, count: 0}
looking for 47.num
node{mode: 100644, size: 3, pinum: 15, count: 0}
looking for 48.num
node{mode: 100644, size: 3, pinum: 15, count: 0}
looking for 49.num
node{mode: 100644, size: 3, pinum: 15, count: 0}
looking for 50.num
node{mode: 100644, size: 3, pinum: 15, count: 0}
+ looking at path: 'numbers'
+ storage_stat(/numbers)
looking for numbers
+ storage_stat(/numbers); inode 15
node{mode: 40755, size: 0, pinum: 0, count: 50}
+ looking at path: 'dir1'
+ storage_stat(/dir1)
looking for dir1
+ storage_stat(/dir1); inode 9
node{mode: 40755, size: 0, pinum: 0, count: 1}
+ looking at path: '2k.txt'
+ storage_stat(/2k.txt)
looking for 2k.txt
+ storage_stat(/2k.txt); inode 8
node{mode: 100644, size: 2001, pinum: 0, count: 0}
+ looking at path: '40k.txt'
+ storage_stat(/40k.txt)
looking for 40k.txt
+ storage_stat(/40k.txt); inode 7
node{mode: 100644, size: 40001, pinum: 0, count: 0}
+ looking at path: 'foo'
+ storage_stat(/foo)
looking for foo
+ storage_stat(/foo); inode 6
node{mode: 40755, size: 0, pinum: 0, count: 0}
+ looking at path: 'root.txt'
+ storage_stat(/root.txt)
looking for root.txt
+ storage_stat(/root.txt); inode 5
node{mode: 100644, size: 0, pinum: 0, count: 0}
+ looking at path: 'a'
+ storage_stat(/a)
looking for a
+ storage_stat(/a); inode 1
node{mode: 40755, size: 0, pinum: 0, count: 1}
readdir(/) -> 0
+ storage_stat(/)
+ storage_stat(/); inode 1
node{mode: 40755, size: 0, pinum: 0, count: 1}
getattr(/) -> (0) {mode: 40755, size: 0}
1.path in cow : /
+ storage_stat(/)
+ storage_stat(/); inode 1
node{mode: 40755, size: 0, pinum: 0, count: 1}
+ directory_list()
path in dirlist : /
result of path=1
root
looking for a
node{mode: 40755, size: 0, pinum: 0, count: 1}
 - 1: a [1]
looking for b
node{mode: 40755, size: 0, pinum: 1, count: 2}
looking for hek.txt
node{mode: 100644, size: 0, pinum: 2, count: 0}
looking for c
node{mode: 40755, size: 0, pinum: 2, count: 0}
looking for root.txt
node{mode: 100644, size: 0, pinum: 0, count: 0}
 - 5: root.txt [5]
looking for foo
node{mode: 40755, size: 0, pinum: 0, count: 0}
 - 6: foo [6]
looking for 40k.txt
node{mode: 100644, size: 40001, pinum: 0, count: 0}
 - 7: 40k.txt [7]
looking for 2k.txt
node{mode: 100644, size: 2001, pinum: 0, count: 0}
 - 8: 2k.txt [8]
looking for dir1
node{mode: 40755, size: 0, pinum: 0, count: 1}
 - 9: dir1 [9]
looking for dir2
node{mode: 40755, size: 0, pinum: 9, count: 1}
looking for dir3
node{mode: 40755, size: 0, pinum: 10, count: 1}
looking for dir4
node{mode: 40755, size: 0, pinum: 11, count: 1}
looking for dir5
node{mode: 40755, size: 0, pinum: 12, count: 1}
looking for hello.txt
node{mode: 100644, size: 12, pinum: 13, count: 0}
looking for numbers
node{mode: 40755, size: 0, pinum: 0, count: 50}
 - 15: numbers [15]
looking for 1.num
node{mode: 100644, size: 2, pinum: 15, count: 0}
looking for 2.num
node{mode: 100644, size: 2, pinum: 15, count: 0}
looking for 3.num
node{mode: 100644, size: 2, pinum: 15, count: 0}
looking for 4.num
node{mode: 100644, size: 2, pinum: 15, count: 0}
looking for 5.num
node{mode: 100644, size: 2, pinum: 15, count: 0}
looking for 6.num
node{mode: 100644, size: 2, pinum: 15, count: 0}
looking for 7.num
node{mode: 100644, size: 2, pinum: 15, count: 0}
looking for 8.num
node{mode: 100644, size: 2, pinum: 15, count: 0}
looking for 9.num
node{mode: 100644, size: 2, pinum: 15, count: 0}
looking for 10.num
node{mode: 100644, size: 3, pinum: 15, count: 0}
looking for 11.num
node{mode: 100644, size: 3, pinum: 15, count: 0}
looking for 12.num
node{mode: 100644, size: 3, pinum: 15, count: 0}
looking for 13.num
node{mode: 100644, size: 3, pinum: 15, count: 0}
looking for 14.num
node{mode: 100644, size: 3, pinum: 15, count: 0}
looking for 15.num
node{mode: 100644, size: 3, pinum: 15, count: 0}
looking for 16.num
node{mode: 100644, size: 3, pinum: 15, count: 0}
looking for 17.num
node{mode: 100644, size: 3, pinum: 15, count: 0}
looking for 18.num
node{mode: 100644, size: 3, pinum: 15, count: 0}
looking for 19.num
node{mode: 100644, size: 3, pinum: 15, count: 0}
looking for 20.num
node{mode: 100644, size: 3, pinum: 15, count: 0}
looking for 21.num
node{mode: 100644, size: 3, pinum: 15, count: 0}
looking for 22.num
node{mode: 100644, size: 3, pinum: 15, count: 0}
looking for 23.num
node{mode: 100644, size: 3, pinum: 15, count: 0}
looking for 24.num
node{mode: 100644, size: 3, pinum: 15, count: 0}
looking for 25.num
node{mode: 100644, size: 3, pinum: 15, count: 0}
looking for 26.num
node{mode: 100644, size: 3, pinum: 15, count: 0}
looking for 27.num
node{mode: 100644, size: 3, pinum: 15, count: 0}
looking for 28.num
node{mode: 100644, size: 3, pinum: 15, count: 0}
looking for 29.num
node{mode: 100644, size: 3, pinum: 15, count: 0}
looking for 30.num
node{mode: 100644, size: 3, pinum: 15, count: 0}
looking for 31.num
node{mode: 100644, size: 3, pinum: 15, count: 0}
looking for 32.num
node{mode: 100644, size: 3, pinum: 15, count: 0}
looking for 33.num
node{mode: 100644, size: 3, pinum: 15, count: 0}
looking for 34.num
node{mode: 100644, size: 3, pinum: 15, count: 0}
looking for 35.num
node{mode: 100644, size: 3, pinum: 15, count: 0}
looking for 36.num
node{mode: 100644, size: 3, pinum: 15, count: 0}
looking for 37.num
node{mode: 100644, size: 3, pinum: 15, count: 0}
looking for 38.num
node{mode: 100644, size: 3, pinum: 15, count: 0}
looking for 39.num
node{mode: 100644, size: 3, pinum: 15, count: 0}
looking for 40.num
node{mode: 100644, size: 3, pinum: 15, count: 0}
looking for 41.num
node{mode: 100644, size: 3, pinum: 15, count: 0}
looking for 42.num
node{mode: 100644, size: 3, pinum: 15, count: 0}
looking for 43.num
node{mode: 100644, size: 3, pinum: 15, count: 0}
looking for 44.num
node{mode: 100644, size: 3, pinum: 15, count: 0}
looking for 45.num
node{mode: 100644, size: 3, pinum: 15, count: 0}
looking for 46.num
node{mode: 100644, size: 3, pinum: 15, count: 0}
looking for 47.num
node{mode: 100644, size: 3, pinum: 15, count: 0}
looking for 48.num
node{mode: 100644, size: 3, pinum: 15, count: 0}
looking for 49.num
node{mode: 100644, size: 3, pinum: 15, count: 0}
looking for 50.num
node{mode: 100644, size: 3, pinum: 15, count: 0}
+ looking at path: 'numbers'
+ storage_stat(/numbers)
looking for numbers
+ storage_stat(/numbers); inode 15
node{mode: 40755, size: 0, pinum: 0, count: 50}
+ looking at path: 'dir1'
+ storage_stat(/dir1)
looking for dir1
+ storage_stat(/dir1); inode 9
node{mode: 40755, size: 0, pinum: 0, count: 1}
+ looking at path: '2k.txt'
+ storage_stat(/2k.txt)
looking for 2k.txt
+ storage_stat(/2k.txt); inode 8
node{mode: 100644, size: 2001, pinum: 0, count: 0}
+ looking at path: '40k.txt'
+ storage_stat(/40k.txt)
looking for 40k.txt
+ storage_stat(/40k.txt); inode 7
node{mode: 100644, size: 40001, pinum: 0, count: 0}
+ looking at path: 'foo'
+ storage_stat(/foo)
looking for foo
+ storage_stat(/foo); inode 6
node{mode: 40755, size: 0, pinum: 0, count: 0}
+ looking at path: 'root.txt'
+ storage_stat(/root.txt)
looking for root.txt
+ storage_stat(/root.txt); inode 5
node{mode: 100644, size: 0, pinum: 0, count: 0}
+ looking at path: 'a'
+ storage_stat(/a)
looking for a
+ storage_stat(/a); inode 1
node{mode: 40755, size: 0, pinum: 0, count: 1}
readdir(/) -> 0
+ storage_stat(/)
+ storage_stat(/); inode 1
node{mode: 40755, size: 0, pinum: 0, count: 1}
getattr(/) -> (0) {mode: 40755, size: 0}
1.path in cow : /
+ storage_stat(/)
+ storage_stat(/); inode 1
node{mode: 40755, size: 0, pinum: 0, count: 1}
+ directory_list()
path in dirlist : /
result of path=1
root
looking for a
node{mode: 40755, size: 0, pinum: 0, count: 1}
 - 1: a [1]
looking for b
node{mode: 40755, size: 0, pinum: 1, count: 2}
looking for hek.txt
node{mode: 100644, size: 0, pinum: 2, count: 0}
looking for c
node{mode: 40755, size: 0, pinum: 2, count: 0}
looking for root.txt
node{mode: 100644, size: 0, pinum: 0, count: 0}
 - 5: root.txt [5]
looking for foo
node{mode: 40755, size: 0, pinum: 0, count: 0}
 - 6: foo [6]
looking for 40k.txt
node{mode: 100644, size: 40001, pinum: 0, count: 0}
 - 7: 40k.txt [7]
looking for 2k.txt
node{mode: 100644, size: 2001, pinum: 0, count: 0}
 - 8: 2k.txt [8]
looking for dir1
node{mode: 40755, size: 0, pinum: 0, count: 1}
 - 9: dir1 [9]
looking for dir2
node{mode: 40755, size: 0, pinum: 9, count: 1}
looking for dir3
node{mode: 40755, size: 0, pinum: 10, count: 1}
looking for dir4
node{mode: 40755, size: 0, pinum: 11, count: 1}
looking for dir5
node{mode: 40755, size: 0, pinum: 12, count: 1}
looking for hello.txt
node{mode: 100644, size: 12, pinum: 13, count: 0}
looking for numbers
node{mode: 40755, size: 0, pinum: 0, count: 50}
 - 15: numbers [15]
looking for 1.num
node{mode: 100644, size: 2, pinum: 15, count: 0}
looking for 2.num
node{mode: 100644, size: 2, pinum: 15, count: 0}
looking for 3.num
node{mode: 100644, size: 2, pinum: 15, count: 0}
looking for 4.num
node{mode: 100644, size: 2, pinum: 15, count: 0}
looking for 5.num
node{mode: 100644, size: 2, pinum: 15, count: 0}
looking for 6.num
node{mode: 100644, size: 2, pinum: 15, count: 0}
looking for 7.num
node{mode: 100644, size: 2, pinum: 15, count: 0}
looking for 8.num
node{mode: 100644, size: 2, pinum: 15, count: 0}
looking for 9.num
node{mode: 100644, size: 2, pinum: 15, count: 0}
looking for 10.num
node{mode: 100644, size: 3, pinum: 15, count: 0}
looking for 11.num
node{mode: 100644, size: 3, pinum: 15, count: 0}
looking for 12.num
node{mode: 100644, size: 3, pinum: 15, count: 0}
looking for 13.num
node{mode: 100644, size: 3, pinum: 15, count: 0}
looking for 14.num
node{mode: 100644, size: 3, pinum: 15, count: 0}
looking for 15.num
node{mode: 100644, size: 3, pinum: 15, count: 0}
looking for 16.num
node{mode: 100644, size: 3, pinum: 15, count: 0}
looking for 17.num
node{mode: 100644, size: 3, pinum: 15, count: 0}
looking for 18.num
node{mode: 100644, size: 3, pinum: 15, count: 0}
looking for 19.num
node{mode: 100644, size: 3, pinum: 15, count: 0}
looking for 20.num
node{mode: 100644, size: 3, pinum: 15, count: 0}
looking for 21.num
node{mode: 100644, size: 3, pinum: 15, count: 0}
looking for 22.num
node{mode: 100644, size: 3, pinum: 15, count: 0}
looking for 23.num
node{mode: 100644, size: 3, pinum: 15, count: 0}
looking for 24.num
node{mode: 100644, size: 3, pinum: 15, count: 0}
looking for 25.num
node{mode: 100644, size: 3, pinum: 15, count: 0}
looking for 26.num
node{mode: 100644, size: 3, pinum: 15, count: 0}
looking for 27.num
node{mode: 100644, size: 3, pinum: 15, count: 0}
looking for 28.num
node{mode: 100644, size: 3, pinum: 15, count: 0}
looking for 29.num
node{mode: 100644, size: 3, pinum: 15, count: 0}
looking for 30.num
node{mode: 100644, size: 3, pinum: 15, count: 0}
looking for 31.num
node{mode: 100644, size: 3, pinum: 15, count: 0}
looking for 32.num
node{mode: 100644, size: 3, pinum: 15, count: 0}
looking for 33.num
node{mode: 100644, size: 3, pinum: 15, count: 0}
looking for 34.num
node{mode: 100644, size: 3, pinum: 15, count: 0}
looking for 35.num
node{mode: 100644, size: 3, pinum: 15, count: 0}
looking for 36.num
node{mode: 100644, size: 3, pinum: 15, count: 0}
looking for 37.num
node{mode: 100644, size: 3, pinum: 15, count: 0}
looking for 38.num
node{mode: 100644, size: 3, pinum: 15, count: 0}
looking for 39.num
node{mode: 100644, size: 3, pinum: 15, count: 0}
looking for 40.num
node{mode: 100644, size: 3, pinum: 15, count: 0}
looking for 41.num
node{mode: 100644, size: 3, pinum: 15, count: 0}
looking for 42.num
node{mode: 100644, size: 3, pinum: 15, count: 0}
looking for 43.num
node{mode: 100644, size: 3, pinum: 15, count: 0}
looking for 44.num
node{mode: 100644, size: 3, pinum: 15, count: 0}
looking for 45.num
node{mode: 100644, size: 3, pinum: 15, count: 0}
looking for 46.num
node{mode: 100644, size: 3, pinum: 15, count: 0}
looking for 47.num
node{mode: 100644, size: 3, pinum: 15, count: 0}
looking for 48.num
node{mode: 100644, size: 3, pinum: 15, count: 0}
looking for 49.num
node{mode: 100644, size: 3, pinum: 15, count: 0}
looking for 50.num
node{mode: 100644, size: 3, pinum: 15, count: 0}
+ looking at path: 'numbers'
+ storage_stat(/numbers)
looking for numbers
+ storage_stat(/numbers); inode 15
node{mode: 40755, size: 0, pinum: 0, count: 50}
+ looking at path: 'dir1'
+ storage_stat(/dir1)
looking for dir1
+ storage_stat(/dir1); inode 9
node{mode: 40755, size: 0, pinum: 0, count: 1}
+ looking at path: '2k.txt'
+ storage_stat(/2k.txt)
looking for 2k.txt
+ storage_stat(/2k.txt); inode 8
node{mode: 100644, size: 2001, pinum: 0, count: 0}
+ looking at path: '40k.txt'
+ storage_stat(/40k.txt)
looking for 40k.txt
+ storage_stat(/40k.txt); inode 7
node{mode: 100644, size: 40001, pinum: 0, count: 0}
+ looking at path: 'foo'
+ storage_stat(/foo)
looking for foo
+ storage_stat(/foo); inode 6
node{mode: 40755, size: 0, pinum: 0, count: 0}
+ looking at path: 'root.txt'
+ storage_stat(/root.txt)
looking for root.txt
+ storage_stat(/root.txt); inode 5
node{mode: 100644, size: 0, pinum: 0, count: 0}
+ looking at path: 'a'
+ storage_stat(/a)
looking for a
+ storage_stat(/a); inode 1
node{mode: 40755, size: 0, pinum: 0, count: 1}
readdir(/) -> 0
+ storage_stat(/)
+ storage_stat(/); inode 1
node{mode: 40755, size: 0, pinum: 0, count: 1}
getattr(/) -> (0) {mode: 40755, size: 0}
1.path in cow : /
+ storage_stat(/)
+ storage_stat(/); inode 1
node{mode: 40755, size: 0, pinum: 0, count: 1}
+ directory_list()
path in dirlist : /
result of path=1
root
looking for a
node{mode: 40755, size: 0, pinum: 0, count: 1}
 - 1: a [1]
looking for b
node{mode: 40755, size: 0, pinum: 1, count: 2}
looking for hek.txt
node{mode: 100644, size: 0, pinum: 2, count: 0}
looking for c
node{mode: 40755, size: 0, pinum: 2, count: 0}
looking for root.txt
node{mode: 100644, size: 0, pinum: 0, count: 0}
 - 5: root.txt [5]
looking for foo
node{mode: 40755, size: 0, pinum: 0, count: 0}
 - 6: foo [6]
looking for 40k.txt
node{mode: 100644, size: 40001, pinum: 0, count: 0}
 - 7: 40k.txt [7]
looking for 2k.txt
node{mode: 100644, size: 2001, pinum: 0, count: 0}
 - 8: 2k.txt [8]
looking for dir1
node{mode: 40755, size: 0, pinum: 0, count: 1}
 - 9: dir1 [9]
looking for dir2
node{mode: 40755, size: 0, pinum: 9, count: 1}
looking for dir3
node{mode: 40755, size: 0, pinum: 10, count: 1}
looking for dir4
node{mode: 40755, size: 0, pinum: 11, count: 1}
looking for dir5
node{mode: 40755, size: 0, pinum: 12, count: 1}
looking for hello.txt
node{mode: 100644, size: 12, pinum: 13, count: 0}
looking for numbers
node{mode: 40755, size: 0, pinum: 0, count: 50}
 - 15: numbers [15]
looking for 1.num
node{mode: 100644, size: 2, pinum: 15, count: 0}
looking for 2.num
node{mode: 100644, size: 2, pinum: 15, count: 0}
looking for 3.num
node{mode: 100644, size: 2, pinum: 15, count: 0}
looking for 4.num
node{mode: 100644, size: 2, pinum: 15, count: 0}
looking for 5.num
node{mode: 100644, size: 2, pinum: 15, count: 0}
looking for 6.num
node{mode: 100644, size: 2, pinum: 15, count: 0}
looking for 7.num
node{mode: 100644, size: 2, pinum: 15, count: 0}
looking for 8.num
node{mode: 100644, size: 2, pinum: 15, count: 0}
looking for 9.num
node{mode: 100644, size: 2, pinum: 15, count: 0}
looking for 10.num
node{mode: 100644, size: 3, pinum: 15, count: 0}
looking for 11.num
node{mode: 100644, size: 3, pinum: 15, count: 0}
looking for 12.num
node{mode: 100644, size: 3, pinum: 15, count: 0}
looking for 13.num
node{mode: 100644, size: 3, pinum: 15, count: 0}
looking for 14.num
node{mode: 100644, size: 3, pinum: 15, count: 0}
looking for 15.num
node{mode: 100644, size: 3, pinum: 15, count: 0}
looking for 16.num
node{mode: 100644, size: 3, pinum: 15, count: 0}
looking for 17.num
node{mode: 100644, size: 3, pinum: 15, count: 0}
looking for 18.num
node{mode: 100644, size: 3, pinum: 15, count: 0}
looking for 19.num
node{mode: 100644, size: 3, pinum: 15, count: 0}
looking for 20.num
node{mode: 100644, size: 3, pinum: 15, count: 0}
looking for 21.num
node{mode: 100644, size: 3, pinum: 15, count: 0}
looking for 22.num
node{mode: 100644, size: 3, pinum: 15, count: 0}
looking for 23.num
node{mode: 100644, size: 3, pinum: 15, count: 0}
looking for 24.num
node{mode: 100644, size: 3, pinum: 15, count: 0}
looking for 25.num
node{mode: 100644, size: 3, pinum: 15, count: 0}
looking for 26.num
node{mode: 100644, size: 3, pinum: 15, count: 0}
looking for 27.num
node{mode: 100644, size: 3, pinum: 15, count: 0}
looking for 28.num
node{mode: 100644, size: 3, pinum: 15, count: 0}
looking for 29.num
node{mode: 100644, size: 3, pinum: 15, count: 0}
looking for 30.num
node{mode: 100644, size: 3, pinum: 15, count: 0}
looking for 31.num
node{mode: 100644, size: 3, pinum: 15, count: 0}
looking for 32.num
node{mode: 100644, size: 3, pinum: 15, count: 0}
looking for 33.num
node{mode: 100644, size: 3, pinum: 15, count: 0}
looking for 34.num
node{mode: 100644, size: 3, pinum: 15, count: 0}
looking for 35.num
node{mode: 100644, size: 3, pinum: 15, count: 0}
looking for 36.num
node{mode: 100644, size: 3, pinum: 15, count: 0}
looking for 37.num
node{mode: 100644, size: 3, pinum: 15, count: 0}
looking for 38.num
node{mode: 100644, size: 3, pinum: 15, count: 0}
looking for 39.num
node{mode: 100644, size: 3, pinum: 15, count: 0}
looking for 40.num
node{mode: 100644, size: 3, pinum: 15, count: 0}
looking for 41.num
node{mode: 100644, size: 3, pinum: 15, count: 0}
looking for 42.num
node{mode: 100644, size: 3, pinum: 15, count: 0}
looking for 43.num
node{mode: 100644, size: 3, pinum: 15, count: 0}
looking for 44.num
node{mode: 100644, size: 3, pinum: 15, count: 0}
looking for 45.num
node{mode: 100644, size: 3, pinum: 15, count: 0}
looking for 46.num
node{mode: 100644, size: 3, pinum: 15, count: 0}
looking for 47.num
node{mode: 100644, size: 3, pinum: 15, count: 0}
looking for 48.num
node{mode: 100644, size: 3, pinum: 15, count: 0}
looking for 49.num
node{mode: 100644, size: 3, pinum: 15, count: 0}
looking for 50.num
node{mode: 100644, size: 3, pinum: 15, count: 0}
+ looking at path: 'numbers'
+ storage_stat(/numbers)
looking for numbers
+ storage_stat(/numbers); inode 15
node{mode: 40755, size: 0, pinum: 0, count: 50}
+ looking at path: 'dir1'
+ storage_stat(/dir1)
looking for dir1
+ storage_stat(/dir1); inode 9
node{mode: 40755, size: 0, pinum: 0, count: 1}
+ looking at path: '2k.txt'
+ storage_stat(/2k.txt)
looking for 2k.txt
+ storage_stat(/2k.txt); inode 8
node{mode: 100644, size: 2001, pinum: 0, count: 0}
+ looking at path: '40k.txt'
+ storage_stat(/40k.txt)
looking for 40k.txt
+ storage_stat(/40k.txt); inode 7
node{mode: 100644, size: 40001, pinum: 0, count: 0}
+ looking at path: 'foo'
+ storage_stat(/foo)
looking for foo
+ storage_stat(/foo); inode 6
node{mode: 40755, size: 0, pinum: 0, count: 0}
+ looking at path: 'root.txt'
+ storage_stat(/root.txt)
looking for root.txt
+ storage_stat(/root.txt); inode 5
node{mode: 100644, size: 0, pinum: 0, count: 0}
+ looking at path: 'a'
+ storage_stat(/a)
looking for a
+ storage_stat(/a); inode 1
node{mode: 40755, size: 0, pinum: 0, count: 1}
readdir(/) -> 0
+ storage_stat(/)
+ storage_stat(/); inode 1
node{mode: 40755, size: 0, pinum: 0, count: 1}
getattr(/) -> (0) {mode: 40755, size: 0}
1.path in cow : /
+ storage_stat(/)
+ storage_stat(/); inode 1
node{mode: 40755, size: 0, pinum: 0, count: 1}
+ directory_list()
path in dirlist : /
result of path=1
root
looking for a
node{mode: 40755, size: 0, pinum: 0, count: 1}
 - 1: a [1]
looking for b
node{mode: 40755, size: 0, pinum: 1, count: 2}
looking for hek.txt
node{mode: 100644, size: 0, pinum: 2, count: 0}
looking for c
node{mode: 40755, size: 0, pinum: 2, count: 0}
looking for root.txt
node{mode: 100644, size: 0, pinum: 0, count: 0}
 - 5: root.txt [5]
looking for foo
node{mode: 40755, size: 0, pinum: 0, count: 0}
 - 6: foo [6]
looking for 40k.txt
node{mode: 100644, size: 40001, pinum: 0, count: 0}
 - 7: 40k.txt [7]
looking for 2k.txt
node{mode: 100644, size: 2001, pinum: 0, count: 0}
 - 8: 2k.txt [8]
looking for dir1
node{mode: 40755, size: 0, pinum: 0, count: 1}
 - 9: dir1 [9]
looking for dir2
node{mode: 40755, size: 0, pinum: 9, count: 1}
looking for dir3
node{mode: 40755, size: 0, pinum: 10, count: 1}
looking for dir4
node{mode: 40755, size: 0, pinum: 11, count: 1}
looking for dir5
node{mode: 40755, size: 0, pinum: 12, count: 1}
looking for hello.txt
node{mode: 100644, size: 12, pinum: 13, count: 0}
looking for numbers
node{mode: 40755, size: 0, pinum: 0, count: 50}
 - 15: numbers [15]
looking for 1.num
node{mode: 100644, size: 2, pinum: 15, count: 0}
looking for 2.num
node{mode: 100644, size: 2, pinum: 15, count: 0}
looking for 3.num
node{mode: 100644, size: 2, pinum: 15, count: 0}
looking for 4.num
node{mode: 100644, size: 2, pinum: 15, count: 0}
looking for 5.num
node{mode: 100644, size: 2, pinum: 15, count: 0}
looking for 6.num
node{mode: 100644, size: 2, pinum: 15, count: 0}
looking for 7.num
node{mode: 100644, size: 2, pinum: 15, count: 0}
looking for 8.num
node{mode: 100644, size: 2, pinum: 15, count: 0}
looking for 9.num
node{mode: 100644, size: 2, pinum: 15, count: 0}
looking for 10.num
node{mode: 100644, size: 3, pinum: 15, count: 0}
looking for 11.num
node{mode: 100644, size: 3, pinum: 15, count: 0}
looking for 12.num
node{mode: 100644, size: 3, pinum: 15, count: 0}
looking for 13.num
node{mode: 100644, size: 3, pinum: 15, count: 0}
looking for 14.num
node{mode: 100644, size: 3, pinum: 15, count: 0}
looking for 15.num
node{mode: 100644, size: 3, pinum: 15, count: 0}
looking for 16.num
node{mode: 100644, size: 3, pinum: 15, count: 0}
looking for 17.num
node{mode: 100644, size: 3, pinum: 15, count: 0}
looking for 18.num
node{mode: 100644, size: 3, pinum: 15, count: 0}
looking for 19.num
node{mode: 100644, size: 3, pinum: 15, count: 0}
looking for 20.num
node{mode: 100644, size: 3, pinum: 15, count: 0}
looking for 21.num
node{mode: 100644, size: 3, pinum: 15, count: 0}
looking for 22.num
node{mode: 100644, size: 3, pinum: 15, count: 0}
looking for 23.num
node{mode: 100644, size: 3, pinum: 15, count: 0}
looking for 24.num
node{mode: 100644, size: 3, pinum: 15, count: 0}
looking for 25.num
node{mode: 100644, size: 3, pinum: 15, count: 0}
looking for 26.num
node{mode: 100644, size: 3, pinum: 15, count: 0}
looking for 27.num
node{mode: 100644, size: 3, pinum: 15, count: 0}
looking for 28.num
node{mode: 100644, size: 3, pinum: 15, count: 0}
looking for 29.num
node{mode: 100644, size: 3, pinum: 15, count: 0}
looking for 30.num
node{mode: 100644, size: 3, pinum: 15, count: 0}
looking for 31.num
node{mode: 100644, size: 3, pinum: 15, count: 0}
looking for 32.num
node{mode: 100644, size: 3, pinum: 15, count: 0}
looking for 33.num
node{mode: 100644, size: 3, pinum: 15, count: 0}
looking for 34.num
node{mode: 100644, size: 3, pinum: 15, count: 0}
looking for 35.num
node{mode: 100644, size: 3, pinum: 15, count: 0}
looking for 36.num
node{mode: 100644, size: 3, pinum: 15, count: 0}
looking for 37.num
node{mode: 100644, size: 3, pinum: 15, count: 0}
looking for 38.num
node{mode: 100644, size: 3, pinum: 15, count: 0}
looking for 39.num
node{mode: 100644, size: 3, pinum: 15, count: 0}
looking for 40.num
node{mode: 100644, size: 3, pinum: 15, count: 0}
looking for 41.num
node{mode: 100644, size: 3, pinum: 15, count: 0}
looking for 42.num
node{mode: 100644, size: 3, pinum: 15, count: 0}
looking for 43.num
node{mode: 100644, size: 3, pinum: 15, count: 0}
looking for 44.num
node{mode: 100644, size: 3, pinum: 15, count: 0}
looking for 45.num
node{mode: 100644, size: 3, pinum: 15, count: 0}
looking for 46.num
node{mode: 100644, size: 3, pinum: 15, count: 0}
looking for 47.num
node{mode: 100644, size: 3, pinum: 15, count: 0}
looking for 48.num
node{mode: 100644, size: 3, pinum: 15, count: 0}
looking for 49.num
node{mode: 100644, size: 3, pinum: 15, count: 0}
looking for 50.num
node{mode: 100644, size: 3, pinum: 15, count: 0}
+ looking at path: 'numbers'
+ storage_stat(/numbers)
looking for numbers
+ storage_stat(/numbers); inode 15
node{mode: 40755, size: 0, pinum: 0, count: 50}
+ looking at path: 'dir1'
+ storage_stat(/dir1)
looking for dir1
+ storage_stat(/dir1); inode 9
node{mode: 40755, size: 0, pinum: 0, count: 1}
+ looking at path: '2k.txt'
+ storage_stat(/2k.txt)
looking for 2k.txt
+ storage_stat(/2k.txt); inode 8
node{mode: 100644, size: 2001, pinum: 0, count: 0}
+ looking at path: '40k.txt'
+ storage_stat(/40k.txt)
looking for 40k.txt
+ storage_stat(/40k.txt); inode 7
node{mode: 100644, size: 40001, pinum: 0, count: 0}
+ looking at path: 'foo'
+ storage_stat(/foo)
looking for foo
+ storage_stat(/foo); inode 6
node{mode: 40755, size: 0, pinum: 0, count: 0}
+ looking at path: 'root.txt'
+ storage_stat(/root.txt)
looking for root.txt
+ storage_stat(/root.txt); inode 5
node{mode: 100644, size: 0, pinum: 0, count: 0}
+ looking at path: 'a'
+ storage_stat(/a)
looking for a
+ storage_stat(/a); inode 1
node{mode: 40755, size: 0, pinum: 0, count: 1}
readdir(/) -> 0
+ storage_stat(/)
+ storage_stat(/); inode 1
node{mode: 40755, size: 0, pinum: 0, count: 1}
getattr(/) -> (0) {mode: 40755, size: 0}
1.path in cow : /
+ storage_stat(/)
+ storage_stat(/); inode 1
node{mode: 40755, size: 0, pinum: 0, count: 1}
+ directory_list()
path in dirlist : /
result of path=1
root
looking for a
node{mode: 40755, size: 0, pinum: 0, count: 1}
 - 1: a [1]
looking for b
node{mode: 40755, size: 0, pinum: 1, count: 2}
looking for hek.txt
node{mode: 100644, size: 0, pinum: 2, count: 0}
looking for c
node{mode: 40755, size: 0, pinum: 2, count: 0}
looking for root.txt
node{mode: 100644, size: 0, pinum: 0, count: 0}
 - 5: root.txt [5]
looking for foo
node{mode: 40755, size: 0, pinum: 0, count: 0}
 - 6: foo [6]
looking for 40k.txt
node{mode: 100644, size: 40001, pinum: 0, count: 0}
 - 7: 40k.txt [7]
looking for 2k.txt
node{mode: 100644, size: 2001, pinum: 0, count: 0}
 - 8: 2k.txt [8]
looking for dir1
node{mode: 40755, size: 0, pinum: 0, count: 1}
 - 9: dir1 [9]
looking for dir2
node{mode: 40755, size: 0, pinum: 9, count: 1}
looking for dir3
node{mode: 40755, size: 0, pinum: 10, count: 1}
looking for dir4
node{mode: 40755, size: 0, pinum: 11, count: 1}
looking for dir5
node{mode: 40755, size: 0, pinum: 12, count: 1}
looking for hello.txt
node{mode: 100644, size: 12, pinum: 13, count: 0}
looking for numbers
node{mode: 40755, size: 0, pinum: 0, count: 50}
 - 15: numbers [15]
looking for 1.num
node{mode: 100644, size: 2, pinum: 15, count: 0}
looking for 2.num
node{mode: 100644, size: 2, pinum: 15, count: 0}
looking for 3.num
node{mode: 100644, size: 2, pinum: 15, count: 0}
looking for 4.num
node{mode: 100644, size: 2, pinum: 15, count: 0}
looking for 5.num
node{mode: 100644, size: 2, pinum: 15, count: 0}
looking for 6.num
node{mode: 100644, size: 2, pinum: 15, count: 0}
looking for 7.num
node{mode: 100644, size: 2, pinum: 15, count: 0}
looking for 8.num
node{mode: 100644, size: 2, pinum: 15, count: 0}
looking for 9.num
node{mode: 100644, size: 2, pinum: 15, count: 0}
looking for 10.num
node{mode: 100644, size: 3, pinum: 15, count: 0}
looking for 11.num
node{mode: 100644, size: 3, pinum: 15, count: 0}
looking for 12.num
node{mode: 100644, size: 3, pinum: 15, count: 0}
looking for 13.num
node{mode: 100644, size: 3, pinum: 15, count: 0}
looking for 14.num
node{mode: 100644, size: 3, pinum: 15, count: 0}
looking for 15.num
node{mode: 100644, size: 3, pinum: 15, count: 0}
looking for 16.num
node{mode: 100644, size: 3, pinum: 15, count: 0}
looking for 17.num
node{mode: 100644, size: 3, pinum: 15, count: 0}
looking for 18.num
node{mode: 100644, size: 3, pinum: 15, count: 0}
looking for 19.num
node{mode: 100644, size: 3, pinum: 15, count: 0}
looking for 20.num
node{mode: 100644, size: 3, pinum: 15, count: 0}
looking for 21.num
node{mode: 100644, size: 3, pinum: 15, count: 0}
looking for 22.num
node{mode: 100644, size: 3, pinum: 15, count: 0}
looking for 23.num
node{mode: 100644, size: 3, pinum: 15, count: 0}
looking for 24.num
node{mode: 100644, size: 3, pinum: 15, count: 0}
looking for 25.num
node{mode: 100644, size: 3, pinum: 15, count: 0}
looking for 26.num
node{mode: 100644, size: 3, pinum: 15, count: 0}
looking for 27.num
node{mode: 100644, size: 3, pinum: 15, count: 0}
looking for 28.num
node{mode: 100644, size: 3, pinum: 15, count: 0}
looking for 29.num
node{mode: 100644, size: 3, pinum: 15, count: 0}
looking for 30.num
node{mode: 100644, size: 3, pinum: 15, count: 0}
looking for 31.num
node{mode: 100644, size: 3, pinum: 15, count: 0}
looking for 32.num
node{mode: 100644, size: 3, pinum: 15, count: 0}
looking for 33.num
node{mode: 100644, size: 3, pinum: 15, count: 0}
looking for 34.num
node{mode: 100644, size: 3, pinum: 15, count: 0}
looking for 35.num
node{mode: 100644, size: 3, pinum: 15, count: 0}
looking for 36.num
node{mode: 100644, size: 3, pinum: 15, count: 0}
looking for 37.num
node{mode: 100644, size: 3, pinum: 15, count: 0}
looking for 38.num
node{mode: 100644, size: 3, pinum: 15, count: 0}
looking for 39.num
node{mode: 100644, size: 3, pinum: 15, count: 0}
looking for 40.num
node{mode: 100644, size: 3, pinum: 15, count: 0}
looking for 41.num
node{mode: 100644, size: 3, pinum: 15, count: 0}
looking for 42.num
node{mode: 100644, size: 3, pinum: 15, count: 0}
looking for 43.num
node{mode: 100644, size: 3, pinum: 15, count: 0}
looking for 44.num
node{mode: 100644, size: 3, pinum: 15, count: 0}
looking for 45.num
node{mode: 100644, size: 3, pinum: 15, count: 0}
looking for 46.num
node{mode: 100644, size: 3, pinum: 15, count: 0}
looking for 47.num
node{mode: 100644, size: 3, pinum: 15, count: 0}
looking for 48.num
node{mode: 100644, size: 3, pinum: 15, count: 0}
looking for 49.num
node{mode: 100644, size: 3, pinum: 15, count: 0}
looking for 50.num
node{mode: 100644, size: 3, pinum: 15, count: 0}
+ looking at path: 'numbers'
+ storage_stat(/numbers)
looking for numbers
+ storage_stat(/numbers); inode 15
node{mode: 40755, size: 0, pinum: 0, count: 50}
+ looking at path: 'dir1'
+ storage_stat(/dir1)
looking for dir1
+ storage_stat(/dir1); inode 9
node{mode: 40755, size: 0, pinum: 0, count: 1}
+ looking at path: '2k.txt'
+ storage_stat(/2k.txt)
looking for 2k.txt
+ storage_stat(/2k.txt); inode 8
node{mode: 100644, size: 2001, pinum: 0, count: 0}
+ looking at path: '40k.txt'
+ storage_stat(/40k.txt)
looking for 40k.txt
+ storage_stat(/40k.txt); inode 7
node{mode: 100644, size: 40001, pinum: 0, count: 0}
+ looking at path: 'foo'
+ storage_stat(/foo)
looking for foo
+ storage_stat(/foo); inode 6
node{mode: 40755, size: 0, pinum: 0, count: 0}
+ looking at path: 'root.txt'
+ storage_stat(/root.txt)
looking for root.txt
+ storage_stat(/root.txt); inode 5
node{mode: 100644, size: 0, pinum: 0, count: 0}
+ looking at path: 'a'
+ storage_stat(/a)
looking for a
+ storage_stat(/a); inode 1
node{mode: 40755, size: 0, pinum: 0, count: 1}
readdir(/) -> 0
+ storage_stat(/)
+ storage_stat(/); inode 1
node{mode: 40755, size: 0, pinum: 0, count: 1}
getattr(/) -> (0) {mode: 40755, size: 0}
1.path in cow : /
+ storage_stat(/)
+ storage_stat(/); inode 1
node{mode: 40755, size: 0, pinum: 0, count: 1}
+ directory_list()
path in dirlist : /
result of path=1
root
looking for a
node{mode: 40755, size: 0, pinum: 0, count: 1}
 - 1: a [1]
looking for b
node{mode: 40755, size: 0, pinum: 1, count: 2}
looking for hek.txt
node{mode: 100644, size: 0, pinum: 2, count: 0}
looking for c
node{mode: 40755, size: 0, pinum: 2, count: 0}
looking for root.txt
node{mode: 100644, size: 0, pinum: 0, count: 0}
 - 5: root.txt [5]
looking for foo
node{mode: 40755, size: 0, pinum: 0, count: 0}
 - 6: foo [6]
looking for 40k.txt
node{mode: 100644, size: 40001, pinum: 0, count: 0}
 - 7: 40k.txt [7]
looking for 2k.txt
node{mode: 100644, size: 2001, pinum: 0, count: 0}
 - 8: 2k.txt [8]
looking for dir1
node{mode: 40755, size: 0, pinum: 0, count: 1}
 - 9: dir1 [9]
looking for dir2
node{mode: 40755, size: 0, pinum: 9, count: 1}
looking for dir3
node{mode: 40755, size: 0, pinum: 10, count: 1}
looking for dir4
node{mode: 40755, size: 0, pinum: 11, count: 1}
looking for dir5
node{mode: 40755, size: 0, pinum: 12, count: 1}
looking for hello.txt
node{mode: 100644, size: 12, pinum: 13, count: 0}
looking for numbers
node{mode: 40755, size: 0, pinum: 0, count: 50}
 - 15: numbers [15]
looking for 1.num
node{mode: 100644, size: 2, pinum: 15, count: 0}
looking for 2.num
node{mode: 100644, size: 2, pinum: 15, count: 0}
looking for 3.num
node{mode: 100644, size: 2, pinum: 15, count: 0}
looking for 4.num
node{mode: 100644, size: 2, pinum: 15, count: 0}
looking for 5.num
node{mode: 100644, size: 2, pinum: 15, count: 0}
looking for 6.num
node{mode: 100644, size: 2, pinum: 15, count: 0}
looking for 7.num
node{mode: 100644, size: 2, pinum: 15, count: 0}
looking for 8.num
node{mode: 100644, size: 2, pinum: 15, count: 0}
looking for 9.num
node{mode: 100644, size: 2, pinum: 15, count: 0}
looking for 10.num
node{mode: 100644, size: 3, pinum: 15, count: 0}
looking for 11.num
node{mode: 100644, size: 3, pinum: 15, count: 0}
looking for 12.num
node{mode: 100644, size: 3, pinum: 15, count: 0}
looking for 13.num
node{mode: 100644, size: 3, pinum: 15, count: 0}
looking for 14.num
node{mode: 100644, size: 3, pinum: 15, count: 0}
looking for 15.num
node{mode: 100644, size: 3, pinum: 15, count: 0}
looking for 16.num
node{mode: 100644, size: 3, pinum: 15, count: 0}
looking for 17.num
node{mode: 100644, size: 3, pinum: 15, count: 0}
looking for 18.num
node{mode: 100644, size: 3, pinum: 15, count: 0}
looking for 19.num
node{mode: 100644, size: 3, pinum: 15, count: 0}
looking for 20.num
node{mode: 100644, size: 3, pinum: 15, count: 0}
looking for 21.num
node{mode: 100644, size: 3, pinum: 15, count: 0}
looking for 22.num
node{mode: 100644, size: 3, pinum: 15, count: 0}
looking for 23.num
node{mode: 100644, size: 3, pinum: 15, count: 0}
looking for 24.num
node{mode: 100644, size: 3, pinum: 15, count: 0}
looking for 25.num
node{mode: 100644, size: 3, pinum: 15, count: 0}
looking for 26.num
node{mode: 100644, size: 3, pinum: 15, count: 0}
looking for 27.num
node{mode: 100644, size: 3, pinum: 15, count: 0}
looking for 28.num
node{mode: 100644, size: 3, pinum: 15, count: 0}
looking for 29.num
node{mode: 100644, size: 3, pinum: 15, count: 0}
looking for 30.num
node{mode: 100644, size: 3, pinum: 15, count: 0}
looking for 31.num
node{mode: 100644, size: 3, pinum: 15, count: 0}
looking for 32.num
node{mode: 100644, size: 3, pinum: 15, count: 0}
looking for 33.num
node{mode: 100644, size: 3, pinum: 15, count: 0}
looking for 34.num
node{mode: 100644, size: 3, pinum: 15, count: 0}
looking for 35.num
node{mode: 100644, size: 3, pinum: 15, count: 0}
looking for 36.num
node{mode: 100644, size: 3, pinum: 15, count: 0}
looking for 37.num
node{mode: 100644, size: 3, pinum: 15, count: 0}
looking for 38.num
node{mode: 100644, size: 3, pinum: 15, count: 0}
looking for 39.num
node{mode: 100644, size: 3, pinum: 15, count: 0}
looking for 40.num
node{mode: 100644, size: 3, pinum: 15, count: 0}
looking for 41.num
node{mode: 100644, size: 3, pinum: 15, count: 0}
looking for 42.num
node{mode: 100644, size: 3, pinum: 15, count: 0}
looking for 43.num
node{mode: 100644, size: 3, pinum: 15, count: 0}
looking for 44.num
node{mode: 100644, size: 3, pinum: 15, count: 0}
looking for 45.num
node{mode: 100644, size: 3, pinum: 15, count: 0}
looking for 46.num
node{mode: 100644, size: 3, pinum: 15, count: 0}
looking for 47.num
node{mode: 100644, size: 3, pinum: 15, count: 0}
looking for 48.num
node{mode: 100644, size: 3, pinum: 15, count: 0}
looking for 49.num
node{mode: 100644, size: 3, pinum: 15, count: 0}
looking for 50.num
node{mode: 100644, size: 3, pinum: 15, count: 0}
+ looking at path: 'numbers'
+ storage_stat(/numbers)
looking for numbers
+ storage_stat(/numbers); inode 15
node{mode: 40755, size: 0, pinum: 0, count: 50}
+ looking at path: 'dir1'
+ storage_stat(/dir1)
looking for dir1
+ storage_stat(/dir1); inode 9
node{mode: 40755, size: 0, pinum: 0, count: 1}
+ looking at path: '2k.txt'
+ storage_stat(/2k.txt)
looking for 2k.txt
+ storage_stat(/2k.txt); inode 8
node{mode: 100644, size: 2001, pinum: 0, count: 0}
+ looking at path: '40k.txt'
+ storage_stat(/40k.txt)
looking for 40k.txt
+ storage_stat(/40k.txt); inode 7
node{mode: 100644, size: 40001, pinum: 0, count: 0}
+ looking at path: 'foo'
+ storage_stat(/foo)
looking for foo
+ storage_stat(/foo); inode 6
node{mode: 40755, size: 0, pinum: 0, count: 0}
+ looking at path: 'root.txt'
+ storage_stat(/root.txt)
looking for root.txt
+ storage_stat(/root.txt); inode 5
node{mode: 100644, size: 0, pinum: 0, count: 0}
+ looking at path: 'a'
+ storage_stat(/a)
looking for a
+ storage_stat(/a); inode 1
node{mode: 40755, size: 0, pinum: 0, count: 1}
readdir(/) -> 0
+ storage_stat(/)
+ storage_stat(/); inode 1
node{mode: 40755, size: 0, pinum: 0, count: 1}
getattr(/) -> (0) {mode: 40755, size: 0}
1.path in cow : /
+ storage_stat(/)
+ storage_stat(/); inode 1
node{mode: 40755, size: 0, pinum: 0, count: 1}
+ directory_list()
path in dirlist : /
result of path=1
root
looking for a
node{mode: 40755, size: 0, pinum: 0, count: 1}
 - 1: a [1]
looking for b
node{mode: 40755, size: 0, pinum: 1, count: 2}
looking for hek.txt
node{mode: 100644, size: 0, pinum: 2, count: 0}
looking for c
node{mode: 40755, size: 0, pinum: 2, count: 0}
looking for root.txt
node{mode: 100644, size: 0, pinum: 0, count: 0}
 - 5: root.txt [5]
looking for foo
node{mode: 40755, size: 0, pinum: 0, count: 0}
 - 6: foo [6]
looking for 40k.txt
node{mode: 100644, size: 40001, pinum: 0, count: 0}
 - 7: 40k.txt [7]
looking for 2k.txt
node{mode: 100644, size: 2001, pinum: 0, count: 0}
 - 8: 2k.txt [8]
looking for dir1
node{mode: 40755, size: 0, pinum: 0, count: 1}
 - 9: dir1 [9]
looking for dir2
node{mode: 40755, size: 0, pinum: 9, count: 1}
looking for dir3
node{mode: 40755, size: 0, pinum: 10, count: 1}
looking for dir4
node{mode: 40755, size: 0, pinum: 11, count: 1}
looking for dir5
node{mode: 40755, size: 0, pinum: 12, count: 1}
looking for hello.txt
node{mode: 100644, size: 12, pinum: 13, count: 0}
looking for numbers
node{mode: 40755, size: 0, pinum: 0, count: 50}
 - 15: numbers [15]
looking for 1.num
node{mode: 100644, size: 2, pinum: 15, count: 0}
looking for 2.num
node{mode: 100644, size: 2, pinum: 15, count: 0}
looking for 3.num
node{mode: 100644, size: 2, pinum: 15, count: 0}
looking for 4.num
node{mode: 100644, size: 2, pinum: 15, count: 0}
looking for 5.num
node{mode: 100644, size: 2, pinum: 15, count: 0}
looking for 6.num
node{mode: 100644, size: 2, pinum: 15, count: 0}
looking for 7.num
node{mode: 100644, size: 2, pinum: 15, count: 0}
looking for 8.num
node{mode: 100644, size: 2, pinum: 15, count: 0}
looking for 9.num
node{mode: 100644, size: 2, pinum: 15, count: 0}
looking for 10.num
node{mode: 100644, size: 3, pinum: 15, count: 0}
looking for 11.num
node{mode: 100644, size: 3, pinum: 15, count: 0}
looking for 12.num
node{mode: 100644, size: 3, pinum: 15, count: 0}
looking for 13.num
node{mode: 100644, size: 3, pinum: 15, count: 0}
looking for 14.num
node{mode: 100644, size: 3, pinum: 15, count: 0}
looking for 15.num
node{mode: 100644, size: 3, pinum: 15, count: 0}
looking for 16.num
node{mode: 100644, size: 3, pinum: 15, count: 0}
looking for 17.num
node{mode: 100644, size: 3, pinum: 15, count: 0}
looking for 18.num
node{mode: 100644, size: 3, pinum: 15, count: 0}
looking for 19.num
node{mode: 100644, size: 3, pinum: 15, count: 0}
looking for 20.num
node{mode: 100644, size: 3, pinum: 15, count: 0}
looking for 21.num
node{mode: 100644, size: 3, pinum: 15, count: 0}
looking for 22.num
node{mode: 100644, size: 3, pinum: 15, count: 0}
looking for 23.num
node{mode: 100644, size: 3, pinum: 15, count: 0}
looking for 24.num
node{mode: 100644, size: 3, pinum: 15, count: 0}
looking for 25.num
node{mode: 100644, size: 3, pinum: 15, count: 0}
looking for 26.num
node{mode: 100644, size: 3, pinum: 15, count: 0}
looking for 27.num
node{mode: 100644, size: 3, pinum: 15, count: 0}
looking for 28.num
node{mode: 100644, size: 3, pinum: 15, count: 0}
looking for 29.num
node{mode: 100644, size: 3, pinum: 15, count: 0}
looking for 30.num
node{mode: 100644, size: 3, pinum: 15, count: 0}
looking for 31.num
node{mode: 100644, size: 3, pinum: 15, count: 0}
looking for 32.num
node{mode: 100644, size: 3, pinum: 15, count: 0}
looking for 33.num
node{mode: 100644, size: 3, pinum: 15, count: 0}
looking for 34.num
node{mode: 100644, size: 3, pinum: 15, count: 0}
looking for 35.num
node{mode: 100644, size: 3, pinum: 15, count: 0}
looking for 36.num
node{mode: 100644, size: 3, pinum: 15, count: 0}
looking for 37.num
node{mode: 100644, size: 3, pinum: 15, count: 0}
looking for 38.num
node{mode: 100644, size: 3, pinum: 15, count: 0}
looking for 39.num
node{mode: 100644, size: 3, pinum: 15, count: 0}
looking for 40.num
node{mode: 100644, size: 3, pinum: 15, count: 0}
looking for 41.num
node{mode: 100644, size: 3, pinum: 15, count: 0}
looking for 42.num
node{mode: 100644, size: 3, pinum: 15, count: 0}
looking for 43.num
node{mode: 100644, size: 3, pinum: 15, count: 0}
looking for 44.num
node{mode: 100644, size: 3, pinum: 15, count: 0}
looking for 45.num
node{mode: 100644, size: 3, pinum: 15, count: 0}
looking for 46.num
node{mode: 100644, size: 3, pinum: 15, count: 0}
looking for 47.num
node{mode: 100644, size: 3, pinum: 15, count: 0}
looking for 48.num
node{mode: 100644, size: 3, pinum: 15, count: 0}
looking for 49.num
node{mode: 100644, size: 3, pinum: 15, count: 0}
looking for 50.num
node{mode: 100644, size: 3, pinum: 15, count: 0}
+ looking at path: 'numbers'
+ storage_stat(/numbers)
looking for numbers
+ storage_stat(/numbers); inode 15
node{mode: 40755, size: 0, pinum: 0, count: 50}
+ looking at path: 'dir1'
+ storage_stat(/dir1)
looking for dir1
+ storage_stat(/dir1); inode 9
node{mode: 40755, size: 0, pinum: 0, count: 1}
+ looking at path: '2k.txt'
+ storage_stat(/2k.txt)
looking for 2k.txt
+ storage_stat(/2k.txt); inode 8
node{mode: 100644, size: 2001, pinum: 0, count: 0}
+ looking at path: '40k.txt'
+ storage_stat(/40k.txt)
looking for 40k.txt
+ storage_stat(/40k.txt); inode 7
node{mode: 100644, size: 40001, pinum: 0, count: 0}
+ looking at path: 'foo'
+ storage_stat(/foo)
looking for foo
+ storage_stat(/foo); inode 6
node{mode: 40755, size: 0, pinum: 0, count: 0}
+ looking at path: 'root.txt'
+ storage_stat(/root.txt)
looking for root.txt
+ storage_stat(/root.txt); inode 5
node{mode: 100644, size: 0, pinum: 0, count: 0}
+ looking at path: 'a'
+ storage_stat(/a)
looking for a
+ storage_stat(/a); inode 1
node{mode: 40755, size: 0, pinum: 0, count: 1}
readdir(/) -> 0
+ storage_stat(/)
+ storage_stat(/); inode 1
node{mode: 40755, size: 0, pinum: 0, count: 1}
getattr(/) -> (0) {mode: 40755, size: 0}
1.path in cow : /
+ storage_stat(/)
+ storage_stat(/); inode 1
node{mode: 40755, size: 0, pinum: 0, count: 1}
+ directory_list()
path in dirlist : /
result of path=1
root
looking for a
node{mode: 40755, size: 0, pinum: 0, count: 1}
 - 1: a [1]
looking for b
node{mode: 40755, size: 0, pinum: 1, count: 2}
looking for hek.txt
node{mode: 100644, size: 0, pinum: 2, count: 0}
looking for c
node{mode: 40755, size: 0, pinum: 2, count: 0}
looking for root.txt
node{mode: 100644, size: 0, pinum: 0, count: 0}
 - 5: root.txt [5]
looking for foo
node{mode: 40755, size: 0, pinum: 0, count: 0}
 - 6: foo [6]
looking for 40k.txt
node{mode: 100644, size: 40001, pinum: 0, count: 0}
 - 7: 40k.txt [7]
looking for 2k.txt
node{mode: 100644, size: 2001, pinum: 0, count: 0}
 - 8: 2k.txt [8]
looking for dir1
node{mode: 40755, size: 0, pinum: 0, count: 1}
 - 9: dir1 [9]
looking for dir2
node{mode: 40755, size: 0, pinum: 9, count: 1}
looking for dir3
node{mode: 40755, size: 0, pinum: 10, count: 1}
looking for dir4
node{mode: 40755, size: 0, pinum: 11, count: 1}
looking for dir5
node{mode: 40755, size: 0, pinum: 12, count: 1}
looking for hello.txt
node{mode: 100644, size: 12, pinum: 13, count: 0}
looking for numbers
node{mode: 40755, size: 0, pinum: 0, count: 50}
 - 15: numbers [15]
looking for 1.num
node{mode: 100644, size: 2, pinum: 15, count: 0}
looking for 2.num
node{mode: 100644, size: 2, pinum: 15, count: 0}
looking for 3.num
node{mode: 100644, size: 2, pinum: 15, count: 0}
looking for 4.num
node{mode: 100644, size: 2, pinum: 15, count: 0}
looking for 5.num
node{mode: 100644, size: 2, pinum: 15, count: 0}
looking for 6.num
node{mode: 100644, size: 2, pinum: 15, count: 0}
looking for 7.num
node{mode: 100644, size: 2, pinum: 15, count: 0}
looking for 8.num
node{mode: 100644, size: 2, pinum: 15, count: 0}
looking for 9.num
node{mode: 100644, size: 2, pinum: 15, count: 0}
looking for 10.num
node{mode: 100644, size: 3, pinum: 15, count: 0}
looking for 11.num
node{mode: 100644, size: 3, pinum: 15, count: 0}
looking for 12.num
node{mode: 100644, size: 3, pinum: 15, count: 0}
looking for 13.num
node{mode: 100644, size: 3, pinum: 15, count: 0}
looking for 14.num
node{mode: 100644, size: 3, pinum: 15, count: 0}
looking for 15.num
node{mode: 100644, size: 3, pinum: 15, count: 0}
looking for 16.num
node{mode: 100644, size: 3, pinum: 15, count: 0}
looking for 17.num
node{mode: 100644, size: 3, pinum: 15, count: 0}
looking for 18.num
node{mode: 100644, size: 3, pinum: 15, count: 0}
looking for 19.num
node{mode: 100644, size: 3, pinum: 15, count: 0}
looking for 20.num
node{mode: 100644, size: 3, pinum: 15, count: 0}
looking for 21.num
node{mode: 100644, size: 3, pinum: 15, count: 0}
looking for 22.num
node{mode: 100644, size: 3, pinum: 15, count: 0}
looking for 23.num
node{mode: 100644, size: 3, pinum: 15, count: 0}
looking for 24.num
node{mode: 100644, size: 3, pinum: 15, count: 0}
looking for 25.num
node{mode: 100644, size: 3, pinum: 15, count: 0}
looking for 26.num
node{mode: 100644, size: 3, pinum: 15, count: 0}
looking for 27.num
node{mode: 100644, size: 3, pinum: 15, count: 0}
looking for 28.num
node{mode: 100644, size: 3, pinum: 15, count: 0}
looking for 29.num
node{mode: 100644, size: 3, pinum: 15, count: 0}
looking for 30.num
node{mode: 100644, size: 3, pinum: 15, count: 0}
looking for 31.num
node{mode: 100644, size: 3, pinum: 15, count: 0}
looking for 32.num
node{mode: 100644, size: 3, pinum: 15, count: 0}
looking for 33.num
node{mode: 100644, size: 3, pinum: 15, count: 0}
looking for 34.num
node{mode: 100644, size: 3, pinum: 15, count: 0}
looking for 35.num
node{mode: 100644, size: 3, pinum: 15, count: 0}
looking for 36.num
node{mode: 100644, size: 3, pinum: 15, count: 0}
looking for 37.num
node{mode: 100644, size: 3, pinum: 15, count: 0}
looking for 38.num
node{mode: 100644, size: 3, pinum: 15, count: 0}
looking for 39.num
node{mode: 100644, size: 3, pinum: 15, count: 0}
looking for 40.num
node{mode: 100644, size: 3, pinum: 15, count: 0}
looking for 41.num
node{mode: 100644, size: 3, pinum: 15, count: 0}
looking for 42.num
node{mode: 100644, size: 3, pinum: 15, count: 0}
looking for 43.num
node{mode: 100644, size: 3, pinum: 15, count: 0}
looking for 44.num
node{mode: 100644, size: 3, pinum: 15, count: 0}
looking for 45.num
node{mode: 100644, size: 3, pinum: 15, count: 0}
looking for 46.num
node{mode: 100644, size: 3, pinum: 15, count: 0}
looking for 47.num
node{mode: 100644, size: 3, pinum: 15, count: 0}
looking for 48.num
node{mode: 100644, size: 3, pinum: 15, count: 0}
looking for 49.num
node{mode: 100644, size: 3, pinum: 15, count: 0}
looking for 50.num
node{mode: 100644, size: 3, pinum: 15, count: 0}
+ looking at path: 'numbers'
+ storage_stat(/numbers)
looking for numbers
+ storage_stat(/numbers); inode 15
node{mode: 40755, size: 0, pinum: 0, count: 50}
+ looking at path: 'dir1'
+ storage_stat(/dir1)
looking for dir1
+ storage_stat(/dir1); inode 9
node{mode: 40755, size: 0, pinum: 0, count: 1}
+ looking at path: '2k.txt'
+ storage_stat(/2k.txt)
looking for 2k.txt
+ storage_stat(/2k.txt); inode 8
node{mode: 100644, size: 2001, pinum: 0, count: 0}
+ looking at path: '40k.txt'
+ storage_stat(/40k.txt)
looking for 40k.txt
+ storage_stat(/40k.txt); inode 7
node{mode: 100644, size: 40001, pinum: 0, count: 0}
+ looking at path: 'foo'
+ storage_stat(/foo)
looking for foo
+ storage_stat(/foo); inode 6
node{mode: 40755, size: 0, pinum: 0, count: 0}
+ looking at path: 'root.txt'
+ storage_stat(/root.txt)
looking for root.txt
+ storage_stat(/root.txt); inode 5
node{mode: 100644, size: 0, pinum: 0, count: 0}
+ looking at path: 'a'
+ storage_stat(/a)
looking for a
+ storage_stat(/a); inode 1
node{mode: 40755, size: 0, pinum: 0, count: 1}
readdir(/) -> 0
+ storage_stat(/)
+ storage_stat(/); inode 1
node{mode: 40755, size: 0, pinum: 0, count: 1}
getattr(/) -> (0) {mode: 40755, size: 0}
1.path in cow : /
+ storage_stat(/)
+ storage_stat(/); inode 1
node{mode: 40755, size: 0, pinum: 0, count: 1}
+ directory_list()
path in dirlist : /
result of path=1
root
looking for a
node{mode: 40755, size: 0, pinum: 0, count: 1}
 - 1: a [1]
looking for b
node{mode: 40755, size: 0, pinum: 1, count: 2}
looking for hek.txt
node{mode: 100644, size: 0, pinum: 2, count: 0}
looking for c
node{mode: 40755, size: 0, pinum: 2, count: 0}
looking for root.txt
node{mode: 100644, size: 0, pinum: 0, count: 0}
 - 5: root.txt [5]
looking for foo
node{mode: 40755, size: 0, pinum: 0, count: 0}
 - 6: foo [6]
looking for 40k.txt
node{mode: 100644, size: 40001, pinum: 0, count: 0}
 - 7: 40k.txt [7]
looking for 2k.txt
node{mode: 100644, size: 2001, pinum: 0, count: 0}
 - 8: 2k.txt [8]
looking for dir1
node{mode: 40755, size: 0, pinum: 0, count: 1}
 - 9: dir1 [9]
looking for dir2
node{mode: 40755, size: 0, pinum: 9, count: 1}
looking for dir3
node{mode: 40755, size: 0, pinum: 10, count: 1}
looking for dir4
node{mode: 40755, size: 0, pinum: 11, count: 1}
looking for dir5
node{mode: 40755, size: 0, pinum: 12, count: 1}
looking for hello.txt
node{mode: 100644, size: 12, pinum: 13, count: 0}
looking for numbers
node{mode: 40755, size: 0, pinum: 0, count: 50}
 - 15: numbers [15]
looking for 1.num
node{mode: 100644, size: 2, pinum: 15, count: 0}
looking for 2.num
node{mode: 100644, size: 2, pinum: 15, count: 0}
looking for 3.num
node{mode: 100644, size: 2, pinum: 15, count: 0}
looking for 4.num
node{mode: 100644, size: 2, pinum: 15, count: 0}
looking for 5.num
node{mode: 100644, size: 2, pinum: 15, count: 0}
looking for 6.num
node{mode: 100644, size: 2, pinum: 15, count: 0}
looking for 7.num
node{mode: 100644, size: 2, pinum: 15, count: 0}
looking for 8.num
node{mode: 100644, size: 2, pinum: 15, count: 0}
looking for 9.num
node{mode: 100644, size: 2, pinum: 15, count: 0}
looking for 10.num
node{mode: 100644, size: 3, pinum: 15, count: 0}
looking for 11.num
node{mode: 100644, size: 3, pinum: 15, count: 0}
looking for 12.num
node{mode: 100644, size: 3, pinum: 15, count: 0}
looking for 13.num
node{mode: 100644, size: 3, pinum: 15, count: 0}
looking for 14.num
node{mode: 100644, size: 3, pinum: 15, count: 0}
looking for 15.num
node{mode: 100644, size: 3, pinum: 15, count: 0}
looking for 16.num
node{mode: 100644, size: 3, pinum: 15, count: 0}
looking for 17.num
node{mode: 100644, size: 3, pinum: 15, count: 0}
looking for 18.num
node{mode: 100644, size: 3, pinum: 15, count: 0}
looking for 19.num
node{mode: 100644, size: 3, pinum: 15, count: 0}
looking for 20.num
node{mode: 100644, size: 3, pinum: 15, count: 0}
looking for 21.num
node{mode: 100644, size: 3, pinum: 15, count: 0}
looking for 22.num
node{mode: 100644, size: 3, pinum: 15, count: 0}
looking for 23.num
node{mode: 100644, size: 3, pinum: 15, count: 0}
looking for 24.num
node{mode: 100644, size: 3, pinum: 15, count: 0}
looking for 25.num
node{mode: 100644, size: 3, pinum: 15, count: 0}
looking for 26.num
node{mode: 100644, size: 3, pinum: 15, count: 0}
looking for 27.num
node{mode: 100644, size: 3, pinum: 15, count: 0}
looking for 28.num
node{mode: 100644, size: 3, pinum: 15, count: 0}
looking for 29.num
node{mode: 100644, size: 3, pinum: 15, count: 0}
looking for 30.num
node{mode: 100644, size: 3, pinum: 15, count: 0}
looking for 31.num
node{mode: 100644, size: 3, pinum: 15, count: 0}
looking for 32.num
node{mode: 100644, size: 3, pinum: 15, count: 0}
looking for 33.num
node{mode: 100644, size: 3, pinum: 15, count: 0}
looking for 34.num
node{mode: 100644, size: 3, pinum: 15, count: 0}
looking for 35.num
node{mode: 100644, size: 3, pinum: 15, count: 0}
looking for 36.num
node{mode: 100644, size: 3, pinum: 15, count: 0}
looking for 37.num
node{mode: 100644, size: 3, pinum: 15, count: 0}
looking for 38.num
node{mode: 100644, size: 3, pinum: 15, count: 0}
looking for 39.num
node{mode: 100644, size: 3, pinum: 15, count: 0}
looking for 40.num
node{mode: 100644, size: 3, pinum: 15, count: 0}
looking for 41.num
node{mode: 100644, size: 3, pinum: 15, count: 0}
looking for 42.num
node{mode: 100644, size: 3, pinum: 15, count: 0}
looking for 43.num
node{mode: 100644, size: 3, pinum: 15, count: 0}
looking for 44.num
node{mode: 100644, size: 3, pinum: 15, count: 0}
looking for 45.num
node{mode: 100644, size: 3, pinum: 15, count: 0}
looking for 46.num
node{mode: 100644, size: 3, pinum: 15, count: 0}
looking for 47.num
node{mode: 100644, size: 3, pinum: 15, count: 0}
looking for 48.num
node{mode: 100644, size: 3, pinum: 15, count: 0}
looking for 49.num
node{mode: 100644, size: 3, pinum: 15, count: 0}
looking for 50.num
node{mode: 100644, size: 3, pinum: 15, count: 0}
+ looking at path: 'numbers'
+ storage_stat(/numbers)
looking for numbers
+ storage_stat(/numbers); inode 15
node{mode: 40755, size: 0, pinum: 0, count: 50}
+ looking at path: 'dir1'
+ storage_stat(/dir1)
looking for dir1
+ storage_stat(/dir1); inode 9
node{mode: 40755, size: 0, pinum: 0, count: 1}
+ looking at path: '2k.txt'
+ storage_stat(/2k.txt)
looking for 2k.txt
+ storage_stat(/2k.txt); inode 8
node{mode: 100644, size: 2001, pinum: 0, count: 0}
+ looking at path: '40k.txt'
+ storage_stat(/40k.txt)
looking for 40k.txt
+ storage_stat(/40k.txt); inode 7
node{mode: 100644, size: 40001, pinum: 0, count: 0}
+ looking at path: 'foo'
+ storage_stat(/foo)
looking for foo
+ storage_stat(/foo); inode 6
node{mode: 40755, size: 0, pinum: 0, count: 0}
+ looking at path: 'root.txt'
+ storage_stat(/root.txt)
looking for root.txt
+ storage_stat(/root.txt); inode 5
node{mode: 100644, size: 0, pinum: 0, count: 0}
+ looking at path: 'a'
+ storage_stat(/a)
looking for a
+ storage_stat(/a); inode 1
node{mode: 40755, size: 0, pinum: 0, count: 1}
readdir(/) -> 0
+ storage_stat(/)
+ storage_stat(/); inode 1
node{mode: 40755, size: 0, pinum: 0, count: 1}
getattr(/) -> (0) {mode: 40755, size: 0}
1.path in cow : /
+ storage_stat(/)
+ storage_stat(/); inode 1
node{mode: 40755, size: 0, pinum: 0, count: 1}
+ directory_list()
path in dirlist : /
result of path=1
root
looking for a
node{mode: 40755, size: 0, pinum: 0, count: 1}
 - 1: a [1]
looking for b
node{mode: 40755, size: 0, pinum: 1, count: 2}
looking for hek.txt
node{mode: 100644, size: 0, pinum: 2, count: 0}
looking for c
node{mode: 40755, size: 0, pinum: 2, count: 0}
looking for root.txt
node{mode: 100644, size: 0, pinum: 0, count: 0}
 - 5: root.txt [5]
looking for foo
node{mode: 40755, size: 0, pinum: 0, count: 0}
 - 6: foo [6]
looking for 40k.txt
node{mode: 100644, size: 40001, pinum: 0, count: 0}
 - 7: 40k.txt [7]
looking for 2k.txt
node{mode: 100644, size: 2001, pinum: 0, count: 0}
 - 8: 2k.txt [8]
looking for dir1
node{mode: 40755, size: 0, pinum: 0, count: 1}
 - 9: dir1 [9]
looking for dir2
node{mode: 40755, size: 0, pinum: 9, count: 1}
looking for dir3
node{mode: 40755, size: 0, pinum: 10, count: 1}
looking for dir4
node{mode: 40755, size: 0, pinum: 11, count: 1}
looking for dir5
node{mode: 40755, size: 0, pinum: 12, count: 1}
looking for hello.txt
node{mode: 100644, size: 12, pinum: 13, count: 0}
looking for numbers
node{mode: 40755, size: 0, pinum: 0, count: 50}
 - 15: numbers [15]
looking for 1.num
node{mode: 100644, size: 2, pinum: 15, count: 0}
looking for 2.num
node{mode: 100644, size: 2, pinum: 15, count: 0}
looking for 3.num
node{mode: 100644, size: 2, pinum: 15, count: 0}
looking for 4.num
node{mode: 100644, size: 2, pinum: 15, count: 0}
looking for 5.num
node{mode: 100644, size: 2, pinum: 15, count: 0}
looking for 6.num
node{mode: 100644, size: 2, pinum: 15, count: 0}
looking for 7.num
node{mode: 100644, size: 2, pinum: 15, count: 0}
looking for 8.num
node{mode: 100644, size: 2, pinum: 15, count: 0}
looking for 9.num
node{mode: 100644, size: 2, pinum: 15, count: 0}
looking for 10.num
node{mode: 100644, size: 3, pinum: 15, count: 0}
looking for 11.num
node{mode: 100644, size: 3, pinum: 15, count: 0}
looking for 12.num
node{mode: 100644, size: 3, pinum: 15, count: 0}
looking for 13.num
node{mode: 100644, size: 3, pinum: 15, count: 0}
looking for 14.num
node{mode: 100644, size: 3, pinum: 15, count: 0}
looking for 15.num
node{mode: 100644, size: 3, pinum: 15, count: 0}
looking for 16.num
node{mode: 100644, size: 3, pinum: 15, count: 0}
looking for 17.num
node{mode: 100644, size: 3, pinum: 15, count: 0}
looking for 18.num
node{mode: 100644, size: 3, pinum: 15, count: 0}
looking for 19.num
node{mode: 100644, size: 3, pinum: 15, count: 0}
looking for 20.num
node{mode: 100644, size: 3, pinum: 15, count: 0}
looking for 21.num
node{mode: 100644, size: 3, pinum: 15, count: 0}
looking for 22.num
node{mode: 100644, size: 3, pinum: 15, count: 0}
looking for 23.num
node{mode: 100644, size: 3, pinum: 15, count: 0}
looking for 24.num
node{mode: 100644, size: 3, pinum: 15, count: 0}
looking for 25.num
node{mode: 100644, size: 3, pinum: 15, count: 0}
looking for 26.num
node{mode: 100644, size: 3, pinum: 15, count: 0}
looking for 27.num
node{mode: 100644, size: 3, pinum: 15, count: 0}
looking for 28.num
node{mode: 100644, size: 3, pinum: 15, count: 0}
looking for 29.num
node{mode: 100644, size: 3, pinum: 15, count: 0}
looking for 30.num
node{mode: 100644, size: 3, pinum: 15, count: 0}
looking for 31.num
node{mode: 100644, size: 3, pinum: 15, count: 0}
looking for 32.num
node{mode: 100644, size: 3, pinum: 15, count: 0}
looking for 33.num
node{mode: 100644, size: 3, pinum: 15, count: 0}
looking for 34.num
node{mode: 100644, size: 3, pinum: 15, count: 0}
looking for 35.num
node{mode: 100644, size: 3, pinum: 15, count: 0}
looking for 36.num
node{mode: 100644, size: 3, pinum: 15, count: 0}
looking for 37.num
node{mode: 100644, size: 3, pinum: 15, count: 0}
looking for 38.num
node{mode: 100644, size: 3, pinum: 15, count: 0}
looking for 39.num
node{mode: 100644, size: 3, pinum: 15, count: 0}
looking for 40.num
node{mode: 100644, size: 3, pinum: 15, count: 0}
looking for 41.num
node{mode: 100644, size: 3, pinum: 15, count: 0}
looking for 42.num
node{mode: 100644, size: 3, pinum: 15, count: 0}
looking for 43.num
node{mode: 100644, size: 3, pinum: 15, count: 0}
looking for 44.num
node{mode: 100644, size: 3, pinum: 15, count: 0}
looking for 45.num
node{mode: 100644, size: 3, pinum: 15, count: 0}
looking for 46.num
node{mode: 100644, size: 3, pinum: 15, count: 0}
looking for 47.num
node{mode: 100644, size: 3, pinum: 15, count: 0}
looking for 48.num
node{mode: 100644, size: 3, pinum: 15, count: 0}
looking for 49.num
node{mode: 100644, size: 3, pinum: 15, count: 0}
looking for 50.num
node{mode: 100644, size: 3, pinum: 15, count: 0}
+ looking at path: 'numbers'
+ storage_stat(/numbers)
looking for numbers
+ storage_stat(/numbers); inode 15
node{mode: 40755, size: 0, pinum: 0, count: 50}
+ looking at path: 'dir1'
+ storage_stat(/dir1)
looking for dir1
+ storage_stat(/dir1); inode 9
node{mode: 40755, size: 0, pinum: 0, count: 1}
+ looking at path: '2k.txt'
+ storage_stat(/2k.txt)
looking for 2k.txt
+ storage_stat(/2k.txt); inode 8
node{mode: 100644, size: 2001, pinum: 0, count: 0}
+ looking at path: '40k.txt'
+ storage_stat(/40k.txt)
looking for 40k.txt
+ storage_stat(/40k.txt); inode 7
node{mode: 100644, size: 40001, pinum: 0, count: 0}
+ looking at path: 'foo'
+ storage_stat(/foo)
looking for foo
+ storage_stat(/foo); inode 6
node{mode: 40755, size: 0, pinum: 0, count: 0}
+ looking at path: 'root.txt'
+ storage_stat(/root.txt)
looking for root.txt
+ storage_stat(/root.txt); inode 5
node{mode: 100644, size: 0, pinum: 0, count: 0}
+ looking at path: 'a'
+ storage_stat(/a)
looking for a
+ storage_stat(/a); inode 1
node{mode: 40755, size: 0, pinum: 0, count: 1}
readdir(/) -> 0
+ storage_stat(/)
+ storage_stat(/); inode 1
node{mode: 40755, size: 0, pinum: 0, count: 1}
getattr(/) -> (0) {mode: 40755, size: 0}
1.path in cow : /
+ storage_stat(/)
+ storage_stat(/); inode 1
node{mode: 40755, size: 0, pinum: 0, count: 1}
+ directory_list()
path in dirlist : /
result of path=1
root
looking for a
node{mode: 40755, size: 0, pinum: 0, count: 1}
 - 1: a [1]
looking for b
node{mode: 40755, size: 0, pinum: 1, count: 2}
looking for hek.txt
node{mode: 100644, size: 0, pinum: 2, count: 0}
looking for c
node{mode: 40755, size: 0, pinum: 2, count: 0}
looking for root.txt
node{mode: 100644, size: 0, pinum: 0, count: 0}
 - 5: root.txt [5]
looking for foo
node{mode: 40755, size: 0, pinum: 0, count: 0}
 - 6: foo [6]
looking for 40k.txt
node{mode: 100644, size: 40001, pinum: 0, count: 0}
 - 7: 40k.txt [7]
looking for 2k.txt
node{mode: 100644, size: 2001, pinum: 0, count: 0}
 - 8: 2k.txt [8]
looking for dir1
node{mode: 40755, size: 0, pinum: 0, count: 1}
 - 9: dir1 [9]
looking for dir2
node{mode: 40755, size: 0, pinum: 9, count: 1}
looking for dir3
node{mode: 40755, size: 0, pinum: 10, count: 1}
looking for dir4
node{mode: 40755, size: 0, pinum: 11, count: 1}
looking for dir5
node{mode: 40755, size: 0, pinum: 12, count: 1}
looking for hello.txt
node{mode: 100644, size: 12, pinum: 13, count: 0}
looking for numbers
node{mode: 40755, size: 0, pinum: 0, count: 50}
 - 15: numbers [15]
looking for 1.num
node{mode: 100644, size: 2, pinum: 15, count: 0}
looking for 2.num
node{mode: 100644, size: 2, pinum: 15, count: 0}
looking for 3.num
node{mode: 100644, size: 2, pinum: 15, count: 0}
looking for 4.num
node{mode: 100644, size: 2, pinum: 15, count: 0}
looking for 5.num
node{mode: 100644, size: 2, pinum: 15, count: 0}
looking for 6.num
node{mode: 100644, size: 2, pinum: 15, count: 0}
looking for 7.num
node{mode: 100644, size: 2, pinum: 15, count: 0}
looking for 8.num
node{mode: 100644, size: 2, pinum: 15, count: 0}
looking for 9.num
node{mode: 100644, size: 2, pinum: 15, count: 0}
looking for 10.num
node{mode: 100644, size: 3, pinum: 15, count: 0}
looking for 11.num
node{mode: 100644, size: 3, pinum: 15, count: 0}
looking for 12.num
node{mode: 100644, size: 3, pinum: 15, count: 0}
looking for 13.num
node{mode: 100644, size: 3, pinum: 15, count: 0}
looking for 14.num
node{mode: 100644, size: 3, pinum: 15, count: 0}
looking for 15.num
node{mode: 100644, size: 3, pinum: 15, count: 0}
looking for 16.num
node{mode: 100644, size: 3, pinum: 15, count: 0}
looking for 17.num
node{mode: 100644, size: 3, pinum: 15, count: 0}
looking for 18.num
node{mode: 100644, size: 3, pinum: 15, count: 0}
looking for 19.num
node{mode: 100644, size: 3, pinum: 15, count: 0}
looking for 20.num
node{mode: 100644, size: 3, pinum: 15, count: 0}
looking for 21.num
node{mode: 100644, size: 3, pinum: 15, count: 0}
looking for 22.num
node{mode: 100644, size: 3, pinum: 15, count: 0}
looking for 23.num
node{mode: 100644, size: 3, pinum: 15, count: 0}
looking for 24.num
node{mode: 100644, size: 3, pinum: 15, count: 0}
looking for 25.num
node{mode: 100644, size: 3, pinum: 15, count: 0}
looking for 26.num
node{mode: 100644, size: 3, pinum: 15, count: 0}
looking for 27.num
node{mode: 100644, size: 3, pinum: 15, count: 0}
looking for 28.num
node{mode: 100644, size: 3, pinum: 15, count: 0}
looking for 29.num
node{mode: 100644, size: 3, pinum: 15, count: 0}
looking for 30.num
node{mode: 100644, size: 3, pinum: 15, count: 0}
looking for 31.num
node{mode: 100644, size: 3, pinum: 15, count: 0}
looking for 32.num
node{mode: 100644, size: 3, pinum: 15, count: 0}
looking for 33.num
node{mode: 100644, size: 3, pinum: 15, count: 0}
looking for 34.num
node{mode: 100644, size: 3, pinum: 15, count: 0}
looking for 35.num
node{mode: 100644, size: 3, pinum: 15, count: 0}
looking for 36.num
node{mode: 100644, size: 3, pinum: 15, count: 0}
looking for 37.num
node{mode: 100644, size: 3, pinum: 15, count: 0}
looking for 38.num
node{mode: 100644, size: 3, pinum: 15, count: 0}
looking for 39.num
node{mode: 100644, size: 3, pinum: 15, count: 0}
looking for 40.num
node{mode: 100644, size: 3, pinum: 15, count: 0}
looking for 41.num
node{mode: 100644, size: 3, pinum: 15, count: 0}
looking for 42.num
node{mode: 100644, size: 3, pinum: 15, count: 0}
looking for 43.num
node{mode: 100644, size: 3, pinum: 15, count: 0}
looking for 44.num
node{mode: 100644, size: 3, pinum: 15, count: 0}
looking for 45.num
node{mode: 100644, size: 3, pinum: 15, count: 0}
looking for 46.num
node{mode: 100644, size: 3, pinum: 15, count: 0}
looking for 47.num
node{mode: 100644, size: 3, pinum: 15, count: 0}
looking for 48.num
node{mode: 100644, size: 3, pinum: 15, count: 0}
looking for 49.num
node{mode: 100644, size: 3, pinum: 15, count: 0}
looking for 50.num
node{mode: 100644, size: 3, pinum: 15, count: 0}
+ looking at path: 'numbers'
+ storage_stat(/numbers)
looking for numbers
+ storage_stat(/numbers); inode 15
node{mode: 40755, size: 0, pinum: 0, count: 50}
+ looking at path: 'dir1'
+ storage_stat(/dir1)
looking for dir1
+ storage_stat(/dir1); inode 9
node{mode: 40755, size: 0, pinum: 0, count: 1}
+ looking at path: '2k.txt'
+ storage_stat(/2k.txt)
looking for 2k.txt
+ storage_stat(/2k.txt); inode 8
node{mode: 100644, size: 2001, pinum: 0, count: 0}
+ looking at path: '40k.txt'
+ storage_stat(/40k.txt)
looking for 40k.txt
+ storage_stat(/40k.txt); inode 7
node{mode: 100644, size: 40001, pinum: 0, count: 0}
+ looking at path: 'foo'
+ storage_stat(/foo)
looking for foo
+ storage_stat(/foo); inode 6
node{mode: 40755, size: 0, pinum: 0, count: 0}
+ looking at path: 'root.txt'
+ storage_stat(/root.txt)
looking for root.txt
+ storage_stat(/root.txt); inode 5
node{mode: 100644, size: 0, pinum: 0, count: 0}
+ looking at path: 'a'
+ storage_stat(/a)
looking for a
+ storage_stat(/a); inode 1
node{mode: 40755, size: 0, pinum: 0, count: 1}
readdir(/) -> 0
+ storage_stat(/)
+ storage_stat(/); inode 1
node{mode: 40755, size: 0, pinum: 0, count: 1}
getattr(/) -> (0) {mode: 40755, size: 0}
1.path in cow : /
+ storage_stat(/)
+ storage_stat(/); inode 1
node{mode: 40755, size: 0, pinum: 0, count: 1}
+ directory_list()
path in dirlist : /
result of path=1
root
looking for a
node{mode: 40755, size: 0, pinum: 0, count: 1}
 - 1: a [1]
looking for b
node{mode: 40755, size: 0, pinum: 1, count: 2}
looking for hek.txt
node{mode: 100644, size: 0, pinum: 2, count: 0}
looking for c
node{mode: 40755, size: 0, pinum: 2, count: 0}
looking for root.txt
node{mode: 100644, size: 0, pinum: 0, count: 0}
 - 5: root.txt [5]
looking for foo
node{mode: 40755, size: 0, pinum: 0, count: 0}
 - 6: foo [6]
looking for 40k.txt
node{mode: 100644, size: 40001, pinum: 0, count: 0}
 - 7: 40k.txt [7]
looking for 2k.txt
node{mode: 100644, size: 2001, pinum: 0, count: 0}
 - 8: 2k.txt [8]
looking for dir1
node{mode: 40755, size: 0, pinum: 0, count: 1}
 - 9: dir1 [9]
looking for dir2
node{mode: 40755, size: 0, pinum: 9, count: 1}
looking for dir3
node{mode: 40755, size: 0, pinum: 10, count: 1}
looking for dir4
node{mode: 40755, size: 0, pinum: 11, count: 1}
looking for dir5
node{mode: 40755, size: 0, pinum: 12, count: 1}
looking for hello.txt
node{mode: 100644, size: 12, pinum: 13, count: 0}
looking for numbers
node{mode: 40755, size: 0, pinum: 0, count: 50}
 - 15: numbers [15]
looking for 1.num
node{mode: 100644, size: 2, pinum: 15, count: 0}
looking for 2.num
node{mode: 100644, size: 2, pinum: 15, count: 0}
looking for 3.num
node{mode: 100644, size: 2, pinum: 15, count: 0}
looking for 4.num
node{mode: 100644, size: 2, pinum: 15, count: 0}
looking for 5.num
node{mode: 100644, size: 2, pinum: 15, count: 0}
looking for 6.num
node{mode: 100644, size: 2, pinum: 15, count: 0}
looking for 7.num
node{mode: 100644, size: 2, pinum: 15, count: 0}
looking for 8.num
node{mode: 100644, size: 2, pinum: 15, count: 0}
looking for 9.num
node{mode: 100644, size: 2, pinum: 15, count: 0}
looking for 10.num
node{mode: 100644, size: 3, pinum: 15, count: 0}
looking for 11.num
node{mode: 100644, size: 3, pinum: 15, count: 0}
looking for 12.num
node{mode: 100644, size: 3, pinum: 15, count: 0}
looking for 13.num
node{mode: 100644, size: 3, pinum: 15, count: 0}
looking for 14.num
node{mode: 100644, size: 3, pinum: 15, count: 0}
looking for 15.num
node{mode: 100644, size: 3, pinum: 15, count: 0}
looking for 16.num
node{mode: 100644, size: 3, pinum: 15, count: 0}
looking for 17.num
node{mode: 100644, size: 3, pinum: 15, count: 0}
looking for 18.num
node{mode: 100644, size: 3, pinum: 15, count: 0}
looking for 19.num
node{mode: 100644, size: 3, pinum: 15, count: 0}
looking for 20.num
node{mode: 100644, size: 3, pinum: 15, count: 0}
looking for 21.num
node{mode: 100644, size: 3, pinum: 15, count: 0}
looking for 22.num
node{mode: 100644, size: 3, pinum: 15, count: 0}
looking for 23.num
node{mode: 100644, size: 3, pinum: 15, count: 0}
looking for 24.num
node{mode: 100644, size: 3, pinum: 15, count: 0}
looking for 25.num
node{mode: 100644, size: 3, pinum: 15, count: 0}
looking for 26.num
node{mode: 100644, size: 3, pinum: 15, count: 0}
looking for 27.num
node{mode: 100644, size: 3, pinum: 15, count: 0}
looking for 28.num
node{mode: 100644, size: 3, pinum: 15, count: 0}
looking for 29.num
node{mode: 100644, size: 3, pinum: 15, count: 0}
looking for 30.num
node{mode: 100644, size: 3, pinum: 15, count: 0}
looking for 31.num
node{mode: 100644, size: 3, pinum: 15, count: 0}
looking for 32.num
node{mode: 100644, size: 3, pinum: 15, count: 0}
looking for 33.num
node{mode: 100644, size: 3, pinum: 15, count: 0}
looking for 34.num
node{mode: 100644, size: 3, pinum: 15, count: 0}
looking for 35.num
node{mode: 100644, size: 3, pinum: 15, count: 0}
looking for 36.num
node{mode: 100644, size: 3, pinum: 15, count: 0}
looking for 37.num
node{mode: 100644, size: 3, pinum: 15, count: 0}
looking for 38.num
node{mode: 100644, size: 3, pinum: 15, count: 0}
looking for 39.num
node{mode: 100644, size: 3, pinum: 15, count: 0}
looking for 40.num
node{mode: 100644, size: 3, pinum: 15, count: 0}
looking for 41.num
node{mode: 100644, size: 3, pinum: 15, count: 0}
looking for 42.num
node{mode: 100644, size: 3, pinum: 15, count: 0}
looking for 43.num
node{mode: 100644, size: 3, pinum: 15, count: 0}
looking for 44.num
node{mode: 100644, size: 3, pinum: 15, count: 0}
looking for 45.num
node{mode: 100644, size: 3, pinum: 15, count: 0}
looking for 46.num
node{mode: 100644, size: 3, pinum: 15, count: 0}
looking for 47.num
node{mode: 100644, size: 3, pinum: 15, count: 0}
looking for 48.num
node{mode: 100644, size: 3, pinum: 15, count: 0}
looking for 49.num
node{mode: 100644, size: 3, pinum: 15, count: 0}
looking for 50.num
node{mode: 100644, size: 3, pinum: 15, count: 0}
+ looking at path: 'numbers'
+ storage_stat(/numbers)
looking for numbers
+ storage_stat(/numbers); inode 15
node{mode: 40755, size: 0, pinum: 0, count: 50}
+ looking at path: 'dir1'
+ storage_stat(/dir1)
looking for dir1
+ storage_stat(/dir1); inode 9
node{mode: 40755, size: 0, pinum: 0, count: 1}
+ looking at path: '2k.txt'
+ storage_stat(/2k.txt)
looking for 2k.txt
+ storage_stat(/2k.txt); inode 8
node{mode: 100644, size: 2001, pinum: 0, count: 0}
+ looking at path: '40k.txt'
+ storage_stat(/40k.txt)
looking for 40k.txt
+ storage_stat(/40k.txt); inode 7
node{mode: 100644, size: 40001, pinum: 0, count: 0}
+ looking at path: 'foo'
+ storage_stat(/foo)
looking for foo
+ storage_stat(/foo); inode 6
node{mode: 40755, size: 0, pinum: 0, count: 0}
+ looking at path: 'root.txt'
+ storage_stat(/root.txt)
looking for root.txt
+ storage_stat(/root.txt); inode 5
node{mode: 100644, size: 0, pinum: 0, count: 0}
+ looking at path: 'a'
+ storage_stat(/a)
looking for a
+ storage_stat(/a); inode 1
node{mode: 40755, size: 0, pinum: 0, count: 1}
readdir(/) -> 0
+ storage_stat(/)
+ storage_stat(/); inode 1
node{mode: 40755, size: 0, pinum: 0, count: 1}
getattr(/) -> (0) {mode: 40755, size: 0}
1.path in cow : /
+ storage_stat(/)
+ storage_stat(/); inode 1
node{mode: 40755, size: 0, pinum: 0, count: 1}
+ directory_list()
path in dirlist : /
result of path=1
root
looking for a
node{mode: 40755, size: 0, pinum: 0, count: 1}
 - 1: a [1]
looking for b
node{mode: 40755, size: 0, pinum: 1, count: 2}
looking for hek.txt
node{mode: 100644, size: 0, pinum: 2, count: 0}
looking for c
node{mode: 40755, size: 0, pinum: 2, count: 0}
looking for root.txt
node{mode: 100644, size: 0, pinum: 0, count: 0}
 - 5: root.txt [5]
looking for foo
node{mode: 40755, size: 0, pinum: 0, count: 0}
 - 6: foo [6]
looking for 40k.txt
node{mode: 100644, size: 40001, pinum: 0, count: 0}
 - 7: 40k.txt [7]
looking for 2k.txt
node{mode: 100644, size: 2001, pinum: 0, count: 0}
 - 8: 2k.txt [8]
looking for dir1
node{mode: 40755, size: 0, pinum: 0, count: 1}
 - 9: dir1 [9]
looking for dir2
node{mode: 40755, size: 0, pinum: 9, count: 1}
looking for dir3
node{mode: 40755, size: 0, pinum: 10, count: 1}
looking for dir4
node{mode: 40755, size: 0, pinum: 11, count: 1}
looking for dir5
node{mode: 40755, size: 0, pinum: 12, count: 1}
looking for hello.txt
node{mode: 100644, size: 12, pinum: 13, count: 0}
looking for numbers
node{mode: 40755, size: 0, pinum: 0, count: 50}
 - 15: numbers [15]
looking for 1.num
node{mode: 100644, size: 2, pinum: 15, count: 0}
looking for 2.num
node{mode: 100644, size: 2, pinum: 15, count: 0}
looking for 3.num
node{mode: 100644, size: 2, pinum: 15, count: 0}
looking for 4.num
node{mode: 100644, size: 2, pinum: 15, count: 0}
looking for 5.num
node{mode: 100644, size: 2, pinum: 15, count: 0}
looking for 6.num
node{mode: 100644, size: 2, pinum: 15, count: 0}
looking for 7.num
node{mode: 100644, size: 2, pinum: 15, count: 0}
looking for 8.num
node{mode: 100644, size: 2, pinum: 15, count: 0}
looking for 9.num
node{mode: 100644, size: 2, pinum: 15, count: 0}
looking for 10.num
node{mode: 100644, size: 3, pinum: 15, count: 0}
looking for 11.num
node{mode: 100644, size: 3, pinum: 15, count: 0}
looking for 12.num
node{mode: 100644, size: 3, pinum: 15, count: 0}
looking for 13.num
node{mode: 100644, size: 3, pinum: 15, count: 0}
looking for 14.num
node{mode: 100644, size: 3, pinum: 15, count: 0}
looking for 15.num
node{mode: 100644, size: 3, pinum: 15, count: 0}
looking for 16.num
node{mode: 100644, size: 3, pinum: 15, count: 0}
looking for 17.num
node{mode: 100644, size: 3, pinum: 15, count: 0}
looking for 18.num
node{mode: 100644, size: 3, pinum: 15, count: 0}
looking for 19.num
node{mode: 100644, size: 3, pinum: 15, count: 0}
looking for 20.num
node{mode: 100644, size: 3, pinum: 15, count: 0}
looking for 21.num
node{mode: 100644, size: 3, pinum: 15, count: 0}
looking for 22.num
node{mode: 100644, size: 3, pinum: 15, count: 0}
looking for 23.num
node{mode: 100644, size: 3, pinum: 15, count: 0}
looking for 24.num
node{mode: 100644, size: 3, pinum: 15, count: 0}
looking for 25.num
node{mode: 100644, size: 3, pinum: 15, count: 0}
looking for 26.num
node{mode: 100644, size: 3, pinum: 15, count: 0}
looking for 27.num
node{mode: 100644, size: 3, pinum: 15, count: 0}
looking for 28.num
node{mode: 100644, size: 3, pinum: 15, count: 0}
looking for 29.num
node{mode: 100644, size: 3, pinum: 15, count: 0}
looking for 30.num
node{mode: 100644, size: 3, pinum: 15, count: 0}
looking for 31.num
node{mode: 100644, size: 3, pinum: 15, count: 0}
looking for 32.num
node{mode: 100644, size: 3, pinum: 15, count: 0}
looking for 33.num
node{mode: 100644, size: 3, pinum: 15, count: 0}
looking for 34.num
node{mode: 100644, size: 3, pinum: 15, count: 0}
looking for 35.num
node{mode: 100644, size: 3, pinum: 15, count: 0}
looking for 36.num
node{mode: 100644, size: 3, pinum: 15, count: 0}
looking for 37.num
node{mode: 100644, size: 3, pinum: 15, count: 0}
looking for 38.num
node{mode: 100644, size: 3, pinum: 15, count: 0}
looking for 39.num
node{mode: 100644, size: 3, pinum: 15, count: 0}
looking for 40.num
node{mode: 100644, size: 3, pinum: 15, count: 0}
looking for 41.num
node{mode: 100644, size: 3, pinum: 15, count: 0}
looking for 42.num
node{mode: 100644, size: 3, pinum: 15, count: 0}
looking for 43.num
node{mode: 100644, size: 3, pinum: 15, count: 0}
looking for 44.num
node{mode: 100644, size: 3, pinum: 15, count: 0}
looking for 45.num
node{mode: 100644, size: 3, pinum: 15, count: 0}
looking for 46.num
node{mode: 100644, size: 3, pinum: 15, count: 0}
looking for 47.num
node{mode: 100644, size: 3, pinum: 15, count: 0}
looking for 48.num
node{mode: 100644, size: 3, pinum: 15, count: 0}
looking for 49.num
node{mode: 100644, size: 3, pinum: 15, count: 0}
looking for 50.num
node{mode: 100644, size: 3, pinum: 15, count: 0}
+ looking at path: 'numbers'
+ storage_stat(/numbers)
looking for numbers
+ storage_stat(/numbers); inode 15
node{mode: 40755, size: 0, pinum: 0, count: 50}
+ looking at path: 'dir1'
+ storage_stat(/dir1)
looking for dir1
+ storage_stat(/dir1); inode 9
node{mode: 40755, size: 0, pinum: 0, count: 1}
+ looking at path: '2k.txt'
+ storage_stat(/2k.txt)
looking for 2k.txt
+ storage_stat(/2k.txt); inode 8
node{mode: 100644, size: 2001, pinum: 0, count: 0}
+ looking at path: '40k.txt'
+ storage_stat(/40k.txt)
looking for 40k.txt
+ storage_stat(/40k.txt); inode 7
node{mode: 100644, size: 40001, pinum: 0, count: 0}
+ looking at path: 'foo'
+ storage_stat(/foo)
looking for foo
+ storage_stat(/foo); inode 6
node{mode: 40755, size: 0, pinum: 0, count: 0}
+ looking at path: 'root.txt'
+ storage_stat(/root.txt)
looking for root.txt
+ storage_stat(/root.txt); inode 5
node{mode: 100644, size: 0, pinum: 0, count: 0}
+ looking at path: 'a'
+ storage_stat(/a)
looking for a
+ storage_stat(/a); inode 1
node{mode: 40755, size: 0, pinum: 0, count: 1}
readdir(/) -> 0
+ storage_stat(/)
+ storage_stat(/); inode 1
node{mode: 40755, size: 0, pinum: 0, count: 1}
getattr(/) -> (0) {mode: 40755, size: 0}
1.path in cow : /
+ storage_stat(/)
+ storage_stat(/); inode 1
node{mode: 40755, size: 0, pinum: 0, count: 1}
+ directory_list()
path in dirlist : /
result of path=1
root
looking for a
node{mode: 40755, size: 0, pinum: 0, count: 1}
 - 1: a [1]
looking for b
node{mode: 40755, size: 0, pinum: 1, count: 2}
looking for hek.txt
node{mode: 100644, size: 0, pinum: 2, count: 0}
looking for c
node{mode: 40755, size: 0, pinum: 2, count: 0}
looking for root.txt
node{mode: 100644, size: 0, pinum: 0, count: 0}
 - 5: root.txt [5]
looking for foo
node{mode: 40755, size: 0, pinum: 0, count: 0}
 - 6: foo [6]
looking for 40k.txt
node{mode: 100644, size: 40001, pinum: 0, count: 0}
 - 7: 40k.txt [7]
looking for 2k.txt
node{mode: 100644, size: 2001, pinum: 0, count: 0}
 - 8: 2k.txt [8]
looking for dir1
node{mode: 40755, size: 0, pinum: 0, count: 1}
 - 9: dir1 [9]
looking for dir2
node{mode: 40755, size: 0, pinum: 9, count: 1}
looking for dir3
node{mode: 40755, size: 0, pinum: 10, count: 1}
looking for dir4
node{mode: 40755, size: 0, pinum: 11, count: 1}
looking for dir5
node{mode: 40755, size: 0, pinum: 12, count: 1}
looking for hello.txt
node{mode: 100644, size: 12, pinum: 13, count: 0}
looking for numbers
node{mode: 40755, size: 0, pinum: 0, count: 50}
 - 15: numbers [15]
looking for 1.num
node{mode: 100644, size: 2, pinum: 15, count: 0}
looking for 2.num
node{mode: 100644, size: 2, pinum: 15, count: 0}
looking for 3.num
node{mode: 100644, size: 2, pinum: 15, count: 0}
looking for 4.num
node{mode: 100644, size: 2, pinum: 15, count: 0}
looking for 5.num
node{mode: 100644, size: 2, pinum: 15, count: 0}
looking for 6.num
node{mode: 100644, size: 2, pinum: 15, count: 0}
looking for 7.num
node{mode: 100644, size: 2, pinum: 15, count: 0}
looking for 8.num
node{mode: 100644, size: 2, pinum: 15, count: 0}
looking for 9.num
node{mode: 100644, size: 2, pinum: 15, count: 0}
looking for 10.num
node{mode: 100644, size: 3, pinum: 15, count: 0}
looking for 11.num
node{mode: 100644, size: 3, pinum: 15, count: 0}
looking for 12.num
node{mode: 100644, size: 3, pinum: 15, count: 0}
looking for 13.num
node{mode: 100644, size: 3, pinum: 15, count: 0}
looking for 14.num
node{mode: 100644, size: 3, pinum: 15, count: 0}
looking for 15.num
node{mode: 100644, size: 3, pinum: 15, count: 0}
looking for 16.num
node{mode: 100644, size: 3, pinum: 15, count: 0}
looking for 17.num
node{mode: 100644, size: 3, pinum: 15, count: 0}
looking for 18.num
node{mode: 100644, size: 3, pinum: 15, count: 0}
looking for 19.num
node{mode: 100644, size: 3, pinum: 15, count: 0}
looking for 20.num
node{mode: 100644, size: 3, pinum: 15, count: 0}
looking for 21.num
node{mode: 100644, size: 3, pinum: 15, count: 0}
looking for 22.num
node{mode: 100644, size: 3, pinum: 15, count: 0}
looking for 23.num
node{mode: 100644, size: 3, pinum: 15, count: 0}
looking for 24.num
node{mode: 100644, size: 3, pinum: 15, count: 0}
looking for 25.num
node{mode: 100644, size: 3, pinum: 15, count: 0}
looking for 26.num
node{mode: 100644, size: 3, pinum: 15, count: 0}
looking for 27.num
node{mode: 100644, size: 3, pinum: 15, count: 0}
looking for 28.num
node{mode: 100644, size: 3, pinum: 15, count: 0}
looking for 29.num
node{mode: 100644, size: 3, pinum: 15, count: 0}
looking for 30.num
node{mode: 100644, size: 3, pinum: 15, count: 0}
looking for 31.num
node{mode: 100644, size: 3, pinum: 15, count: 0}
looking for 32.num
node{mode: 100644, size: 3, pinum: 15, count: 0}
looking for 33.num
node{mode: 100644, size: 3, pinum: 15, count: 0}
looking for 34.num
node{mode: 100644, size: 3, pinum: 15, count: 0}
looking for 35.num
node{mode: 100644, size: 3, pinum: 15, count: 0}
looking for 36.num
node{mode: 100644, size: 3, pinum: 15, count: 0}
looking for 37.num
node{mode: 100644, size: 3, pinum: 15, count: 0}
looking for 38.num
node{mode: 100644, size: 3, pinum: 15, count: 0}
looking for 39.num
node{mode: 100644, size: 3, pinum: 15, count: 0}
looking for 40.num
node{mode: 100644, size: 3, pinum: 15, count: 0}
looking for 41.num
node{mode: 100644, size: 3, pinum: 15, count: 0}
looking for 42.num
node{mode: 100644, size: 3, pinum: 15, count: 0}
looking for 43.num
node{mode: 100644, size: 3, pinum: 15, count: 0}
looking for 44.num
node{mode: 100644, size: 3, pinum: 15, count: 0}
looking for 45.num
node{mode: 100644, size: 3, pinum: 15, count: 0}
looking for 46.num
node{mode: 100644, size: 3, pinum: 15, count: 0}
looking for 47.num
node{mode: 100644, size: 3, pinum: 15, count: 0}
looking for 48.num
node{mode: 100644, size: 3, pinum: 15, count: 0}
looking for 49.num
node{mode: 100644, size: 3, pinum: 15, count: 0}
looking for 50.num
node{mode: 100644, size: 3, pinum: 15, count: 0}
+ looking at path: 'numbers'
+ storage_stat(/numbers)
looking for numbers
+ storage_stat(/numbers); inode 15
node{mode: 40755, size: 0, pinum: 0, count: 50}
+ looking at path: 'dir1'
+ storage_stat(/dir1)
looking for dir1
+ storage_stat(/dir1); inode 9
node{mode: 40755, size: 0, pinum: 0, count: 1}
+ looking at path: '2k.txt'
+ storage_stat(/2k.txt)
looking for 2k.txt
+ storage_stat(/2k.txt); inode 8
node{mode: 100644, size: 2001, pinum: 0, count: 0}
+ looking at path: '40k.txt'
+ storage_stat(/40k.txt)
looking for 40k.txt
+ storage_stat(/40k.txt); inode 7
node{mode: 100644, size: 40001, pinum: 0, count: 0}
+ looking at path: 'foo'
+ storage_stat(/foo)
looking for foo
+ storage_stat(/foo); inode 6
node{mode: 40755, size: 0, pinum: 0, count: 0}
+ looking at path: 'root.txt'
+ storage_stat(/root.txt)
looking for root.txt
+ storage_stat(/root.txt); inode 5
node{mode: 100644, size: 0, pinum: 0, count: 0}
+ looking at path: 'a'
+ storage_stat(/a)
looking for a
+ storage_stat(/a); inode 1
node{mode: 40755, size: 0, pinum: 0, count: 1}
readdir(/) -> 0
+ storage_stat(/)
+ storage_stat(/); inode 1
node{mode: 40755, size: 0, pinum: 0, count: 1}
getattr(/) -> (0) {mode: 40755, size: 0}
1.path in cow : /
+ storage_stat(/)
+ storage_stat(/); inode 1
node{mode: 40755, size: 0, pinum: 0, count: 1}
+ directory_list()
path in dirlist : /
result of path=1
root
looking for a
node{mode: 40755, size: 0, pinum: 0, count: 1}
 - 1: a [1]
looking for b
node{mode: 40755, size: 0, pinum: 1, count: 2}
looking for hek.txt
node{mode: 100644, size: 0, pinum: 2, count: 0}
looking for c
node{mode: 40755, size: 0, pinum: 2, count: 0}
looking for root.txt
node{mode: 100644, size: 0, pinum: 0, count: 0}
 - 5: root.txt [5]
looking for foo
node{mode: 40755, size: 0, pinum: 0, count: 0}
 - 6: foo [6]
looking for 40k.txt
node{mode: 100644, size: 40001, pinum: 0, count: 0}
 - 7: 40k.txt [7]
looking for 2k.txt
node{mode: 100644, size: 2001, pinum: 0, count: 0}
 - 8: 2k.txt [8]
looking for dir1
node{mode: 40755, size: 0, pinum: 0, count: 1}
 - 9: dir1 [9]
looking for dir2
node{mode: 40755, size: 0, pinum: 9, count: 1}
looking for dir3
node{mode: 40755, size: 0, pinum: 10, count: 1}
looking for dir4
node{mode: 40755, size: 0, pinum: 11, count: 1}
looking for dir5
node{mode: 40755, size: 0, pinum: 12, count: 1}
looking for hello.txt
node{mode: 100644, size: 12, pinum: 13, count: 0}
looking for numbers
node{mode: 40755, size: 0, pinum: 0, count: 50}
 - 15: numbers [15]
looking for 1.num
node{mode: 100644, size: 2, pinum: 15, count: 0}
looking for 2.num
node{mode: 100644, size: 2, pinum: 15, count: 0}
looking for 3.num
node{mode: 100644, size: 2, pinum: 15, count: 0}
looking for 4.num
node{mode: 100644, size: 2, pinum: 15, count: 0}
looking for 5.num
node{mode: 100644, size: 2, pinum: 15, count: 0}
looking for 6.num
node{mode: 100644, size: 2, pinum: 15, count: 0}
looking for 7.num
node{mode: 100644, size: 2, pinum: 15, count: 0}
looking for 8.num
node{mode: 100644, size: 2, pinum: 15, count: 0}
looking for 9.num
node{mode: 100644, size: 2, pinum: 15, count: 0}
looking for 10.num
node{mode: 100644, size: 3, pinum: 15, count: 0}
looking for 11.num
node{mode: 100644, size: 3, pinum: 15, count: 0}
looking for 12.num
node{mode: 100644, size: 3, pinum: 15, count: 0}
looking for 13.num
node{mode: 100644, size: 3, pinum: 15, count: 0}
looking for 14.num
node{mode: 100644, size: 3, pinum: 15, count: 0}
looking for 15.num
node{mode: 100644, size: 3, pinum: 15, count: 0}
looking for 16.num
node{mode: 100644, size: 3, pinum: 15, count: 0}
looking for 17.num
node{mode: 100644, size: 3, pinum: 15, count: 0}
looking for 18.num
node{mode: 100644, size: 3, pinum: 15, count: 0}
looking for 19.num
node{mode: 100644, size: 3, pinum: 15, count: 0}
looking for 20.num
node{mode: 100644, size: 3, pinum: 15, count: 0}
looking for 21.num
node{mode: 100644, size: 3, pinum: 15, count: 0}
looking for 22.num
node{mode: 100644, size: 3, pinum: 15, count: 0}
looking for 23.num
node{mode: 100644, size: 3, pinum: 15, count: 0}
looking for 24.num
node{mode: 100644, size: 3, pinum: 15, count: 0}
looking for 25.num
node{mode: 100644, size: 3, pinum: 15, count: 0}
looking for 26.num
node{mode: 100644, size: 3, pinum: 15, count: 0}
looking for 27.num
node{mode: 100644, size: 3, pinum: 15, count: 0}
looking for 28.num
node{mode: 100644, size: 3, pinum: 15, count: 0}
looking for 29.num
node{mode: 100644, size: 3, pinum: 15, count: 0}
looking for 30.num
node{mode: 100644, size: 3, pinum: 15, count: 0}
looking for 31.num
node{mode: 100644, size: 3, pinum: 15, count: 0}
looking for 32.num
node{mode: 100644, size: 3, pinum: 15, count: 0}
looking for 33.num
node{mode: 100644, size: 3, pinum: 15, count: 0}
looking for 34.num
node{mode: 100644, size: 3, pinum: 15, count: 0}
looking for 35.num
node{mode: 100644, size: 3, pinum: 15, count: 0}
looking for 36.num
node{mode: 100644, size: 3, pinum: 15, count: 0}
looking for 37.num
node{mode: 100644, size: 3, pinum: 15, count: 0}
looking for 38.num
node{mode: 100644, size: 3, pinum: 15, count: 0}
looking for 39.num
node{mode: 100644, size: 3, pinum: 15, count: 0}
looking for 40.num
node{mode: 100644, size: 3, pinum: 15, count: 0}
looking for 41.num
node{mode: 100644, size: 3, pinum: 15, count: 0}
looking for 42.num
node{mode: 100644, size: 3, pinum: 15, count: 0}
looking for 43.num
node{mode: 100644, size: 3, pinum: 15, count: 0}
looking for 44.num
node{mode: 100644, size: 3, pinum: 15, count: 0}
looking for 45.num
node{mode: 100644, size: 3, pinum: 15, count: 0}
looking for 46.num
node{mode: 100644, size: 3, pinum: 15, count: 0}
looking for 47.num
node{mode: 100644, size: 3, pinum: 15, count: 0}
looking for 48.num
node{mode: 100644, size: 3, pinum: 15, count: 0}
looking for 49.num
node{mode: 100644, size: 3, pinum: 15, count: 0}
looking for 50.num
node{mode: 100644, size: 3, pinum: 15, count: 0}
+ looking at path: 'numbers'
+ storage_stat(/numbers)
looking for numbers
+ storage_stat(/numbers); inode 15
node{mode: 40755, size: 0, pinum: 0, count: 50}
+ looking at path: 'dir1'
+ storage_stat(/dir1)
looking for dir1
+ storage_stat(/dir1); inode 9
node{mode: 40755, size: 0, pinum: 0, count: 1}
+ looking at path: '2k.txt'
+ storage_stat(/2k.txt)
looking for 2k.txt
+ storage_stat(/2k.txt); inode 8
node{mode: 100644, size: 2001, pinum: 0, count: 0}
+ looking at path: '40k.txt'
+ storage_stat(/40k.txt)
looking for 40k.txt
+ storage_stat(/40k.txt); inode 7
node{mode: 100644, size: 40001, pinum: 0, count: 0}
+ looking at path: 'foo'
+ storage_stat(/foo)
looking for foo
+ storage_stat(/foo); inode 6
node{mode: 40755, size: 0, pinum: 0, count: 0}
+ looking at path: 'root.txt'
+ storage_stat(/root.txt)
looking for root.txt
+ storage_stat(/root.txt); inode 5
node{mode: 100644, size: 0, pinum: 0, count: 0}
+ looking at path: 'a'
+ storage_stat(/a)
looking for a
+ storage_stat(/a); inode 1
node{mode: 40755, size: 0, pinum: 0, count: 1}
readdir(/) -> 0
+ storage_stat(/autorun.inf)
looking for autorun.inf
getattr(/autorun.inf) -> (-2) {mode: 0000, size: 0}
+ storage_stat(/)
+ storage_stat(/); inode 1
node{mode: 40755, size: 0, pinum: 0, count: 1}
getattr(/) -> (0) {mode: 40755, size: 0}
+ storage_stat(/numbers)
looking for numbers
+ storage_stat(/numbers); inode 15
node{mode: 40755, size: 0, pinum: 0, count: 50}
getattr(/numbers) -> (0) {mode: 40755, size: 0}
1.path in cow : /numbers
+ storage_stat(/numbers)
looking for numbers
+ storage_stat(/numbers); inode 15
node{mode: 40755, size: 0, pinum: 0, count: 50}
+ directory_list()
path in dirlist : /numbers
result of path=0
current directory returned is numbers
looking for numbers
current directory : numbers, directory lookup:15
node{mode: 40755, size: 0, pinum: 0, count: 50}
inode printing finished
ent = a
looking for a
node{mode: 40755, size: 0, pinum: 0, count: 1}
finished printing cnode
ent = b
looking for b
node{mode: 40755, size: 0, pinum: 1, count: 2}
finished printing cnode
ent = hek.txt
looking for hek.txt
node{mode: 100644, size: 0, pinum: 2, count: 0}
finished printing cnode
ent = c
looking for c
node{mode: 40755, size: 0, pinum: 2, count: 0}
finished printing cnode
ent = root.txt
looking for root.txt
node{mode: 100644, size: 0, pinum: 0, count: 0}
finished printing cnode
ent = foo
looking for foo
node{mode: 40755, size: 0, pinum: 0, count: 0}
finished printing cnode
ent = 40k.txt
looking for 40k.txt
node{mode: 100644, size: 40001, pinum: 0, count: 0}
finished printing cnode
ent = 2k.txt
looking for 2k.txt
node{mode: 100644, size: 2001, pinum: 0, count: 0}
finished printing cnode
ent = dir1
looking for dir1
node{mode: 40755, size: 0, pinum: 0, count: 1}
finished printing cnode
ent = dir2
looking for dir2
node{mode: 40755, size: 0, pinum: 9, count: 1}
finished printing cnode
ent = dir3
looking for dir3
node{mode: 40755, size: 0, pinum: 10, count: 1}
finished printing cnode
ent = dir4
looking for dir4
node{mode: 40755, size: 0, pinum: 11, count: 1}
finished printing cnode
ent = dir5
looking for dir5
node{mode: 40755, size: 0, pinum: 12, count: 1}
finished printing cnode
ent = hello.txt
looking for hello.txt
node{mode: 100644, size: 12, pinum: 13, count: 0}
finished printing cnode
ent = numbers
looking for numbers
node{mode: 40755, size: 0, pinum: 0, count: 50}
finished printing cnode
ent = 1.num
looking for 1.num
node{mode: 100644, size: 2, pinum: 15, count: 0}
finished printing cnode
ent = 1.num,cnode pinum : 15
 - 16: 1.num [16]
ent = 2.num
looking for 2.num
node{mode: 100644, size: 2, pinum: 15, count: 0}
finished printing cnode
ent = 2.num,cnode pinum : 15
 - 17: 2.num [17]
ent = 3.num
looking for 3.num
node{mode: 100644, size: 2, pinum: 15, count: 0}
finished printing cnode
ent = 3.num,cnode pinum : 15
 - 18: 3.num [18]
ent = 4.num
looking for 4.num
node{mode: 100644, size: 2, pinum: 15, count: 0}
finished printing cnode
ent = 4.num,cnode pinum : 15
 - 19: 4.num [19]
ent = 5.num
looking for 5.num
node{mode: 100644, size: 2, pinum: 15, count: 0}
finished printing cnode
ent = 5.num,cnode pinum : 15
 - 20: 5.num [20]
ent = 6.num
looking for 6.num
node{mode: 100644, size: 2, pinum: 15, count: 0}
finished printing cnode
ent = 6.num,cnode pinum : 15
 - 21: 6.num [21]
ent = 7.num
looking for 7.num
node{mode: 100644, size: 2, pinum: 15, count: 0}
finished printing cnode
ent = 7.num,cnode pinum : 15
 - 22: 7.num [22]
ent = 8.num
looking for 8.num
node{mode: 100644, size: 2, pinum: 15, count: 0}
finished printing cnode
ent = 8.num,cnode pinum : 15
 - 23: 8.num [23]
ent = 9.num
looking for 9.num
node{mode: 100644, size: 2, pinum: 15, count: 0}
finished printing cnode
ent = 9.num,cnode pinum : 15
 - 24: 9.num [24]
ent = 10.num
looking for 10.num
node{mode: 100644, size: 3, pinum: 15, count: 0}
finished printing cnode
ent = 10.num,cnode pinum : 15
 - 25: 10.num [25]
ent = 11.num
looking for 11.num
node{mode: 100644, size: 3, pinum: 15, count: 0}
finished printing cnode
ent = 11.num,cnode pinum : 15
 - 26: 11.num [26]
ent = 12.num
looking for 12.num
node{mode: 100644, size: 3, pinum: 15, count: 0}
finished printing cnode
ent = 12.num,cnode pinum : 15
 - 27: 12.num [27]
ent = 13.num
looking for 13.num
node{mode: 100644, size: 3, pinum: 15, count: 0}
finished printing cnode
ent = 13.num,cnode pinum : 15
 - 28: 13.num [28]
ent = 14.num
looking for 14.num
node{mode: 100644, size: 3, pinum: 15, count: 0}
finished printing cnode
ent = 14.num,cnode pinum : 15
 - 29: 14.num [29]
ent = 15.num
looking for 15.num
node{mode: 100644, size: 3, pinum: 15, count: 0}
finished printing cnode
ent = 15.num,cnode pinum : 15
 - 30: 15.num [30]
ent = 16.num
looking for 16.num
node{mode: 100644, size: 3, pinum: 15, count: 0}
finished printing cnode
ent = 16.num,cnode pinum : 15
 - 31: 16.num [31]
ent = 17.num
looking for 17.num
node{mode: 100644, size: 3, pinum: 15, count: 0}
finished printing cnode
ent = 17.num,cnode pinum : 15
 - 32: 17.num [32]
ent = 18.num
looking for 18.num
node{mode: 100644, size: 3, pinum: 15, count: 0}
finished printing cnode
ent = 18.num,cnode pinum : 15
 - 33: 18.num [33]
ent = 19.num
looking for 19.num
node{mode: 100644, size: 3, pinum: 15, count: 0}
finished printing cnode
ent = 19.num,cnode pinum : 15
 - 34: 19.num [34]
ent = 20.num
looking for 20.num
node{mode: 100644, size: 3, pinum: 15, count: 0}
finished printing cnode
ent = 20.num,cnode pinum : 15
 - 35: 20.num [35]
ent = 21.num
looking for 21.num
node{mode: 100644, size: 3, pinum: 15, count: 0}
finished printing cnode
ent = 21.num,cnode pinum : 15
 - 36: 21.num [36]
ent = 22.num
looking for 22.num
node{mode: 100644, size: 3, pinum: 15, count: 0}
finished printing cnode
ent = 22.num,cnode pinum : 15
 - 37: 22.num [37]
ent = 23.num
looking for 23.num
node{mode: 100644, size: 3, pinum: 15, count: 0}
finished printing cnode
ent = 23.num,cnode pinum : 15
 - 38: 23.num [38]
ent = 24.num
looking for 24.num
node{mode: 100644, size: 3, pinum: 15, count: 0}
finished printing cnode
ent = 24.num,cnode pinum : 15
 - 39: 24.num [39]
ent = 25.num
looking for 25.num
node{mode: 100644, size: 3, pinum: 15, count: 0}
finished printing cnode
ent = 25.num,cnode pinum : 15
 - 40: 25.num [40]
ent = 26.num
looking for 26.num
node{mode: 100644, size: 3, pinum: 15, count: 0}
finished printing cnode
ent = 26.num,cnode pinum : 15
 - 41: 26.num [41]
ent = 27.num
looking for 27.num
node{mode: 100644, size: 3, pinum: 15, count: 0}
finished printing cnode
ent = 27.num,cnode pinum : 15
 - 42: 27.num [42]
ent = 28.num
looking for 28.num
node{mode: 100644, size: 3, pinum: 15, count: 0}
finished printing cnode
ent = 28.num,cnode pinum : 15
 - 43: 28.num [43]
ent = 29.num
looking for 29.num
node{mode: 100644, size: 3, pinum: 15, count: 0}
finished printing cnode
ent = 29.num,cnode pinum : 15
 - 44: 29.num [44]
ent = 30.num
looking for 30.num
node{mode: 100644, size: 3, pinum: 15, count: 0}
finished printing cnode
ent = 30.num,cnode pinum : 15
 - 45: 30.num [45]
ent = 31.num
looking for 31.num
node{mode: 100644, size: 3, pinum: 15, count: 0}
finished printing cnode
ent = 31.num,cnode pinum : 15
 - 46: 31.num [46]
ent = 32.num
looking for 32.num
node{mode: 100644, size: 3, pinum: 15, count: 0}
finished printing cnode
ent = 32.num,cnode pinum : 15
 - 47: 32.num [47]
ent = 33.num
looking for 33.num
node{mode: 100644, size: 3, pinum: 15, count: 0}
finished printing cnode
ent = 33.num,cnode pinum : 15
 - 48: 33.num [48]
ent = 34.num
looking for 34.num
node{mode: 100644, size: 3, pinum: 15, count: 0}
finished printing cnode
ent = 34.num,cnode pinum : 15
 - 49: 34.num [49]
ent = 35.num
looking for 35.num
node{mode: 100644, size: 3, pinum: 15, count: 0}
finished printing cnode
ent = 35.num,cnode pinum : 15
 - 50: 35.num [50]
ent = 36.num
looking for 36.num
node{mode: 100644, size: 3, pinum: 15, count: 0}
finished printing cnode
ent = 36.num,cnode pinum : 15
 - 51: 36.num [51]
ent = 37.num
looking for 37.num
node{mode: 100644, size: 3, pinum: 15, count: 0}
finished printing cnode
ent = 37.num,cnode pinum : 15
 - 52: 37.num [52]
ent = 38.num
looking for 38.num
node{mode: 100644, size: 3, pinum: 15, count: 0}
finished printing cnode
ent = 38.num,cnode pinum : 15
 - 53: 38.num [53]
ent = 39.num
looking for 39.num
node{mode: 100644, size: 3, pinum: 15, count: 0}
finished printing cnode
ent = 39.num,cnode pinum : 15
 - 54: 39.num [54]
ent = 40.num
looking for 40.num
node{mode: 100644, size: 3, pinum: 15, count: 0}
finished printing cnode
ent = 40.num,cnode pinum : 15
 - 55: 40.num [55]
ent = 41.num
looking for 41.num
node{mode: 100644, size: 3, pinum: 15, count: 0}
finished printing cnode
ent = 41.num,cnode pinum : 15
 - 56: 41.num [56]
ent = 42.num
looking for 42.num
node{mode: 100644, size: 3, pinum: 15, count: 0}
finished printing cnode
ent = 42.num,cnode pinum : 15
 - 57: 42.num [57]
ent = 43.num
looking for 43.num
node{mode: 100644, size: 3, pinum: 15, count: 0}
finished printing cnode
ent = 43.num,cnode pinum : 15
 - 58: 43.num [58]
ent = 44.num
looking for 44.num
node{mode: 100644, size: 3, pinum: 15, count: 0}
finished printing cnode
ent = 44.num,cnode pinum : 15
 - 59: 44.num [59]
ent = 45.num
looking for 45.num
node{mode: 100644, size: 3, pinum: 15, count: 0}
finished printing cnode
ent = 45.num,cnode pinum : 15
 - 60: 45.num [60]
ent = 46.num
looking for 46.num
node{mode: 100644, size: 3, pinum: 15, count: 0}
finished printing cnode
ent = 46.num,cnode pinum : 15
 - 61: 46.num [61]
ent = 47.num
looking for 47.num
node{mode: 100644, size: 3, pinum: 15, count: 0}
finished printing cnode
ent = 47.num,cnode pinum : 15
 - 62: 47.num [62]
ent = 48.num
looking for 48.num
node{mode: 100644, size: 3, pinum: 15, count: 0}
finished printing cnode
ent = 48.num,cnode pinum : 15
 - 63: 48.num [63]
ent = 49.num
looking for 49.num
node{mode: 100644, size: 3, pinum: 15, count: 0}
finished printing cnode
ent = 49.num,cnode pinum : 15
 - 64: 49.num [64]
ent = 50.num
looking for 50.num
node{mode: 100644, size: 3, pinum: 15, count: 0}
finished printing cnode
ent = 50.num,cnode pinum : 15
 - 65: 50.num [65]
+ looking at path: '50.num'
+ storage_stat(/50.num)
looking for 50.num
+ storage_stat(/50.num); inode 65
node{mode: 100644, size: 3, pinum: 15, count: 0}
+ looking at path: '49.num'
+ storage_stat(/49.num)
looking for 49.num
+ storage_stat(/49.num); inode 64
node{mode: 100644, size: 3, pinum: 15, count: 0}
+ looking at path: '48.num'
+ storage_stat(/48.num)
looking for 48.num
+ storage_stat(/48.num); inode 63
node{mode: 100644, size: 3, pinum: 15, count: 0}
+ looking at path: '47.num'
+ storage_stat(/47.num)
looking for 47.num
+ storage_stat(/47.num); inode 62
node{mode: 100644, size: 3, pinum: 15, count: 0}
+ looking at path: '46.num'
+ storage_stat(/46.num)
looking for 46.num
+ storage_stat(/46.num); inode 61
node{mode: 100644, size: 3, pinum: 15, count: 0}
+ looking at path: '45.num'
+ storage_stat(/45.num)
looking for 45.num
+ storage_stat(/45.num); inode 60
node{mode: 100644, size: 3, pinum: 15, count: 0}
+ looking at path: '44.num'
+ storage_stat(/44.num)
looking for 44.num
+ storage_stat(/44.num); inode 59
node{mode: 100644, size: 3, pinum: 15, count: 0}
+ looking at path: '43.num'
+ storage_stat(/43.num)
looking for 43.num
+ storage_stat(/43.num); inode 58
node{mode: 100644, size: 3, pinum: 15, count: 0}
+ looking at path: '42.num'
+ storage_stat(/42.num)
looking for 42.num
+ storage_stat(/42.num); inode 57
node{mode: 100644, size: 3, pinum: 15, count: 0}
+ looking at path: '41.num'
+ storage_stat(/41.num)
looking for 41.num
+ storage_stat(/41.num); inode 56
node{mode: 100644, size: 3, pinum: 15, count: 0}
+ looking at path: '40.num'
+ storage_stat(/40.num)
looking for 40.num
+ storage_stat(/40.num); inode 55
node{mode: 100644, size: 3, pinum: 15, count: 0}
+ looking at path: '39.num'
+ storage_stat(/39.num)
looking for 39.num
+ storage_stat(/39.num); inode 54
node{mode: 100644, size: 3, pinum: 15, count: 0}
+ looking at path: '38.num'
+ storage_stat(/38.num)
looking for 38.num
+ storage_stat(/38.num); inode 53
node{mode: 100644, size: 3, pinum: 15, count: 0}
+ looking at path: '37.num'
+ storage_stat(/37.num)
looking for 37.num
+ storage_stat(/37.num); inode 52
node{mode: 100644, size: 3, pinum: 15, count: 0}
+ looking at path: '36.num'
+ storage_stat(/36.num)
looking for 36.num
+ storage_stat(/36.num); inode 51
node{mode: 100644, size: 3, pinum: 15, count: 0}
+ looking at path: '35.num'
+ storage_stat(/35.num)
looking for 35.num
+ storage_stat(/35.num); inode 50
node{mode: 100644, size: 3, pinum: 15, count: 0}
+ looking at path: '34.num'
+ storage_stat(/34.num)
looking for 34.num
+ storage_stat(/34.num); inode 49
node{mode: 100644, size: 3, pinum: 15, count: 0}
+ looking at path: '33.num'
+ storage_stat(/33.num)
looking for 33.num
+ storage_stat(/33.num); inode 48
node{mode: 100644, size: 3, pinum: 15, count: 0}
+ looking at path: '32.num'
+ storage_stat(/32.num)
looking for 32.num
+ storage_stat(/32.num); inode 47
node{mode: 100644, size: 3, pinum: 15, count: 0}
+ looking at path: '31.num'
+ storage_stat(/31.num)
looking for 31.num
+ storage_stat(/31.num); inode 46
node{mode: 100644, size: 3, pinum: 15, count: 0}
+ looking at path: '30.num'
+ storage_stat(/30.num)
looking for 30.num
+ storage_stat(/30.num); inode 45
node{mode: 100644, size: 3, pinum: 15, count: 0}
+ looking at path: '29.num'
+ storage_stat(/29.num)
looking for 29.num
+ storage_stat(/29.num); inode 44
node{mode: 100644, size: 3, pinum: 15, count: 0}
+ looking at path: '28.num'
+ storage_stat(/28.num)
looking for 28.num
+ storage_stat(/28.num); inode 43
node{mode: 100644, size: 3, pinum: 15, count: 0}
+ looking at path: '27.num'
+ storage_stat(/27.num)
looking for 27.num
+ storage_stat(/27.num); inode 42
node{mode: 100644, size: 3, pinum: 15, count: 0}
+ looking at path: '26.num'
+ storage_stat(/26.num)
looking for 26.num
+ storage_stat(/26.num); inode 41
node{mode: 100644, size: 3, pinum: 15, count: 0}
+ looking at path: '25.num'
+ storage_stat(/25.num)
looking for 25.num
+ storage_stat(/25.num); inode 40
node{mode: 100644, size: 3, pinum: 15, count: 0}
+ looking at path: '24.num'
+ storage_stat(/24.num)
looking for 24.num
+ storage_stat(/24.num); inode 39
node{mode: 100644, size: 3, pinum: 15, count: 0}
+ looking at path: '23.num'
+ storage_stat(/23.num)
looking for 23.num
+ storage_stat(/23.num); inode 38
node{mode: 100644, size: 3, pinum: 15, count: 0}
+ looking at path: '22.num'
+ storage_stat(/22.num)
looking for 22.num
+ storage_stat(/22.num); inode 37
node{mode: 100644, size: 3, pinum: 15, count: 0}
+ looking at path: '21.num'
+ storage_stat(/21.num)
looking for 21.num
+ storage_stat(/21.num); inode 36
node{mode: 100644, size: 3, pinum: 15, count: 0}
+ looking at path: '20.num'
+ storage_stat(/20.num)
looking for 20.num
+ storage_stat(/20.num); inode 35
node{mode: 100644, size: 3, pinum: 15, count: 0}
+ looking at path: '19.num'
+ storage_stat(/19.num)
looking for 19.num
+ storage_stat(/19.num); inode 34
node{mode: 100644, size: 3, pinum: 15, count: 0}
+ looking at path: '18.num'
+ storage_stat(/18.num)
looking for 18.num
+ storage_stat(/18.num); inode 33
node{mode: 100644, size: 3, pinum: 15, count: 0}
+ looking at path: '17.num'
+ storage_stat(/17.num)
looking for 17.num
+ storage_stat(/17.num); inode 32
node{mode: 100644, size: 3, pinum: 15, count: 0}
+ looking at path: '16.num'
+ storage_stat(/16.num)
looking for 16.num
+ storage_stat(/16.num); inode 31
node{mode: 100644, size: 3, pinum: 15, count: 0}
+ looking at path: '15.num'
+ storage_stat(/15.num)
looking for 15.num
+ storage_stat(/15.num); inode 30
node{mode: 100644, size: 3, pinum: 15, count: 0}
+ looking at path: '14.num'
+ storage_stat(/14.num)
looking for 14.num
+ storage_stat(/14.num); inode 29
node{mode: 100644, size: 3, pinum: 15, count: 0}
+ looking at path: '13.num'
+ storage_stat(/13.num)
looking for 13.num
+ storage_stat(/13.num); inode 28
node{mode: 100644, size: 3, pinum: 15, count: 0}
+ looking at path: '12.num'
+ storage_stat(/12.num)
looking for 12.num
+ storage_stat(/12.num); inode 27
node{mode: 100644, size: 3, pinum: 15, count: 0}
+ looking at path: '11.num'
+ storage_stat(/11.num)
looking for 11.num
+ storage_stat(/11.num); inode 26
node{mode: 100644, size: 3, pinum: 15, count: 0}
+ looking at path: '10.num'
+ storage_stat(/10.num)
looking for 10.num
+ storage_stat(/10.num); inode 25
node{mode: 100644, size: 3, pinum: 15, count: 0}
+ looking at path: '9.num'
+ storage_stat(/9.num)
looking for 9.num
+ storage_stat(/9.num); inode 24
node{mode: 100644, size: 2, pinum: 15, count: 0}
+ looking at path: '8.num'fusermount -u mnt || true

+ storage_stat(/8.num)
looking for 8.num
+ storage_stat(/8.num); inode 23
node{mode: 100644, size: 2, pinum: 15, count: 0}
+ looking at path: '7.num'
+ storage_stat(/7.num)
looking for 7.num
+ storage_stat(/7.num); inode 22
node{mode: 100644, size: 2, pinum: 15, count: 0}
+ looking at path: '6.num'
+ storage_stat(/6.num)
looking for 6.num
+ storage_stat(/6.num); inode 21
node{mode: 100644, size: 2, pinum: 15, count: 0}
+ looking at path: '5.num'
+ storage_stat(/5.num)
looking for 5.num
+ storage_stat(/5.num); inode 20
node{mode: 100644, size: 2, pinum: 15, count: 0}
+ looking at path: '4.num'
+ storage_stat(/4.num)
looking for 4.num
+ storage_stat(/4.num); inode 19
node{mode: 100644, size: 2, pinum: 15, count: 0}
+ looking at path: '3.num'
+ storage_stat(/3.num)
looking for 3.num
+ storage_stat(/3.num); inode 18
node{mode: 100644, size: 2, pinum: 15, count: 0}
+ looking at path: '2.num'
+ storage_stat(/2.num)
looking for 2.num
+ storage_stat(/2.num); inode 17
node{mode: 100644, size: 2, pinum: 15, count: 0}
+ looking at path: '1.num'
+ storage_stat(/1.num)
looking for 1.num
+ storage_stat(/1.num); inode 16
node{mode: 100644, size: 2, pinum: 15, count: 0}
readdir(/numbers) -> 0
